../Core/Src/main.c:482:13:MX_DMA_Init	8	static
../Core/Src/main.c:495:13:MX_GPIO_Init	16	static
../Core/Src/main.c:519:6:Error_Handler	0	static,ignoring_inline_asm
../Core/Src/main.c:323:13:MX_TIM1_Init	120	static
../Core/Src/main.c:178:13:MX_ADC1_Init	24	static
../Core/Src/main.c:436:13:MX_USART1_UART_Init	8	static
../Core/Src/main.c:405:13:MX_TIM14_Init	8	static
../Core/Src/main.c:257:13:MX_RTC_Init	32	static
../Core/Src/main.c:131:6:SystemClock_Config	8	static
../Core/Src/main.c:80:5:main	8	static
