Archive member included to satisfy reference by file (symbol)

C:/ST/STM32CubeIDE_1.18.1/STM32CubeIDE/plugins/com.st.stm32cube.ide.mcu.externaltools.gnu-tools-for-stm32.13.3.rel1.win32_1.0.0.202411081344/tools/bin/../lib/gcc/arm-none-eabi/13.3.1/../../../../arm-none-eabi/lib/thumb/v6-m/nofp\libc_nano.a(libc_a-exit.o)
                              C:/ST/STM32CubeIDE_1.18.1/STM32CubeIDE/plugins/com.st.stm32cube.ide.mcu.externaltools.gnu-tools-for-stm32.13.3.rel1.win32_1.0.0.202411081344/tools/bin/../lib/gcc/arm-none-eabi/13.3.1/../../../../arm-none-eabi/lib/thumb/v6-m/nofp/crt0.o (exit)
C:/ST/STM32CubeIDE_1.18.1/STM32CubeIDE/plugins/com.st.stm32cube.ide.mcu.externaltools.gnu-tools-for-stm32.13.3.rel1.win32_1.0.0.202411081344/tools/bin/../lib/gcc/arm-none-eabi/13.3.1/../../../../arm-none-eabi/lib/thumb/v6-m/nofp\libc_nano.a(libc_a-strtoul.o)
                              ./App/src/cli.o (strtoul)
C:/ST/STM32CubeIDE_1.18.1/STM32CubeIDE/plugins/com.st.stm32cube.ide.mcu.externaltools.gnu-tools-for-stm32.13.3.rel1.win32_1.0.0.202411081344/tools/bin/../lib/gcc/arm-none-eabi/13.3.1/../../../../arm-none-eabi/lib/thumb/v6-m/nofp\libc_nano.a(libc_a-ctype_.o)
                              C:/ST/STM32CubeIDE_1.18.1/STM32CubeIDE/plugins/com.st.stm32cube.ide.mcu.externaltools.gnu-tools-for-stm32.13.3.rel1.win32_1.0.0.202411081344/tools/bin/../lib/gcc/arm-none-eabi/13.3.1/../../../../arm-none-eabi/lib/thumb/v6-m/nofp\libc_nano.a(libc_a-strtoul.o) (_ctype_)
C:/ST/STM32CubeIDE_1.18.1/STM32CubeIDE/plugins/com.st.stm32cube.ide.mcu.externaltools.gnu-tools-for-stm32.13.3.rel1.win32_1.0.0.202411081344/tools/bin/../lib/gcc/arm-none-eabi/13.3.1/../../../../arm-none-eabi/lib/thumb/v6-m/nofp\libc_nano.a(libc_a-findfp.o)
                              C:/ST/STM32CubeIDE_1.18.1/STM32CubeIDE/plugins/com.st.stm32cube.ide.mcu.externaltools.gnu-tools-for-stm32.13.3.rel1.win32_1.0.0.202411081344/tools/bin/../lib/gcc/arm-none-eabi/13.3.1/../../../../arm-none-eabi/lib/thumb/v6-m/nofp\libc_nano.a(libc_a-exit.o) (__stdio_exit_handler)
C:/ST/STM32CubeIDE_1.18.1/STM32CubeIDE/plugins/com.st.stm32cube.ide.mcu.externaltools.gnu-tools-for-stm32.13.3.rel1.win32_1.0.0.202411081344/tools/bin/../lib/gcc/arm-none-eabi/13.3.1/../../../../arm-none-eabi/lib/thumb/v6-m/nofp\libc_nano.a(libc_a-fwalk.o)
                              C:/ST/STM32CubeIDE_1.18.1/STM32CubeIDE/plugins/com.st.stm32cube.ide.mcu.externaltools.gnu-tools-for-stm32.13.3.rel1.win32_1.0.0.202411081344/tools/bin/../lib/gcc/arm-none-eabi/13.3.1/../../../../arm-none-eabi/lib/thumb/v6-m/nofp\libc_nano.a(libc_a-findfp.o) (_fwalk_sglue)
C:/ST/STM32CubeIDE_1.18.1/STM32CubeIDE/plugins/com.st.stm32cube.ide.mcu.externaltools.gnu-tools-for-stm32.13.3.rel1.win32_1.0.0.202411081344/tools/bin/../lib/gcc/arm-none-eabi/13.3.1/../../../../arm-none-eabi/lib/thumb/v6-m/nofp\libc_nano.a(libc_a-stdio.o)
                              C:/ST/STM32CubeIDE_1.18.1/STM32CubeIDE/plugins/com.st.stm32cube.ide.mcu.externaltools.gnu-tools-for-stm32.13.3.rel1.win32_1.0.0.202411081344/tools/bin/../lib/gcc/arm-none-eabi/13.3.1/../../../../arm-none-eabi/lib/thumb/v6-m/nofp\libc_nano.a(libc_a-findfp.o) (__sread)
C:/ST/STM32CubeIDE_1.18.1/STM32CubeIDE/plugins/com.st.stm32cube.ide.mcu.externaltools.gnu-tools-for-stm32.13.3.rel1.win32_1.0.0.202411081344/tools/bin/../lib/gcc/arm-none-eabi/13.3.1/../../../../arm-none-eabi/lib/thumb/v6-m/nofp\libc_nano.a(libc_a-vsnprintf.o)
                              ./App/src/uart.o (vsnprintf)
C:/ST/STM32CubeIDE_1.18.1/STM32CubeIDE/plugins/com.st.stm32cube.ide.mcu.externaltools.gnu-tools-for-stm32.13.3.rel1.win32_1.0.0.202411081344/tools/bin/../lib/gcc/arm-none-eabi/13.3.1/../../../../arm-none-eabi/lib/thumb/v6-m/nofp\libc_nano.a(libc_a-memset.o)
                              C:/ST/STM32CubeIDE_1.18.1/STM32CubeIDE/plugins/com.st.stm32cube.ide.mcu.externaltools.gnu-tools-for-stm32.13.3.rel1.win32_1.0.0.202411081344/tools/bin/../lib/gcc/arm-none-eabi/13.3.1/../../../../arm-none-eabi/lib/thumb/v6-m/nofp/crt0.o (memset)
C:/ST/STM32CubeIDE_1.18.1/STM32CubeIDE/plugins/com.st.stm32cube.ide.mcu.externaltools.gnu-tools-for-stm32.13.3.rel1.win32_1.0.0.202411081344/tools/bin/../lib/gcc/arm-none-eabi/13.3.1/../../../../arm-none-eabi/lib/thumb/v6-m/nofp\libc_nano.a(libc_a-strncpy.o)
                              ./App/src/cli.o (strncpy)
C:/ST/STM32CubeIDE_1.18.1/STM32CubeIDE/plugins/com.st.stm32cube.ide.mcu.externaltools.gnu-tools-for-stm32.13.3.rel1.win32_1.0.0.202411081344/tools/bin/../lib/gcc/arm-none-eabi/13.3.1/../../../../arm-none-eabi/lib/thumb/v6-m/nofp\libc_nano.a(libc_a-strtok_r.o)
                              ./App/src/cli.o (strtok_r)
C:/ST/STM32CubeIDE_1.18.1/STM32CubeIDE/plugins/com.st.stm32cube.ide.mcu.externaltools.gnu-tools-for-stm32.13.3.rel1.win32_1.0.0.202411081344/tools/bin/../lib/gcc/arm-none-eabi/13.3.1/../../../../arm-none-eabi/lib/thumb/v6-m/nofp\libc_nano.a(libc_a-closer.o)
[...]
Memory Configuration

Name             Origin             Length             Attributes
RAM              0x20000000         0x00003000         xrw
FLASH            0x08000000         0x00008000         xr
*default*        0x00000000         0xffffffff

Linker script and memory map

LOAD C:/ST/STM32CubeIDE_1.18.1/STM32CubeIDE/plugins/com.st.stm32cube.ide.mcu.externaltools.gnu-tools-for-stm32.13.3.rel1.win32_1.0.0.202411081344/tools/bin/../lib/gcc/arm-none-eabi/13.3.1/thumb/v6-m/nofp/crti.o
LOAD C:/ST/STM32CubeIDE_1.18.1/STM32CubeIDE/plugins/com.st.stm32cube.ide.mcu.externaltools.gnu-tools-for-stm32.13.3.rel1.win32_1.0.0.202411081344/tools/bin/../lib/gcc/arm-none-eabi/13.3.1/thumb/v6-m/nofp/crtbegin.o
LOAD C:/ST/STM32CubeIDE_1.18.1/STM32CubeIDE/plugins/com.st.stm32cube.ide.mcu.externaltools.gnu-tools-for-stm32.13.3.rel1.win32_1.0.0.202411081344/tools/bin/../lib/gcc/arm-none-eabi/13.3.1/../../../../arm-none-eabi/lib/thumb/v6-m/nofp/crt0.o
LOAD ./App/ap.o
LOAD ./App/src/adc.o
LOAD ./App/src/button.o
LOAD ./App/src/cli.o
LOAD ./App/src/led.o
LOAD ./App/src/pwm.o
LOAD ./App/src/swtimer.o
LOAD ./App/src/uart.o
LOAD ./App/src/utils.o
LOAD ./Core/Src/main.o
LOAD ./Core/Src/stm32c0xx_hal_msp.o
LOAD ./Core/Src/stm32c0xx_it.o
LOAD ./Core/Src/syscalls.o
LOAD ./Core/Src/sysmem.o
LOAD ./Core/Src/system_stm32c0xx.o
LOAD ./Core/Startup/startup_stm32c031c6tx.o
LOAD ./Drivers/STM32C0xx_HAL_Driver/Src/stm32c0xx_hal.o
LOAD ./Drivers/STM32C0xx_HAL_Driver/Src/stm32c0xx_hal_adc.o
LOAD ./Drivers/STM32C0xx_HAL_Driver/Src/stm32c0xx_hal_adc_ex.o
LOAD ./Drivers/STM32C0xx_HAL_Driver/Src/stm32c0xx_hal_cortex.o
LOAD ./Drivers/STM32C0xx_HAL_Driver/Src/stm32c0xx_hal_dma.o
LOAD ./Drivers/STM32C0xx_HAL_Driver/Src/stm32c0xx_hal_dma_ex.o
LOAD ./Drivers/STM32C0xx_HAL_Driver/Src/stm32c0xx_hal_exti.o
LOAD ./Drivers/STM32C0xx_HAL_Driver/Src/stm32c0xx_hal_flash.o
LOAD ./Drivers/STM32C0xx_HAL_Driver/Src/stm32c0xx_hal_flash_ex.o
LOAD ./Drivers/STM32C0xx_HAL_Driver/Src/stm32c0xx_hal_gpio.o
LOAD ./Drivers/STM32C0xx_HAL_Driver/Src/stm32c0xx_hal_pwr.o
LOAD ./Drivers/STM32C0xx_HAL_Driver/Src/stm32c0xx_hal_pwr_ex.o
LOAD ./Drivers/STM32C0xx_HAL_Driver/Src/stm32c0xx_hal_rcc.o
LOAD ./Drivers/STM32C0xx_HAL_Driver/Src/stm32c0xx_hal_rcc_ex.o
LOAD ./Drivers/STM32C0xx_HAL_Driver/Src/stm32c0xx_hal_tim.o
LOAD ./Drivers/STM32C0xx_HAL_Driver/Src/stm32c0xx_hal_tim_ex.o
LOAD ./Drivers/STM32C0xx_HAL_Driver/Src/stm32c0xx_hal_uart.o
LOAD ./Drivers/STM32C0xx_HAL_Driver/Src/stm32c0xx_hal_uart_ex.o
LOAD ./Drivers/STM32C0xx_HAL_Driver/Src/stm32c0xx_ll_exti.o
LOAD ./Drivers/STM32C0xx_HAL_Driver/Src/stm32c0xx_ll_rcc.o
LOAD ./Drivers/STM32C0xx_HAL_Driver/Src/stm32c0xx_ll_utils.o
START GROUP
LOAD C:/ST/STM32CubeIDE_1.18.1/STM32CubeIDE/plugins/com.st.stm32cube.ide.mcu.externaltools.gnu-tools-for-stm32.13.3.rel1.win32_1.0.0.202411081344/tools/bin/../lib/gcc/arm-none-eabi/13.3.1/../../../../arm-none-eabi/lib/thumb/v6-m/nofp\libc_nano.a
LOAD C:/ST/STM32CubeIDE_1.18.1/STM32CubeIDE/plugins/com.st.stm32cube.ide.mcu.externaltools.gnu-tools-for-stm32.13.3.rel1.win32_1.0.0.202411081344/tools/bin/../lib/gcc/arm-none-eabi/13.3.1/../../../../arm-none-eabi/lib/thumb/v6-m/nofp\libm.a
END GROUP
START GROUP
LOAD C:/ST/STM32CubeIDE_1.18.1/STM32CubeIDE/plugins/com.st.stm32cube.ide.mcu.externaltools.gnu-tools-for-stm32.13.3.rel1.win32_1.0.0.202411081344/tools/bin/../lib/gcc/arm-none-eabi/13.3.1/thumb/v6-m/nofp\libgcc.a
LOAD C:/ST/STM32CubeIDE_1.18.1/STM32CubeIDE/plugins/com.st.stm32cube.ide.mcu.externaltools.gnu-tools-for-stm32.13.3.rel1.win32_1.0.0.202411081344/tools/bin/../lib/gcc/arm-none-eabi/13.3.1/../../../../arm-none-eabi/lib/thumb/v6-m/nofp\libc_nano.a
END GROUP
START GROUP
LOAD C:/ST/STM32CubeIDE_1.18.1/STM32CubeIDE/plugins/com.st.stm32cube.ide.mcu.externaltools.gnu-tools-for-stm32.13.3.rel1.win32_1.0.0.202411081344/tools/bin/../lib/gcc/arm-none-eabi/13.3.1/thumb/v6-m/nofp\libgcc.a
LOAD C:/ST/STM32CubeIDE_1.18.1/STM32CubeIDE/plugins/com.st.stm32cube.ide.mcu.externaltools.gnu-tools-for-stm32.13.3.rel1.win32_1.0.0.202411081344/tools/bin/../lib/gcc/arm-none-eabi/13.3.1/../../../../arm-none-eabi/lib/thumb/v6-m/nofp\libc_nano.a
LOAD C:/ST/STM32CubeIDE_1.18.1/STM32CubeIDE/plugins/com.st.stm32cube.ide.mcu.externaltools.gnu-tools-for-stm32.13.3.rel1.win32_1.0.0.202411081344/tools/bin/../lib/gcc/arm-none-eabi/13.3.1/../../../../arm-none-eabi/lib/thumb/v6-m/nofp\libnosys.a
END GROUP
START GROUP
LOAD C:/ST/STM32CubeIDE_1.18.1/STM32CubeIDE/plugins/com.st.stm32cube.ide.mcu.externaltools.gnu-tools-for-stm32.13.3.rel1.win32_1.0.0.202411081344/tools/bin/../lib/gcc/arm-none-eabi/13.3.1/thumb/v6-m/nofp\libgcc.a
LOAD C:/ST/STM32CubeIDE_1.18.1/STM32CubeIDE/plugins/com.st.stm32cube.ide.mcu.externaltools.gnu-tools-for-stm32.13.3.rel1.win32_1.0.0.202411081344/tools/bin/../lib/gcc/arm-none-eabi/13.3.1/../../../../arm-none-eabi/lib/thumb/v6-m/nofp\libc_nano.a
LOAD C:/ST/STM32CubeIDE_1.18.1/STM32CubeIDE/plugins/com.st.stm32cube.ide.mcu.externaltools.gnu-tools-for-stm32.13.3.rel1.win32_1.0.0.202411081344/tools/bin/../lib/gcc/arm-none-eabi/13.3.1/../../../../arm-none-eabi/lib/thumb/v6-m/nofp\libnosys.a
END GROUP
LOAD C:/ST/STM32CubeIDE_1.18.1/STM32CubeIDE/plugins/com.st.stm32cube.ide.mcu.externaltools.gnu-tools-for-stm32.13.3.rel1.win32_1.0.0.202411081344/tools/bin/../lib/gcc/arm-none-eabi/13.3.1/thumb/v6-m/nofp/crtend.o
LOAD C:/ST/STM32CubeIDE_1.18.1/STM32CubeIDE/plugins/com.st.stm32cube.ide.mcu.externaltools.gnu-tools-for-stm32.13.3.rel1.win32_1.0.0.202411081344/tools/bin/../lib/gcc/arm-none-eabi/13.3.1/thumb/v6-m/nofp/crtn.o
                0x20003000                        _estack = (ORIGIN (RAM) + LENGTH (RAM))
                0x00000200                        _Min_Heap_Size = 0x200
                0x00000400                        _Min_Stack_Size = 0x400

.isr_vector     0x08000000       0xc0
                0x08000000                        . = ALIGN (0x4)
 *(.isr_vector)
 .isr_vector    0x08000000       0xc0 ./Core/Startup/startup_stm32c031c6tx.o
                0x08000000                g_pfnVectors
                0x080000c0                        . = ALIGN (0x4)

.text           0x080000c0     0x3efc
                0x080000c0                        . = ALIGN (0x4)
 *(.text)
 .text          0x080000c0       0x48 C:/ST/STM32CubeIDE_1.18.1/STM32CubeIDE/plugins/com.st.stm32cube.ide.mcu.externaltools.gnu-tools-for-stm32.13.3.rel1.win32_1.0.0.202411081344/tools/bin/../lib/gcc/arm-none-eabi/13.3.1/thumb/v6-m/nofp/crtbegin.o
 .text          0x08000108       0x14 C:/ST/STM32CubeIDE_1.18.1/STM32CubeIDE/plugins/com.st.stm32cube.ide.mcu.externaltools.gnu-tools-for-stm32.13.3.rel1.win32_1.0.0.202411081344/tools/bin/../lib/gcc/arm-none-eabi/13.3.1/../../../../arm-none-eabi/lib/thumb/v6-m/nofp\libc_nano.a(libc_a-strcmp.o)
                0x08000108                strcmp
 .text          0x0800011c       0x14 C:/ST/STM32CubeIDE_1.18.1/STM32CubeIDE/plugins/com.st.stm32cube.ide.mcu.externaltools.gnu-tools-for-stm32.13.3.rel1.win32_1.0.0.202411081344/tools/bin/../lib/gcc/arm-none-eabi/13.3.1/thumb/v6-m/nofp\libgcc.a(_thumb1_case_shi.o)
                0x0800011c                __gnu_thumb1_case_shi
 .text          0x08000130      0x114 C:/ST/STM32CubeIDE_1.18.1/STM32CubeIDE/plugins/com.st.stm32cube.ide.mcu.externaltools.gnu-tools-for-stm32.13.3.rel1.win32_1.0.0.202411081344/tools/bin/../lib/gcc/arm-none-eabi/13.3.1/thumb/v6-m/nofp\libgcc.a(_udivsi3.o)
                0x08000130                __aeabi_uidiv
                0x08000130                __udivsi3
                0x0800023c                __aeabi_uidivmod
 .text          0x08000244      0x1d4 C:/ST/STM32CubeIDE_1.18.1/STM32CubeIDE/plugins/com.st.stm32cube.ide.mcu.externaltools.gnu-tools-for-stm32.13.3.rel1.win32_1.0.0.202411081344/tools/bin/../lib/gcc/arm-none-eabi/13.3.1/thumb/v6-m/nofp\libgcc.a(_divsi3.o)
                0x08000244                __divsi3
                0x08000244                __aeabi_idiv
                0x08000410                __aeabi_idivmod
 .text          0x08000418        0x4 C:/ST/STM32CubeIDE_1.18.1/STM32CubeIDE/plugins/com.st.stm32cube.ide.mcu.externaltools.gnu-tools-for-stm32.13.3.rel1.win32_1.0.0.202411081344/tools/bin/../lib/gcc/arm-none-eabi/13.3.1/thumb/v6-m/nofp\libgcc.a(_dvmd_tls.o)
                0x08000418                __aeabi_idiv0
                0x08000418                __aeabi_ldiv0
 *(.text*)
 .text.ledISR   0x0800041c        0xa ./App/ap.o
                0x0800041c                ledISR
 *fill*         0x08000426        0x2 
 .text.testISR  0x08000428       0x1c ./App/ap.o
                0x08000428                testISR
 .text.infoCli  0x08000444       0xe4 ./App/ap.o
 .text.apInit   0x08000528       0x90 ./App/ap.o
                0x08000528                apInit
 .text.apMain   0x080005b8       0x28 ./App/ap.o
                0x080005b8                apMain
 .text.adcInit  0x080005e0       0x20 ./App/src/adc.o
                0x080005e0                adcInit
 .text.adcRead  0x08000600        0xc ./App/src/adc.o
                0x08000600                adcRead
 .text.adcReadVoltage
                0x0800060c       0x14 ./App/src/adc.o
                0x0800060c                adcReadVoltage
 .text.buttonInit
                0x08000620        0x4 ./App/src/button.o
                0x08000620                buttonInit
 .text.buttonGetPressed
                0x08000624       0x38 ./App/src/button.o
                0x08000624                buttonGetPressed
 .text.cliAdd   0x0800065c       0x40 ./App/src/cli.o
                0x0800065c                cliAdd
 .text.cliInit  0x0800069c       0x34 ./App/src/cli.o
                0x0800069c                cliInit
 .text.cliPrintf
                0x080006d0       0x1a ./App/src/cli.o
                0x080006d0                cliPrintf
 *fill*         0x080006ea        0x2 
 .text.cliHelp  0x080006ec       0x40 ./App/src/cli.o
 .text.cliIsStr
                0x0800072c       0x12 ./App/src/cli.o
                0x0800072c                cliIsStr
 .text.cliGetData
                0x0800073e        0xc ./App/src/cli.o
                0x0800073e                cliGetData
 .text.cliKeepLoop
                0x0800074a       0x14 ./App/src/cli.o
                0x0800074a                cliKeepLoop
 *fill*         0x0800075e        0x2 
 .text.cliMain  0x08000760       0xfc ./App/src/cli.o
                0x08000760                cliMain
 .text.ledInit  0x0800085c        0x4 ./App/src/led.o
                0x0800085c                ledInit
 .text.ledOn    0x08000860       0x1c ./App/src/led.o
                0x08000860                ledOn
 .text.ledOff   0x0800087c       0x10 ./App/src/led.o
                0x0800087c                ledOff
 .text.ledToggle
                0x0800088c       0x20 ./App/src/led.o
                0x0800088c                ledToggle
 .text.ledSetDuty
                0x080008ac       0x10 ./App/src/led.o
                0x080008ac                ledSetDuty
 .text.pwmInit  0x080008bc       0x14 ./App/src/pwm.o
                0x080008bc                pwmInit
 .text.pwmWrite
                0x080008d0       0x10 ./App/src/pwm.o
                0x080008d0                pwmWrite
 .text.pwmRead  0x080008e0       0x18 ./App/src/pwm.o
                0x080008e0                pwmRead
 .text.swtimerInit
                0x080008f8       0x34 ./App/src/swtimer.o
                0x080008f8                swtimerInit
 .text.swtimerGetCh
                0x0800092c       0x1c ./App/src/swtimer.o
                0x0800092c                swtimerGetCh
 .text.swtimerSet
                0x08000948       0x30 ./App/src/swtimer.o
                0x08000948                swtimerSet
 .text.swtimerStart
                0x08000978       0x30 ./App/src/swtimer.o
                0x08000978                swtimerStart
 .text.swtimerISR
                0x080009a8       0x6c ./App/src/swtimer.o
                0x080009a8                swtimerISR
 .text.HAL_TIM_PeriodElapsedCallback
                0x08000a14       0x14 ./App/src/swtimer.o
                0x08000a14                HAL_TIM_PeriodElapsedCallback
 .text.uartInit
                0x08000a28       0x1c ./App/src/uart.o
                0x08000a28                uartInit
 .text.uartWrite
                0x08000a44       0x28 ./App/src/uart.o
                0x08000a44                uartWrite
 .text.uartAvailable
                0x08000a6c       0x44 ./App/src/uart.o
                0x08000a6c                uartAvailable
 .text.uartRead
                0x08000ab0       0x30 ./App/src/uart.o
                0x08000ab0                uartRead
 .text.uartPrintf
                0x08000ae0       0x32 ./App/src/uart.o
                0x08000ae0                uartPrintf
 .text.uartVPrintf
                0x08000b12       0x28 ./App/src/uart.o
                0x08000b12                uartVPrintf
 .text.delay    0x08000b3a        0x8 ./App/src/utils.o
                0x08000b3a                delay
 .text.millis   0x08000b42        0x8 ./App/src/utils.o
                0x08000b42                millis
 *fill*         0x08000b4a        0x2 
 .text.MX_DMA_Init
                0x08000b4c       0x1c ./Core/Src/main.o
 .text.MX_GPIO_Init
                0x08000b68       0x2c ./Core/Src/main.o
 .text.Error_Handler
                0x08000b94        0x4 ./Core/Src/main.o
                0x08000b94                Error_Handler
 .text.MX_TIM1_Init
                0x08000b98       0xf4 ./Core/Src/main.o
 .text.MX_ADC1_Init
                0x08000c8c       0xc4 ./Core/Src/main.o
 .text.MX_USART1_UART_Init
                0x08000d50       0x68 ./Core/Src/main.o
 .text.MX_TIM14_Init
                0x08000db8       0x34 ./Core/Src/main.o
 .text.SystemClock_Config
                0x08000dec       0xac ./Core/Src/main.o
                0x08000dec                SystemClock_Config
 .text.main     0x08000e98       0x2c ./Core/Src/main.o
                0x08000e98                main
 .text.HAL_MspInit
                0x08000ec4       0x30 ./Core/Src/stm32c0xx_hal_msp.o
                0x08000ec4                HAL_MspInit
 .text.HAL_ADC_MspInit
                0x08000ef4       0xa4 ./Core/Src/stm32c0xx_hal_msp.o
                0x08000ef4                HAL_ADC_MspInit
 .text.HAL_TIM_Base_MspInit
                0x08000f98       0x60 ./Core/Src/stm32c0xx_hal_msp.o
                0x08000f98                HAL_TIM_Base_MspInit
 .text.HAL_TIM_MspPostInit
                0x08000ff8       0x50 ./Core/Src/stm32c0xx_hal_msp.o
                0x08000ff8                HAL_TIM_MspPostInit
 .text.HAL_UART_MspInit
                0x08001048       0xa0 ./Core/Src/stm32c0xx_hal_msp.o
                0x08001048                HAL_UART_MspInit
 .text.NMI_Handler
                0x080010e8        0x2 ./Core/Src/stm32c0xx_it.o
                0x080010e8                NMI_Handler
 .text.HardFault_Handler
                0x080010ea        0x2 ./Core/Src/stm32c0xx_it.o
                0x080010ea                HardFault_Handler
 .text.SVC_Handler
                0x080010ec        0x2 ./Core/Src/stm32c0xx_it.o
                0x080010ec                SVC_Handler
 .text.PendSV_Handler
                0x080010ee        0x2 ./Core/Src/stm32c0xx_it.o
                0x080010ee                PendSV_Handler
 .text.SysTick_Handler
                0x080010f0        0x8 ./Core/Src/stm32c0xx_it.o
                0x080010f0                SysTick_Handler
 .text.TIM14_IRQHandler
                0x080010f8       0x10 ./Core/Src/stm32c0xx_it.o
                0x080010f8                TIM14_IRQHandler
 .text._sbrk    0x08001108       0x48 ./Core/Src/sysmem.o
                0x08001108                _sbrk
 .text.SystemInit
                0x08001150       0x10 ./Core/Src/system_stm32c0xx.o
                0x08001150                SystemInit
 .text.Reset_Handler
                0x08001160       0x50 ./Core/Startup/startup_stm32c031c6tx.o
                0x08001160                Reset_Handler
 .text.Default_Handler
                0x080011b0        0x2 ./Core/Startup/startup_stm32c031c6tx.o
                0x080011b0                TIM1_CC_IRQHandler
                0x080011b0                I2C1_IRQHandler
                0x080011b0                DMAMUX1_IRQHandler
                0x080011b0                SPI1_IRQHandler
                0x080011b0                EXTI2_3_IRQHandler
                0x080011b0                ADC1_IRQHandler
                0x080011b0                TIM17_IRQHandler
                0x080011b0                RTC_IRQHandler
                0x080011b0                TIM16_IRQHandler
                0x080011b0                TIM3_IRQHandler
                0x080011b0                EXTI4_15_IRQHandler
                0x080011b0                RCC_IRQHandler
                0x080011b0                DMA1_Channel1_IRQHandler
                0x080011b0                Default_Handler
                0x080011b0                EXTI0_1_IRQHandler
                0x080011b0                WWDG_IRQHandler
                0x080011b0                DMA1_Channel2_3_IRQHandler
                0x080011b0                USART2_IRQHandler
                0x080011b0                FLASH_IRQHandler
                0x080011b0                USART1_IRQHandler
                0x080011b0                TIM1_BRK_UP_TRG_COM_IRQHandler
 *fill*         0x080011b2        0x2 
 .text.HAL_InitTick
                0x080011b4       0x58 ./Drivers/STM32C0xx_HAL_Driver/Src/stm32c0xx_hal.o
                0x080011b4                HAL_InitTick
 .text.HAL_Init
                0x0800120c       0x28 ./Drivers/STM32C0xx_HAL_Driver/Src/stm32c0xx_hal.o
                0x0800120c                HAL_Init
 .text.HAL_IncTick
                0x08001234       0x18 ./Drivers/STM32C0xx_HAL_Driver/Src/stm32c0xx_hal.o
                0x08001234                HAL_IncTick
 .text.HAL_GetTick
                0x0800124c        0xc ./Drivers/STM32C0xx_HAL_Driver/Src/stm32c0xx_hal.o
                0x0800124c                HAL_GetTick
 .text.HAL_Delay
                0x08001258       0x24 ./Drivers/STM32C0xx_HAL_Driver/Src/stm32c0xx_hal.o
                0x08001258                HAL_Delay
 .text.HAL_ADC_Init
                0x0800127c      0x240 ./Drivers/STM32C0xx_HAL_Driver/Src/stm32c0xx_hal_adc.o
                0x0800127c                HAL_ADC_Init
 .text.HAL_ADC_ConvCpltCallback
                0x080014bc        0x2 ./Drivers/STM32C0xx_HAL_Driver/Src/stm32c0xx_hal_adc.o
                0x080014bc                HAL_ADC_ConvCpltCallback
 .text.HAL_ADC_ConvHalfCpltCallback
                0x080014be        0x2 ./Drivers/STM32C0xx_HAL_Driver/Src/stm32c0xx_hal_adc.o
                0x080014be                HAL_ADC_ConvHalfCpltCallback
 .text.ADC_DMAHalfConvCplt
                0x080014c0        0xa ./Drivers/STM32C0xx_HAL_Driver/Src/stm32c0xx_hal_adc.o
 .text.HAL_ADC_ErrorCallback
                0x080014ca        0x2 ./Drivers/STM32C0xx_HAL_Driver/Src/stm32c0xx_hal_adc.o
                0x080014ca                HAL_ADC_ErrorCallback
 .text.ADC_DMAError
                0x080014cc       0x1a ./Drivers/STM32C0xx_HAL_Driver/Src/stm32c0xx_hal_adc.o
 *fill*         0x080014e6        0x2 
 .text.ADC_DMAConvCplt
                0x080014e8       0x80 ./Drivers/STM32C0xx_HAL_Driver/Src/stm32c0xx_hal_adc.o
 .text.HAL_ADC_ConfigChannel
                0x08001568      0x280 ./Drivers/STM32C0xx_HAL_Driver/Src/stm32c0xx_hal_adc.o
                0x08001568                HAL_ADC_ConfigChannel
 .text.ADC_Enable
                0x080017e8       0xc8 ./Drivers/STM32C0xx_HAL_Driver/Src/stm32c0xx_hal_adc.o
                0x080017e8                ADC_Enable
 .text.HAL_ADC_Start_DMA
                0x080018b0       0xbc ./Drivers/STM32C0xx_HAL_Driver/Src/stm32c0xx_hal_adc.o
                0x080018b0                HAL_ADC_Start_DMA
 .text.ADC_Disable
                0x0800196c       0x8c ./Drivers/STM32C0xx_HAL_Driver/Src/stm32c0xx_hal_adc.o
                0x0800196c                ADC_Disable
 .text.HAL_ADCEx_Calibration_Start
                0x080019f8      0x17c ./Drivers/STM32C0xx_HAL_Driver/Src/stm32c0xx_hal_adc_ex.o
                0x080019f8                HAL_ADCEx_Calibration_Start
 .text.__NVIC_SetPriority
                0x08001b74       0x60 ./Drivers/STM32C0xx_HAL_Driver/Src/stm32c0xx_hal_cortex.o
 .text.SysTick_Config
                0x08001bd4       0x38 ./Drivers/STM32C0xx_HAL_Driver/Src/stm32c0xx_hal_cortex.o
 .text.HAL_NVIC_SetPriority
                0x08001c0c        0x8 ./Drivers/STM32C0xx_HAL_Driver/Src/stm32c0xx_hal_cortex.o
                0x08001c0c                HAL_NVIC_SetPriority
 .text.HAL_NVIC_EnableIRQ
                0x08001c14       0x18 ./Drivers/STM32C0xx_HAL_Driver/Src/stm32c0xx_hal_cortex.o
                0x08001c14                HAL_NVIC_EnableIRQ
 .text.HAL_SYSTICK_Config
                0x08001c2c        0x8 ./Drivers/STM32C0xx_HAL_Driver/Src/stm32c0xx_hal_cortex.o
                0x08001c2c                HAL_SYSTICK_Config
 .text.DMA_SetConfig
                0x08001c34       0x48 ./Drivers/STM32C0xx_HAL_Driver/Src/stm32c0xx_hal_dma.o
 .text.DMA_CalcDMAMUXChannelBaseAndMask
                0x08001c7c       0x38 ./Drivers/STM32C0xx_HAL_Driver/Src/stm32c0xx_hal_dma.o
 .text.DMA_CalcDMAMUXRequestGenBaseAndMask
                0x08001cb4       0x28 ./Drivers/STM32C0xx_HAL_Driver/Src/stm32c0xx_hal_dma.o
 .text.HAL_DMA_Init
                0x08001cdc       0xb0 ./Drivers/STM32C0xx_HAL_Driver/Src/stm32c0xx_hal_dma.o
                0x08001cdc                HAL_DMA_Init
 .text.HAL_DMA_Start_IT
                0x08001d8c       0x9e ./Drivers/STM32C0xx_HAL_Driver/Src/stm32c0xx_hal_dma.o
                0x08001d8c                HAL_DMA_Start_IT
 *fill*         0x08001e2a        0x2 
 .text.HAL_GPIO_Init
                0x08001e2c      0x1bc ./Drivers/STM32C0xx_HAL_Driver/Src/stm32c0xx_hal_gpio.o
                0x08001e2c                HAL_GPIO_Init
 .text.HAL_RCC_GetSysClockFreq
                0x08001fe8       0x60 ./Drivers/STM32C0xx_HAL_Driver/Src/stm32c0xx_hal_rcc.o
                0x08001fe8                HAL_RCC_GetSysClockFreq
 .text.HAL_RCC_GetHCLKFreq
                0x08002048       0x30 ./Drivers/STM32C0xx_HAL_Driver/Src/stm32c0xx_hal_rcc.o
                0x08002048                HAL_RCC_GetHCLKFreq
 .text.HAL_RCC_GetPCLK1Freq
                0x08002078       0x28 ./Drivers/STM32C0xx_HAL_Driver/Src/stm32c0xx_hal_rcc.o
                0x08002078                HAL_RCC_GetPCLK1Freq
 .text.TIM_OC1_SetConfig
                0x080020a0       0x80 ./Drivers/STM32C0xx_HAL_Driver/Src/stm32c0xx_hal_tim.o
 .text.TIM_OC3_SetConfig
                0x08002120       0x84 ./Drivers/STM32C0xx_HAL_Driver/Src/stm32c0xx_hal_tim.o
 .text.TIM_OC4_SetConfig
                0x080021a4       0x68 ./Drivers/STM32C0xx_HAL_Driver/Src/stm32c0xx_hal_tim.o
 .text.TIM_OC5_SetConfig
                0x0800220c       0x64 ./Drivers/STM32C0xx_HAL_Driver/Src/stm32c0xx_hal_tim.o
 .text.TIM_OC6_SetConfig
                0x08002270       0x68 ./Drivers/STM32C0xx_HAL_Driver/Src/stm32c0xx_hal_tim.o
 .text.TIM_TI1_ConfigInputStage
                0x080022d8       0x22 ./Drivers/STM32C0xx_HAL_Driver/Src/stm32c0xx_hal_tim.o
 *fill*         0x080022fa        0x2 
 .text.TIM_TI2_ConfigInputStage
                0x080022fc       0x28 ./Drivers/STM32C0xx_HAL_Driver/Src/stm32c0xx_hal_tim.o
 .text.TIM_ITRx_SetConfig
                0x08002324       0x14 ./Drivers/STM32C0xx_HAL_Driver/Src/stm32c0xx_hal_tim.o
 .text.HAL_TIM_Base_Start_IT
                0x08002338       0x68 ./Drivers/STM32C0xx_HAL_Driver/Src/stm32c0xx_hal_tim.o
                0x08002338                HAL_TIM_Base_Start_IT
 .text.HAL_TIM_OC_MspInit
                0x080023a0        0x2 ./Drivers/STM32C0xx_HAL_Driver/Src/stm32c0xx_hal_tim.o
                0x080023a0                HAL_TIM_OC_MspInit
 .text.HAL_TIM_OC_DelayElapsedCallback
                0x080023a2        0x2 ./Drivers/STM32C0xx_HAL_Driver/Src/stm32c0xx_hal_tim.o
                0x080023a2                HAL_TIM_OC_DelayElapsedCallback
 .text.HAL_TIM_IC_CaptureCallback
                0x080023a4        0x2 ./Drivers/STM32C0xx_HAL_Driver/Src/stm32c0xx_hal_tim.o
                0x080023a4                HAL_TIM_IC_CaptureCallback
 .text.HAL_TIM_PWM_PulseFinishedCallback
                0x080023a6        0x2 ./Drivers/STM32C0xx_HAL_Driver/Src/stm32c0xx_hal_tim.o
                0x080023a6                HAL_TIM_PWM_PulseFinishedCallback
 .text.HAL_TIM_TriggerCallback
                0x080023a8        0x2 ./Drivers/STM32C0xx_HAL_Driver/Src/stm32c0xx_hal_tim.o
                0x080023a8                HAL_TIM_TriggerCallback
 *fill*         0x080023aa        0x2 
 .text.HAL_TIM_IRQHandler
                0x080023ac      0x160 ./Drivers/STM32C0xx_HAL_Driver/Src/stm32c0xx_hal_tim.o
                0x080023ac                HAL_TIM_IRQHandler
 .text.TIM_Base_SetConfig
                0x0800250c       0x8c ./Drivers/STM32C0xx_HAL_Driver/Src/stm32c0xx_hal_tim.o
                0x0800250c                TIM_Base_SetConfig
 .text.HAL_TIM_Base_Init
                0x08002598       0x60 ./Drivers/STM32C0xx_HAL_Driver/Src/stm32c0xx_hal_tim.o
                0x08002598                HAL_TIM_Base_Init
 .text.HAL_TIM_OC_Init
                0x080025f8       0x60 ./Drivers/STM32C0xx_HAL_Driver/Src/stm32c0xx_hal_tim.o
                0x080025f8                HAL_TIM_OC_Init
 .text.TIM_OC2_SetConfig
                0x08002658       0x78 ./Drivers/STM32C0xx_HAL_Driver/Src/stm32c0xx_hal_tim.o
                0x08002658                TIM_OC2_SetConfig
 .text.HAL_TIM_OC_ConfigChannel
                0x080026d0       0x6c ./Drivers/STM32C0xx_HAL_Driver/Src/stm32c0xx_hal_tim.o
                0x080026d0                HAL_TIM_OC_ConfigChannel
 .text.TIM_ETR_SetConfig
                0x0800273c       0x18 ./Drivers/STM32C0xx_HAL_Driver/Src/stm32c0xx_hal_tim.o
                0x0800273c                TIM_ETR_SetConfig
 .text.HAL_TIM_ConfigClockSource
                0x08002754      0x108 ./Drivers/STM32C0xx_HAL_Driver/Src/stm32c0xx_hal_tim.o
                0x08002754                HAL_TIM_ConfigClockSource
 .text.TIM_CCxChannelCmd
                0x0800285c       0x1a ./Drivers/STM32C0xx_HAL_Driver/Src/stm32c0xx_hal_tim.o
                0x0800285c                TIM_CCxChannelCmd
 *fill*         0x08002876        0x2 
 .text.HAL_TIM_PWM_Start
                0x08002878      0x124 ./Drivers/STM32C0xx_HAL_Driver/Src/stm32c0xx_hal_tim.o
                0x08002878                HAL_TIM_PWM_Start
 .text.HAL_TIMEx_MasterConfigSynchronization
                0x0800299c       0x70 ./Drivers/STM32C0xx_HAL_Driver/Src/stm32c0xx_hal_tim_ex.o
                0x0800299c                HAL_TIMEx_MasterConfigSynchronization
 .text.HAL_TIMEx_ConfigBreakDeadTime
                0x08002a0c       0xc4 ./Drivers/STM32C0xx_HAL_Driver/Src/stm32c0xx_hal_tim_ex.o
                0x08002a0c                HAL_TIMEx_ConfigBreakDeadTime
 .text.HAL_TIMEx_CommutCallback
                0x08002ad0        0x2 ./Drivers/STM32C0xx_HAL_Driver/Src/stm32c0xx_hal_tim_ex.o
                0x08002ad0                HAL_TIMEx_CommutCallback
 .text.HAL_TIMEx_BreakCallback
                0x08002ad2        0x2 ./Drivers/STM32C0xx_HAL_Driver/Src/stm32c0xx_hal_tim_ex.o
                0x08002ad2                HAL_TIMEx_BreakCallback
 .text.HAL_TIMEx_Break2Callback
                0x08002ad4        0x2 ./Drivers/STM32C0xx_HAL_Driver/Src/stm32c0xx_hal_tim_ex.o
                0x08002ad4                HAL_TIMEx_Break2Callback
 *fill*         0x08002ad6        0x2 
 .text.UART_EndTxTransfer
                0x08002ad8       0x3c ./Drivers/STM32C0xx_HAL_Driver/Src/stm32c0xx_hal_uart.o
 .text.UART_EndRxTransfer
                0x08002b14       0x64 ./Drivers/STM32C0xx_HAL_Driver/Src/stm32c0xx_hal_uart.o
 .text.HAL_UART_RxCpltCallback
                0x08002b78        0x2 ./Drivers/STM32C0xx_HAL_Driver/Src/stm32c0xx_hal_uart.o
                0x08002b78                HAL_UART_RxCpltCallback
 .text.HAL_UART_RxHalfCpltCallback
                0x08002b7a        0x2 ./Drivers/STM32C0xx_HAL_Driver/Src/stm32c0xx_hal_uart.o
                0x08002b7a                HAL_UART_RxHalfCpltCallback
 .text.HAL_UART_ErrorCallback
                0x08002b7c        0x2 ./Drivers/STM32C0xx_HAL_Driver/Src/stm32c0xx_hal_uart.o
                0x08002b7c                HAL_UART_ErrorCallback
 .text.UART_DMAError
                0x08002b7e       0x52 ./Drivers/STM32C0xx_HAL_Driver/Src/stm32c0xx_hal_uart.o
 .text.HAL_UARTEx_RxEventCallback
                0x08002bd0        0x2 ./Drivers/STM32C0xx_HAL_Driver/Src/stm32c0xx_hal_uart.o
                0x08002bd0                HAL_UARTEx_RxEventCallback
 .text.UART_DMARxHalfCplt
                0x08002bd2       0x3a ./Drivers/STM32C0xx_HAL_Driver/Src/stm32c0xx_hal_uart.o
 .text.UART_DMAReceiveCplt
                0x08002c0c       0xb4 ./Drivers/STM32C0xx_HAL_Driver/Src/stm32c0xx_hal_uart.o
 .text.UART_SetConfig
                0x08002cc0      0x1c4 ./Drivers/STM32C0xx_HAL_Driver/Src/stm32c0xx_hal_uart.o
                0x08002cc0                UART_SetConfig
 .text.UART_AdvFeatureConfig
                0x08002e84       0xe0 ./Drivers/STM32C0xx_HAL_Driver/Src/stm32c0xx_hal_uart.o
                0x08002e84                UART_AdvFeatureConfig
 .text.UART_WaitOnFlagUntilTimeout
                0x08002f64       0x9e ./Drivers/STM32C0xx_HAL_Driver/Src/stm32c0xx_hal_uart.o
                0x08002f64                UART_WaitOnFlagUntilTimeout
 .text.HAL_UART_Transmit
                0x08003002       0xfc ./Drivers/STM32C0xx_HAL_Driver/Src/stm32c0xx_hal_uart.o
                0x08003002                HAL_UART_Transmit
 *fill*         0x080030fe        0x2 
 .text.UART_CheckIdleState
                0x08003100       0xd4 ./Drivers/STM32C0xx_HAL_Driver/Src/stm32c0xx_hal_uart.o
                0x08003100                UART_CheckIdleState
 .text.HAL_UART_Init
                0x080031d4       0x70 ./Drivers/STM32C0xx_HAL_Driver/Src/stm32c0xx_hal_uart.o
                0x080031d4                HAL_UART_Init
 .text.UART_Start_Receive_DMA
                0x08003244       0xb4 ./Drivers/STM32C0xx_HAL_Driver/Src/stm32c0xx_hal_uart.o
                0x08003244                UART_Start_Receive_DMA
 .text.HAL_UART_Receive_DMA
                0x080032f8       0x62 ./Drivers/STM32C0xx_HAL_Driver/Src/stm32c0xx_hal_uart.o
                0x080032f8                HAL_UART_Receive_DMA
 *fill*         0x0800335a        0x2 
 .text.UARTEx_SetNbDataToProcess
                0x0800335c       0x50 ./Drivers/STM32C0xx_HAL_Driver/Src/stm32c0xx_hal_uart_ex.o
 .text.HAL_UARTEx_DisableFifoMode
                0x080033ac       0x40 ./Drivers/STM32C0xx_HAL_Driver/Src/stm32c0xx_hal_uart_ex.o
                0x080033ac                HAL_UARTEx_DisableFifoMode
 .text.HAL_UARTEx_SetTxFifoThreshold
                0x080033ec       0x4a ./Drivers/STM32C0xx_HAL_Driver/Src/stm32c0xx_hal_uart_ex.o
                0x080033ec                HAL_UARTEx_SetTxFifoThreshold
 *fill*         0x08003436        0x2 
 .text.HAL_UARTEx_SetRxFifoThreshold
                0x08003438       0x50 ./Drivers/STM32C0xx_HAL_Driver/Src/stm32c0xx_hal_uart_ex.o
                0x08003438                HAL_UARTEx_SetRxFifoThreshold
 .text.LL_SetSystemCoreClock
                0x08003488        0xc ./Drivers/STM32C0xx_HAL_Driver/Src/stm32c0xx_ll_utils.o
                0x08003488                LL_SetSystemCoreClock
 .text._strtoul_l.isra.0
                0x08003494      0x104 C:/ST/STM32CubeIDE_1.18.1/STM32CubeIDE/plugins/com.st.stm32cube.ide.mcu.externaltools.gnu-tools-for-stm32.13.3.rel1.win32_1.0.0.202411081344/tools/bin/../lib/gcc/arm-none-eabi/13.3.1/../../../../arm-none-eabi/lib/thumb/v6-m/nofp\libc_nano.a(libc_a-strtoul.o)
 .text.strtoul  0x08003598       0x18 C:/ST/STM32CubeIDE_1.18.1/STM32CubeIDE/plugins/com.st.stm32cube.ide.mcu.externaltools.gnu-tools-for-stm32.13.3.rel1.win32_1.0.0.202411081344/tools/bin/../lib/gcc/arm-none-eabi/13.3.1/../../../../arm-none-eabi/lib/thumb/v6-m/nofp\libc_nano.a(libc_a-strtoul.o)
                0x08003598                strtoul
 .text._vsnprintf_r
                0x080035b0       0x5a C:/ST/STM32CubeIDE_1.18.1/STM32CubeIDE/plugins/com.st.stm32cube.ide.mcu.externaltools.gnu-tools-for-stm32.13.3.rel1.win32_1.0.0.202411081344/tools/bin/../lib/gcc/arm-none-eabi/13.3.1/../../../../arm-none-eabi/lib/thumb/v6-m/nofp\libc_nano.a(libc_a-vsnprintf.o)
                0x080035b0                _vsniprintf_r
                0x080035b0                _vsnprintf_r
 *fill*         0x0800360a        0x2 
 .text.vsnprintf
                0x0800360c       0x18 C:/ST/STM32CubeIDE_1.18.1/STM32CubeIDE/plugins/com.st.stm32cube.ide.mcu.externaltools.gnu-tools-for-stm32.13.3.rel1.win32_1.0.0.202411081344/tools/bin/../lib/gcc/arm-none-eabi/13.3.1/../../../../arm-none-eabi/lib/thumb/v6-m/nofp\libc_nano.a(libc_a-vsnprintf.o)
                0x0800360c                vsniprintf
                0x0800360c                vsnprintf
 .text.memset   0x08003624       0x10 C:/ST/STM32CubeIDE_1.18.1/STM32CubeIDE/plugins/com.st.stm32cube.ide.mcu.externaltools.gnu-tools-for-stm32.13.3.rel1.win32_1.0.0.202411081344/tools/bin/../lib/gcc/arm-none-eabi/13.3.1/../../../../arm-none-eabi/lib/thumb/v6-m/nofp\libc_nano.a(libc_a-memset.o)
                0x08003624                memset
 .text.strncpy  0x08003634       0x28 C:/ST/STM32CubeIDE_1.18.1/STM32CubeIDE/plugins/com.st.stm32cube.ide.mcu.externaltools.gnu-tools-for-stm32.13.3.rel1.win32_1.0.0.202411081344/tools/bin/../lib/gcc/arm-none-eabi/13.3.1/../../../../arm-none-eabi/lib/thumb/v6-m/nofp\libc_nano.a(libc_a-strncpy.o)
                0x08003634                strncpy
 .text.__strtok_r
                0x0800365c       0x58 C:/ST/STM32CubeIDE_1.18.1/STM32CubeIDE/plugins/com.st.stm32cube.ide.mcu.externaltools.gnu-tools-for-stm32.13.3.rel1.win32_1.0.0.202411081344/tools/bin/../lib/gcc/arm-none-eabi/13.3.1/../../../../arm-none-eabi/lib/thumb/v6-m/nofp\libc_nano.a(libc_a-strtok_r.o)
                0x0800365c                __strtok_r
 .text.strtok_r
                0x080036b4        0xa C:/ST/STM32CubeIDE_1.18.1/STM32CubeIDE/plugins/com.st.stm32cube.ide.mcu.externaltools.gnu-tools-for-stm32.13.3.rel1.win32_1.0.0.202411081344/tools/bin/../lib/gcc/arm-none-eabi/13.3.1/../../../../arm-none-eabi/lib/thumb/v6-m/nofp\libc_nano.a(libc_a-strtok_r.o)
                0x080036b4                strtok_r
 *fill*         0x080036be        0x2 
 .text.__errno  0x080036c0        0xc C:/ST/STM32CubeIDE_1.18.1/STM32CubeIDE/plugins/com.st.stm32cube.ide.mcu.externaltools.gnu-tools-for-stm32.13.3.rel1.win32_1.0.0.202411081344/tools/bin/../lib/gcc/arm-none-eabi/13.3.1/../../../../arm-none-eabi/lib/thumb/v6-m/nofp\libc_nano.a(libc_a-errno.o)
                0x080036c0                __errno
 .text.__libc_init_array
                0x080036cc       0x48 C:/ST/STM32CubeIDE_1.18.1/STM32CubeIDE/plugins/com.st.stm32cube.ide.mcu.externaltools.gnu-tools-for-stm32.13.3.rel1.win32_1.0.0.202411081344/tools/bin/../lib/gcc/arm-none-eabi/13.3.1/../../../../arm-none-eabi/lib/thumb/v6-m/nofp\libc_nano.a(libc_a-init.o)
                0x080036cc                __libc_init_array
 .text.__retarget_lock_acquire_recursive
                0x08003714        0x2 C:/ST/STM32CubeIDE_1.18.1/STM32CubeIDE/plugins/com.st.stm32cube.ide.mcu.externaltools.gnu-tools-for-stm32.13.3.rel1.win32_1.0.0.202411081344/tools/bin/../lib/gcc/arm-none-eabi/13.3.1/../../../../arm-none-eabi/lib/thumb/v6-m/nofp\libc_nano.a(libc_a-lock.o)
                0x08003714                __retarget_lock_acquire_recursive
 .text.__retarget_lock_release_recursive
                0x08003716        0x2 C:/ST/STM32CubeIDE_1.18.1/STM32CubeIDE/plugins/com.st.stm32cube.ide.mcu.externaltools.gnu-tools-for-stm32.13.3.rel1.win32_1.0.0.202411081344/tools/bin/../lib/gcc/arm-none-eabi/13.3.1/../../../../arm-none-eabi/lib/thumb/v6-m/nofp\libc_nano.a(libc_a-lock.o)
                0x08003716                __retarget_lock_release_recursive
 .text._free_r  0x08003718       0x94 C:/ST/STM32CubeIDE_1.18.1/STM32CubeIDE/plugins/com.st.stm32cube.ide.mcu.externaltools.gnu-tools-for-stm32.13.3.rel1.win32_1.0.0.202411081344/tools/bin/../lib/gcc/arm-none-eabi/13.3.1/../../../../arm-none-eabi/lib/thumb/v6-m/nofp\libc_nano.a(libc_a-freer.o)
                0x08003718                _free_r
 .text.sbrk_aligned
                0x080037ac       0x44 C:/ST/STM32CubeIDE_1.18.1/STM32CubeIDE/plugins/com.st.stm32cube.ide.mcu.externaltools.gnu-tools-for-stm32.13.3.rel1.win32_1.0.0.202411081344/tools/bin/../lib/gcc/arm-none-eabi/13.3.1/../../../../arm-none-eabi/lib/thumb/v6-m/nofp\libc_nano.a(libc_a-mallocr.o)
 .text._malloc_r
                0x080037f0      0x100 C:/ST/STM32CubeIDE_1.18.1/STM32CubeIDE/plugins/com.st.stm32cube.ide.mcu.externaltools.gnu-tools-for-stm32.13.3.rel1.win32_1.0.0.202411081344/tools/bin/../lib/gcc/arm-none-eabi/13.3.1/../../../../arm-none-eabi/lib/thumb/v6-m/nofp\libc_nano.a(libc_a-mallocr.o)
                0x080037f0                _malloc_r
 .text.__malloc_lock
                0x080038f0       0x10 C:/ST/STM32CubeIDE_1.18.1/STM32CubeIDE/plugins/com.st.stm32cube.ide.mcu.externaltools.gnu-tools-for-stm32.13.3.rel1.win32_1.0.0.202411081344/tools/bin/../lib/gcc/arm-none-eabi/13.3.1/../../../../arm-none-eabi/lib/thumb/v6-m/nofp\libc_nano.a(libc_a-mlock.o)
                0x080038f0                __malloc_lock
 .text.__malloc_unlock
                0x08003900       0x10 C:/ST/STM32CubeIDE_1.18.1/STM32CubeIDE/plugins/com.st.stm32cube.ide.mcu.externaltools.gnu-tools-for-stm32.13.3.rel1.win32_1.0.0.202411081344/tools/bin/../lib/gcc/arm-none-eabi/13.3.1/../../../../arm-none-eabi/lib/thumb/v6-m/nofp\libc_nano.a(libc_a-mlock.o)
                0x08003900                __malloc_unlock
 .text.__ssputs_r
                0x08003910       0xc0 C:/ST/STM32CubeIDE_1.18.1/STM32CubeIDE/plugins/com.st.stm32cube.ide.mcu.externaltools.gnu-tools-for-stm32.13.3.rel1.win32_1.0.0.202411081344/tools/bin/../lib/gcc/arm-none-eabi/13.3.1/../../../../arm-none-eabi/lib/thumb/v6-m/nofp\libc_nano.a(libc_a-nano-svfprintf.o)
                0x08003910                __ssputs_r
 .text._svfprintf_r
                0x080039d0      0x1fc C:/ST/STM32CubeIDE_1.18.1/STM32CubeIDE/plugins/com.st.stm32cube.ide.mcu.externaltools.gnu-tools-for-stm32.13.3.rel1.win32_1.0.0.202411081344/tools/bin/../lib/gcc/arm-none-eabi/13.3.1/../../../../arm-none-eabi/lib/thumb/v6-m/nofp\libc_nano.a(libc_a-nano-svfprintf.o)
                0x080039d0                _svfiprintf_r
                0x080039d0                _svfprintf_r
 .text._printf_common
                0x08003bcc       0xde C:/ST/STM32CubeIDE_1.18.1/STM32CubeIDE/plugins/com.st.stm32cube.ide.mcu.externaltools.gnu-tools-for-stm32.13.3.rel1.win32_1.0.0.202411081344/tools/bin/../lib/gcc/arm-none-eabi/13.3.1/../../../../arm-none-eabi/lib/thumb/v6-m/nofp\libc_nano.a(libc_a-nano-vfprintf_i.o)
                0x08003bcc                _printf_common
 *fill*         0x08003caa        0x2 
 .text._printf_i
                0x08003cac      0x218 C:/ST/STM32CubeIDE_1.18.1/STM32CubeIDE/plugins/com.st.stm32cube.ide.mcu.externaltools.gnu-tools-for-stm32.13.3.rel1.win32_1.0.0.202411081344/tools/bin/../lib/gcc/arm-none-eabi/13.3.1/../../../../arm-none-eabi/lib/thumb/v6-m/nofp\libc_nano.a(libc_a-nano-vfprintf_i.o)
                0x08003cac                _printf_i
 .text.memmove  0x08003ec4       0x24 C:/ST/STM32CubeIDE_1.18.1/STM32CubeIDE/plugins/com.st.stm32cube.ide.mcu.externaltools.gnu-tools-for-stm32.13.3.rel1.win32_1.0.0.202411081344/tools/bin/../lib/gcc/arm-none-eabi/13.3.1/../../../../arm-none-eabi/lib/thumb/v6-m/nofp\libc_nano.a(libc_a-memmove.o)
                0x08003ec4                memmove
 .text._sbrk_r  0x08003ee8       0x24 C:/ST/STM32CubeIDE_1.18.1/STM32CubeIDE/plugins/com.st.stm32cube.ide.mcu.externaltools.gnu-tools-for-stm32.13.3.rel1.win32_1.0.0.202411081344/tools/bin/../lib/gcc/arm-none-eabi/13.3.1/../../../../arm-none-eabi/lib/thumb/v6-m/nofp\libc_nano.a(libc_a-sbrkr.o)
                0x08003ee8                _sbrk_r
 .text.memchr   0x08003f0c       0x16 C:/ST/STM32CubeIDE_1.18.1/STM32CubeIDE/plugins/com.st.stm32cube.ide.mcu.externaltools.gnu-tools-for-stm32.13.3.rel1.win32_1.0.0.202411081344/tools/bin/../lib/gcc/arm-none-eabi/13.3.1/../../../../arm-none-eabi/lib/thumb/v6-m/nofp\libc_nano.a(libc_a-memchr-stub.o)
                0x08003f0c                memchr
 .text.memcpy   0x08003f22       0x12 C:/ST/STM32CubeIDE_1.18.1/STM32CubeIDE/plugins/com.st.stm32cube.ide.mcu.externaltools.gnu-tools-for-stm32.13.3.rel1.win32_1.0.0.202411081344/tools/bin/../lib/gcc/arm-none-eabi/13.3.1/../../../../arm-none-eabi/lib/thumb/v6-m/nofp\libc_nano.a(libc_a-memcpy-stub.o)
                0x08003f22                memcpy
 .text._realloc_r
                0x08003f34       0x60 C:/ST/STM32CubeIDE_1.18.1/STM32CubeIDE/plugins/com.st.stm32cube.ide.mcu.externaltools.gnu-tools-for-stm32.13.3.rel1.win32_1.0.0.202411081344/tools/bin/../lib/gcc/arm-none-eabi/13.3.1/../../../../arm-none-eabi/lib/thumb/v6-m/nofp\libc_nano.a(libc_a-reallocr.o)
                0x08003f34                _realloc_r
 .text._malloc_usable_size_r
                0x08003f94       0x10 C:/ST/STM32CubeIDE_1.18.1/STM32CubeIDE/plugins/com.st.stm32cube.ide.mcu.externaltools.gnu-tools-for-stm32.13.3.rel1.win32_1.0.0.202411081344/tools/bin/../lib/gcc/arm-none-eabi/13.3.1/../../../../arm-none-eabi/lib/thumb/v6-m/nofp\libc_nano.a(libc_a-msizer.o)
                0x08003f94                _malloc_usable_size_r
 *(.glue_7)
 .glue_7        0x08003fa4        0x0 linker stubs
 *(.glue_7t)
 .glue_7t       0x08003fa4        0x0 linker stubs
 *(.eh_frame)
 .eh_frame      0x08003fa4        0x0 C:/ST/STM32CubeIDE_1.18.1/STM32CubeIDE/plugins/com.st.stm32cube.ide.mcu.externaltools.gnu-tools-for-stm32.13.3.rel1.win32_1.0.0.202411081344/tools/bin/../lib/gcc/arm-none-eabi/13.3.1/thumb/v6-m/nofp/crtbegin.o
 *(.init)
 .init          0x08003fa4        0x4 C:/ST/STM32CubeIDE_1.18.1/STM32CubeIDE/plugins/com.st.stm32cube.ide.mcu.externaltools.gnu-tools-for-stm32.13.3.rel1.win32_1.0.0.202411081344/tools/bin/../lib/gcc/arm-none-eabi/13.3.1/thumb/v6-m/nofp/crti.o
                0x08003fa4                _init
 .init          0x08003fa8        0x8 C:/ST/STM32CubeIDE_1.18.1/STM32CubeIDE/plugins/com.st.stm32cube.ide.mcu.externaltools.gnu-tools-for-stm32.13.3.rel1.win32_1.0.0.202411081344/tools/bin/../lib/gcc/arm-none-eabi/13.3.1/thumb/v6-m/nofp/crtn.o
 *(.fini)
 .fini          0x08003fb0        0x4 C:/ST/STM32CubeIDE_1.18.1/STM32CubeIDE/plugins/com.st.stm32cube.ide.mcu.externaltools.gnu-tools-for-stm32.13.3.rel1.win32_1.0.0.202411081344/tools/bin/../lib/gcc/arm-none-eabi/13.3.1/thumb/v6-m/nofp/crti.o
                0x08003fb0                _fini
 .fini          0x08003fb4        0x8 C:/ST/STM32CubeIDE_1.18.1/STM32CubeIDE/plugins/com.st.stm32cube.ide.mcu.externaltools.gnu-tools-for-stm32.13.3.rel1.win32_1.0.0.202411081344/tools/bin/../lib/gcc/arm-none-eabi/13.3.1/thumb/v6-m/nofp/crtn.o
                0x08003fbc                        . = ALIGN (0x4)
                0x08003fbc                        _etext = .

.vfp11_veneer   0x08003fbc        0x0
 .vfp11_veneer  0x08003fbc        0x0 linker stubs

.v4_bx          0x08003fbc        0x0
 .v4_bx         0x08003fbc        0x0 linker stubs

.iplt           0x08003fbc        0x0
 .iplt          0x08003fbc        0x0 C:/ST/STM32CubeIDE_1.18.1/STM32CubeIDE/plugins/com.st.stm32cube.ide.mcu.externaltools.gnu-tools-for-stm32.13.3.rel1.win32_1.0.0.202411081344/tools/bin/../lib/gcc/arm-none-eabi/13.3.1/thumb/v6-m/nofp/crtbegin.o

.rodata         0x08003fbc      0x368
                0x08003fbc                        . = ALIGN (0x4)
 *(.rodata)
 *(.rodata*)
 .rodata.testISR.str1.4
                0x08003fbc       0xba ./App/ap.o
                                  0xa (size before relaxing)
 .rodata.infoCli.str1.4
                0x08004076       0x71 ./App/ap.o
 .rodata.apInit.str1.4
                0x08004076        0x5 ./App/ap.o
 *fill*         0x08004076        0x2 
 .rodata.button_adc
                0x08004078       0x14 ./App/src/button.o
 .rodata.cliInit.str1.4
                0x0800408c        0x5 ./App/src/cli.o
 .rodata.cliHelp.str1.4
                0x0800408c       0x20 ./App/src/cli.o
 .rodata.cliMain.str1.4
                0x0800408c        0xe ./App/src/cli.o
 .rodata.APBPrescTable
                0x0800408c       0x20 ./Core/Src/system_stm32c0xx.o
                0x0800408c                APBPrescTable
 .rodata.AHBPrescTable
                0x080040ac       0x40 ./Core/Src/system_stm32c0xx.o
                0x080040ac                AHBPrescTable
 .rodata.HAL_TIM_OC_ConfigChannel
                0x080040ec       0x54 ./Drivers/STM32C0xx_HAL_Driver/Src/stm32c0xx_hal_tim.o
 .rodata.HAL_TIM_PWM_Start
                0x08004140       0x88 ./Drivers/STM32C0xx_HAL_Driver/Src/stm32c0xx_hal_tim.o
 .rodata.UARTPrescTable
                0x080041c8       0x18 ./Drivers/STM32C0xx_HAL_Driver/Src/stm32c0xx_hal_uart.o
                0x080041c8                UARTPrescTable
 .rodata.denominator.0
                0x080041e0        0x8 ./Drivers/STM32C0xx_HAL_Driver/Src/stm32c0xx_hal_uart_ex.o
 .rodata.numerator.1
                0x080041e8        0x8 ./Drivers/STM32C0xx_HAL_Driver/Src/stm32c0xx_hal_uart_ex.o
 .rodata._ctype_
                0x080041f0      0x101 C:/ST/STM32CubeIDE_1.18.1/STM32CubeIDE/plugins/com.st.stm32cube.ide.mcu.externaltools.gnu-tools-for-stm32.13.3.rel1.win32_1.0.0.202411081344/tools/bin/../lib/gcc/arm-none-eabi/13.3.1/../../../../arm-none-eabi/lib/thumb/v6-m/nofp\libc_nano.a(libc_a-ctype_.o)
                0x080041f0                _ctype_
 .rodata._svfprintf_r.str1.1
                0x080042f1       0x33 C:/ST/STM32CubeIDE_1.18.1/STM32CubeIDE/plugins/com.st.stm32cube.ide.mcu.externaltools.gnu-tools-for-stm32.13.3.rel1.win32_1.0.0.202411081344/tools/bin/../lib/gcc/arm-none-eabi/13.3.1/../../../../arm-none-eabi/lib/thumb/v6-m/nofp\libc_nano.a(libc_a-nano-svfprintf.o)
                                 0x11 (size before relaxing)
 .rodata._printf_i.str1.1
                0x08004324       0x22 C:/ST/STM32CubeIDE_1.18.1/STM32CubeIDE/plugins/com.st.stm32cube.ide.mcu.externaltools.gnu-tools-for-stm32.13.3.rel1.win32_1.0.0.202411081344/tools/bin/../lib/gcc/arm-none-eabi/13.3.1/../../../../arm-none-eabi/lib/thumb/v6-m/nofp\libc_nano.a(libc_a-nano-vfprintf_i.o)
                0x08004348                        . = ALIGN (0x4)

.ARM.extab      0x08004324        0x0
                0x08004324                        . = ALIGN (0x4)
 *(.ARM.extab* .gnu.linkonce.armextab.*)
                0x08004324                        . = ALIGN (0x4)

.ARM            0x08004324        0x0
                0x08004324                        . = ALIGN (0x4)
                0x08004324                        __exidx_start = .
 *(.ARM.exidx*)
                0x08004324                        __exidx_end = .
                0x08004324                        . = ALIGN (0x4)

.preinit_array  0x08004324        0x0
                0x08004324                        . = ALIGN (0x4)
                0x08004324                        PROVIDE (__preinit_array_start = .)
 *(.preinit_array*)
                0x08004324                        PROVIDE (__preinit_array_end = .)
                0x08004324                        . = ALIGN (0x4)

.init_array     0x08004324        0x4
                0x08004324                        . = ALIGN (0x4)
                0x08004324                        PROVIDE (__init_array_start = .)
 *(SORT_BY_NAME(.init_array.*))
 *(.init_array*)
 .init_array    0x08004324        0x4 C:/ST/STM32CubeIDE_1.18.1/STM32CubeIDE/plugins/com.st.stm32cube.ide.mcu.externaltools.gnu-tools-for-stm32.13.3.rel1.win32_1.0.0.202411081344/tools/bin/../lib/gcc/arm-none-eabi/13.3.1/thumb/v6-m/nofp/crtbegin.o
                0x08004328                        PROVIDE (__init_array_end = .)
                0x08004328                        . = ALIGN (0x4)

.fini_array     0x08004328        0x4
                0x08004328                        . = ALIGN (0x4)
                [!provide]                        PROVIDE (__fini_array_start = .)
 *(SORT_BY_NAME(.fini_array.*))
 *(.fini_array*)
 .fini_array    0x08004328        0x4 C:/ST/STM32CubeIDE_1.18.1/STM32CubeIDE/plugins/com.st.stm32cube.ide.mcu.externaltools.gnu-tools-for-stm32.13.3.rel1.win32_1.0.0.202411081344/tools/bin/../lib/gcc/arm-none-eabi/13.3.1/thumb/v6-m/nofp/crtbegin.o
                [!provide]                        PROVIDE (__fini_array_end = .)
                0x0800432c                        . = ALIGN (0x4)
                0x0800432c                        _sidata = LOADADDR (.data)

.rel.dyn        0x0800432c        0x0
 .rel.iplt      0x0800432c        0x0 C:/ST/STM32CubeIDE_1.18.1/STM32CubeIDE/plugins/com.st.stm32cube.ide.mcu.externaltools.gnu-tools-for-stm32.13.3.rel1.win32_1.0.0.202411081344/tools/bin/../lib/gcc/arm-none-eabi/13.3.1/thumb/v6-m/nofp/crtbegin.o

.data           0x20000000       0x60 load address 0x0800432c
                0x20000000                        . = ALIGN (0x4)
                0x20000000                        _sdata = .
 *(.data)
 *(.data*)
 .data.led_duty
                0x20000000        0x2 ./App/src/led.o
 *fill*         0x20000002        0x2 
 .data.SystemCoreClock
                0x20000004        0x4 ./Core/Src/system_stm32c0xx.o
                0x20000004                SystemCoreClock
 .data.uwTickFreq
                0x20000008        0x1 ./Drivers/STM32C0xx_HAL_Driver/Src/stm32c0xx_hal.o
                0x20000008                uwTickFreq
 *fill*         0x20000009        0x3 
 .data.uwTickPrio
                0x2000000c        0x4 ./Drivers/STM32C0xx_HAL_Driver/Src/stm32c0xx_hal.o
                0x2000000c                uwTickPrio
 .data._impure_ptr
                0x20000010        0x4 C:/ST/STM32CubeIDE_1.18.1/STM32CubeIDE/plugins/com.st.stm32cube.ide.mcu.externaltools.gnu-tools-for-stm32.13.3.rel1.win32_1.0.0.202411081344/tools/bin/../lib/gcc/arm-none-eabi/13.3.1/../../../../arm-none-eabi/lib/thumb/v6-m/nofp\libc_nano.a(libc_a-impure.o)
                0x20000010                _impure_ptr
 .data._impure_data
                0x20000014       0x4c C:/ST/STM32CubeIDE_1.18.1/STM32CubeIDE/plugins/com.st.stm32cube.ide.mcu.externaltools.gnu-tools-for-stm32.13.3.rel1.win32_1.0.0.202411081344/tools/bin/../lib/gcc/arm-none-eabi/13.3.1/../../../../arm-none-eabi/lib/thumb/v6-m/nofp\libc_nano.a(libc_a-impure.o)
                0x20000014                _impure_data
 *(.RamFunc)
 *(.RamFunc*)
                0x20000060                        . = ALIGN (0x4)
                0x20000060                        _edata = .

.igot.plt       0x20000060        0x0 load address 0x0800438c
 .igot.plt      0x20000060        0x0 C:/ST/STM32CubeIDE_1.18.1/STM32CubeIDE/plugins/com.st.stm32cube.ide.mcu.externaltools.gnu-tools-for-stm32.13.3.rel1.win32_1.0.0.202411081344/tools/bin/../lib/gcc/arm-none-eabi/13.3.1/thumb/v6-m/nofp/crtbegin.o
                0x20000060                        . = ALIGN (0x4)

.bss            0x20000060      0x670 load address 0x0800438c
                0x20000060                        _sbss = .
                0x20000060                        __bss_start__ = _sbss
 *(.bss)
 .bss           0x20000060       0x1c C:/ST/STM32CubeIDE_1.18.1/STM32CubeIDE/plugins/com.st.stm32cube.ide.mcu.externaltools.gnu-tools-for-stm32.13.3.rel1.win32_1.0.0.202411081344/tools/bin/../lib/gcc/arm-none-eabi/13.3.1/thumb/v6-m/nofp/crtbegin.o
 *(.bss*)
 .bss.count.0   0x2000007c        0x4 ./App/ap.o
 .bss.adc_data  0x20000080        0x6 ./App/src/adc.o
                0x20000080                adc_data
 *fill*         0x20000086        0x2 
 .bss.cli_cmd_func
                0x20000088       0x60 ./App/src/cli.o
 .bss.cli_cmd_count
                0x200000e8        0x1 ./App/src/cli.o
 *fill*         0x200000e9        0x3 
 .bss.cli_argv  0x200000ec       0x20 ./App/src/cli.o
 .bss.cli_argc  0x2000010c        0x2 ./App/src/cli.o
 .bss.cli_buf_index
                0x2000010e        0x2 ./App/src/cli.o
 .bss.cli_buf   0x20000110       0x80 ./App/src/cli.o
 .bss.swtimer_tbl
                0x20000190       0xa0 ./App/src/swtimer.o
 .bss.swtimer_count
                0x20000230        0x1 ./App/src/swtimer.o
 *fill*         0x20000231        0x3 
 .bss.q_buf     0x20000234      0x100 ./App/src/uart.o
 .bss.q_out     0x20000334        0x2 ./App/src/uart.o
 .bss.q_in      0x20000336        0x2 ./App/src/uart.o
 .bss.hdma_usart1_rx
                0x20000338       0x5c ./Core/Src/main.o
                0x20000338                hdma_usart1_rx
 .bss.huart1    0x20000394       0x94 ./Core/Src/main.o
                0x20000394                huart1
 .bss.htim14    0x20000428       0x4c ./Core/Src/main.o
                0x20000428                htim14
 .bss.htim1     0x20000474       0x4c ./Core/Src/main.o
                0x20000474                htim1
 .bss.hdma_adc1
                0x200004c0       0x5c ./Core/Src/main.o
                0x200004c0                hdma_adc1
 .bss.hadc1     0x2000051c       0x64 ./Core/Src/main.o
                0x2000051c                hadc1
 .bss.__sbrk_heap_end
                0x20000580        0x4 ./Core/Src/sysmem.o
 .bss.uwTick    0x20000584        0x4 ./Drivers/STM32C0xx_HAL_Driver/Src/stm32c0xx_hal.o
                0x20000584                uwTick
 .bss.__sf      0x20000588      0x138 C:/ST/STM32CubeIDE_1.18.1/STM32CubeIDE/plugins/com.st.stm32cube.ide.mcu.externaltools.gnu-tools-for-stm32.13.3.rel1.win32_1.0.0.202411081344/tools/bin/../lib/gcc/arm-none-eabi/13.3.1/../../../../arm-none-eabi/lib/thumb/v6-m/nofp\libc_nano.a(libc_a-findfp.o)
                0x20000588                __sf
 .bss.errno     0x200006c0        0x4 C:/ST/STM32CubeIDE_1.18.1/STM32CubeIDE/plugins/com.st.stm32cube.ide.mcu.externaltools.gnu-tools-for-stm32.13.3.rel1.win32_1.0.0.202411081344/tools/bin/../lib/gcc/arm-none-eabi/13.3.1/../../../../arm-none-eabi/lib/thumb/v6-m/nofp\libc_nano.a(libc_a-reent.o)
                0x200006c0                errno
 .bss.__lock___malloc_recursive_mutex
                0x200006c4        0x1 C:/ST/STM32CubeIDE_1.18.1/STM32CubeIDE/plugins/com.st.stm32cube.ide.mcu.externaltools.gnu-tools-for-stm32.13.3.rel1.win32_1.0.0.202411081344/tools/bin/../lib/gcc/arm-none-eabi/13.3.1/../../../../arm-none-eabi/lib/thumb/v6-m/nofp\libc_nano.a(libc_a-lock.o)
                0x200006c4                __lock___malloc_recursive_mutex
 *fill*         0x200006c5        0x3 
 .bss.__malloc_sbrk_start
                0x200006c8        0x4 C:/ST/STM32CubeIDE_1.18.1/STM32CubeIDE/plugins/com.st.stm32cube.ide.mcu.externaltools.gnu-tools-for-stm32.13.3.rel1.win32_1.0.0.202411081344/tools/bin/../lib/gcc/arm-none-eabi/13.3.1/../../../../arm-none-eabi/lib/thumb/v6-m/nofp\libc_nano.a(libc_a-mallocr.o)
                0x200006c8                __malloc_sbrk_start
 .bss.__malloc_free_list
                0x200006cc        0x4 C:/ST/STM32CubeIDE_1.18.1/STM32CubeIDE/plugins/com.st.stm32cube.ide.mcu.externaltools.gnu-tools-for-stm32.13.3.rel1.win32_1.0.0.202411081344/tools/bin/../lib/gcc/arm-none-eabi/13.3.1/../../../../arm-none-eabi/lib/thumb/v6-m/nofp\libc_nano.a(libc_a-mallocr.o)
                0x200006cc                __malloc_free_list
 *(COMMON)
                0x200006d0                        . = ALIGN (0x4)
                0x200006d0                        _ebss = .
                0x200006d0                        __bss_end__ = _ebss

._user_heap_stack
                0x200006d0      0x600 load address 0x0800438c
                0x200006d0                        . = ALIGN (0x8)
                [!provide]                        PROVIDE (end = .)
                0x200006d0                        PROVIDE (_end = .)
                0x200008d0                        . = (. + _Min_Heap_Size)
 *fill*         0x200006d0      0x200 
                0x20000cd0                        . = (. + _Min_Stack_Size)
 *fill*         0x200008d0      0x400 
                0x20000cd0                        . = ALIGN (0x8)

/DISCARD/
 libc.a(*)
 libm.a(*)
 libgcc.a(*)

.ARM.attributes
                0x00000000       0x28
 *(.ARM.attributes)
 .ARM.attributes
                0x00000000       0x1e C:/ST/STM32CubeIDE_1.18.1/STM32CubeIDE/plugins/com.st.stm32cube.ide.mcu.externaltools.gnu-tools-for-stm32.13.3.rel1.win32_1.0.0.202411081344/tools/bin/../lib/gcc/arm-none-eabi/13.3.1/thumb/v6-m/nofp/crti.o
 .ARM.attributes
                0x0000001e       0x2c C:/ST/STM32CubeIDE_1.18.1/STM32CubeIDE/plugins/com.st.stm32cube.ide.mcu.externaltools.gnu-tools-for-stm32.13.3.rel1.win32_1.0.0.202411081344/tools/bin/../lib/gcc/arm-none-eabi/13.3.1/thumb/v6-m/nofp/crtbegin.o
 .ARM.attributes
                0x0000004a       0x2c ./App/ap.o
 .ARM.attributes
                0x00000076       0x2c ./App/src/adc.o
 .ARM.attributes
                0x000000a2       0x2c ./App/src/button.o
 .ARM.attributes
                0x000000ce       0x2c ./App/src/cli.o
 .ARM.attributes
                0x000000fa       0x2c ./App/src/led.o
 .ARM.attributes
                0x00000126       0x2c ./App/src/pwm.o
 .ARM.attributes
                0x00000152       0x2c ./App/src/swtimer.o
 .ARM.attributes
                0x0000017e       0x2c ./App/src/uart.o
 .ARM.attributes
                0x000001aa       0x2c ./App/src/utils.o
 .ARM.attributes
                0x000001d6       0x2c ./Core/Src/main.o
 .ARM.attributes
                0x00000202       0x2c ./Core/Src/stm32c0xx_hal_msp.o
 .ARM.attributes
                0x0000022e       0x2c ./Core/Src/stm32c0xx_it.o
 .ARM.attributes
                0x0000025a       0x2c ./Core/Src/sysmem.o
 .ARM.attributes
                0x00000286       0x2c ./Core/Src/system_stm32c0xx.o
 .ARM.attributes
                0x000002b2       0x22 ./Core/Startup/startup_stm32c031c6tx.o
 .ARM.attributes
                0x000002d4       0x2c ./Drivers/STM32C0xx_HAL_Driver/Src/stm32c0xx_hal.o
 .ARM.attributes
                0x00000300       0x2c ./Drivers/STM32C0xx_HAL_Driver/Src/stm32c0xx_hal_adc.o
 .ARM.attributes
                0x0000032c       0x2c ./Drivers/STM32C0xx_HAL_Driver/Src/stm32c0xx_hal_adc_ex.o
 .ARM.attributes
                0x00000358       0x2c ./Drivers/STM32C0xx_HAL_Driver/Src/stm32c0xx_hal_cortex.o
 .ARM.attributes
                0x00000384       0x2c ./Drivers/STM32C0xx_HAL_Driver/Src/stm32c0xx_hal_dma.o
 .ARM.attributes
                0x000003b0       0x2c ./Drivers/STM32C0xx_HAL_Driver/Src/stm32c0xx_hal_gpio.o
 .ARM.attributes
                0x000003dc       0x2c ./Drivers/STM32C0xx_HAL_Driver/Src/stm32c0xx_hal_rcc.o
 .ARM.attributes
                0x00000408       0x2c ./Drivers/STM32C0xx_HAL_Driver/Src/stm32c0xx_hal_tim.o
 .ARM.attributes
                0x00000434       0x2c ./Drivers/STM32C0xx_HAL_Driver/Src/stm32c0xx_hal_tim_ex.o
 .ARM.attributes
                0x00000460       0x2c ./Drivers/STM32C0xx_HAL_Driver/Src/stm32c0xx_hal_uart.o
 .ARM.attributes
                0x0000048c       0x2c ./Drivers/STM32C0xx_HAL_Driver/Src/stm32c0xx_hal_uart_ex.o
 .ARM.attributes
                0x000004b8       0x2c ./Drivers/STM32C0xx_HAL_Driver/Src/stm32c0xx_ll_utils.o
 .ARM.attributes
                0x000004e4       0x2c C:/ST/STM32CubeIDE_1.18.1/STM32CubeIDE/plugins/com.st.stm32cube.ide.mcu.externaltools.gnu-tools-for-stm32.13.3.rel1.win32_1.0.0.202411081344/tools/bin/../lib/gcc/arm-none-eabi/13.3.1/../../../../arm-none-eabi/lib/thumb/v6-m/nofp\libc_nano.a(libc_a-strtoul.o)
 .ARM.attributes
                0x00000510       0x2c C:/ST/STM32CubeIDE_1.18.1/STM32CubeIDE/plugins/com.st.stm32cube.ide.mcu.externaltools.gnu-tools-for-stm32.13.3.rel1.win32_1.0.0.202411081344/tools/bin/../lib/gcc/arm-none-eabi/13.3.1/../../../../arm-none-eabi/lib/thumb/v6-m/nofp\libc_nano.a(libc_a-ctype_.o)
 .ARM.attributes
                0x0000053c       0x2c C:/ST/STM32CubeIDE_1.18.1/STM32CubeIDE/plugins/com.st.stm32cube.ide.mcu.externaltools.gnu-tools-for-stm32.13.3.rel1.win32_1.0.0.202411081344/tools/bin/../lib/gcc/arm-none-eabi/13.3.1/../../../../arm-none-eabi/lib/thumb/v6-m/nofp\libc_nano.a(libc_a-findfp.o)
 .ARM.attributes
                0x00000568       0x2c C:/ST/STM32CubeIDE_1.18.1/STM32CubeIDE/plugins/com.st.stm32cube.ide.mcu.externaltools.gnu-tools-for-stm32.13.3.rel1.win32_1.0.0.202411081344/tools/bin/../lib/gcc/arm-none-eabi/13.3.1/../../../../arm-none-eabi/lib/thumb/v6-m/nofp\libc_nano.a(libc_a-vsnprintf.o)
 .ARM.attributes
                0x00000594       0x2c C:/ST/STM32CubeIDE_1.18.1/STM32CubeIDE/plugins/com.st.stm32cube.ide.mcu.externaltools.gnu-tools-for-stm32.13.3.rel1.win32_1.0.0.202411081344/tools/bin/../lib/gcc/arm-none-eabi/13.3.1/../../../../arm-none-eabi/lib/thumb/v6-m/nofp\libc_nano.a(libc_a-memset.o)
 .ARM.attributes
                0x000005c0       0x2c C:/ST/STM32CubeIDE_1.18.1/STM32CubeIDE/plugins/com.st.stm32cube.ide.mcu.externaltools.gnu-tools-for-stm32.13.3.rel1.win32_1.0.0.202411081344/tools/bin/../lib/gcc/arm-none-eabi/13.3.1/../../../../arm-none-eabi/lib/thumb/v6-m/nofp\libc_nano.a(libc_a-strncpy.o)
 .ARM.attributes
                0x000005ec       0x2c C:/ST/STM32CubeIDE_1.18.1/STM32CubeIDE/plugins/com.st.stm32cube.ide.mcu.externaltools.gnu-tools-for-stm32.13.3.rel1.win32_1.0.0.202411081344/tools/bin/../lib/gcc/arm-none-eabi/13.3.1/../../../../arm-none-eabi/lib/thumb/v6-m/nofp\libc_nano.a(libc_a-strtok_r.o)
 .ARM.attributes
                0x00000618       0x2c C:/ST/STM32CubeIDE_1.18.1/STM32CubeIDE/plugins/com.st.stm32cube.ide.mcu.externaltools.gnu-tools-for-stm32.13.3.rel1.win32_1.0.0.202411081344/tools/bin/../lib/gcc/arm-none-eabi/13.3.1/../../../../arm-none-eabi/lib/thumb/v6-m/nofp\libc_nano.a(libc_a-reent.o)
 .ARM.attributes
                0x00000644       0x2c C:/ST/STM32CubeIDE_1.18.1/STM32CubeIDE/plugins/com.st.stm32cube.ide.mcu.externaltools.gnu-tools-for-stm32.13.3.rel1.win32_1.0.0.202411081344/tools/bin/../lib/gcc/arm-none-eabi/13.3.1/../../../../arm-none-eabi/lib/thumb/v6-m/nofp\libc_nano.a(libc_a-impure.o)
 .ARM.attributes
                0x00000670       0x2c C:/ST/STM32CubeIDE_1.18.1/STM32CubeIDE/plugins/com.st.stm32cube.ide.mcu.externaltools.gnu-tools-for-stm32.13.3.rel1.win32_1.0.0.202411081344/tools/bin/../lib/gcc/arm-none-eabi/13.3.1/../../../../arm-none-eabi/lib/thumb/v6-m/nofp\libc_nano.a(libc_a-errno.o)
 .ARM.attributes
                0x0000069c       0x2c C:/ST/STM32CubeIDE_1.18.1/STM32CubeIDE/plugins/com.st.stm32cube.ide.mcu.externaltools.gnu-tools-for-stm32.13.3.rel1.win32_1.0.0.202411081344/tools/bin/../lib/gcc/arm-none-eabi/13.3.1/../../../../arm-none-eabi/lib/thumb/v6-m/nofp\libc_nano.a(libc_a-init.o)
 .ARM.attributes
                0x000006c8       0x2c C:/ST/STM32CubeIDE_1.18.1/STM32CubeIDE/plugins/com.st.stm32cube.ide.mcu.externaltools.gnu-tools-for-stm32.13.3.rel1.win32_1.0.0.202411081344/tools/bin/../lib/gcc/arm-none-eabi/13.3.1/../../../../arm-none-eabi/lib/thumb/v6-m/nofp\libc_nano.a(libc_a-lock.o)
 .ARM.attributes
                0x000006f4       0x1c C:/ST/STM32CubeIDE_1.18.1/STM32CubeIDE/plugins/com.st.stm32cube.ide.mcu.externaltools.gnu-tools-for-stm32.13.3.rel1.win32_1.0.0.202411081344/tools/bin/../lib/gcc/arm-none-eabi/13.3.1/../../../../arm-none-eabi/lib/thumb/v6-m/nofp\libc_nano.a(libc_a-strcmp.o)
 .ARM.attributes
                0x00000710       0x2c C:/ST/STM32CubeIDE_1.18.1/STM32CubeIDE/plugins/com.st.stm32cube.ide.mcu.externaltools.gnu-tools-for-stm32.13.3.rel1.win32_1.0.0.202411081344/tools/bin/../lib/gcc/arm-none-eabi/13.3.1/../../../../arm-none-eabi/lib/thumb/v6-m/nofp\libc_nano.a(libc_a-freer.o)
 .ARM.attributes
                0x0000073c       0x2c C:/ST/STM32CubeIDE_1.18.1/STM32CubeIDE/plugins/com.st.stm32cube.ide.mcu.externaltools.gnu-tools-for-stm32.13.3.rel1.win32_1.0.0.202411081344/tools/bin/../lib/gcc/arm-none-eabi/13.3.1/../../../../arm-none-eabi/lib/thumb/v6-m/nofp\libc_nano.a(libc_a-mallocr.o)
 .ARM.attributes
                0x00000768       0x2c C:/ST/STM32CubeIDE_1.18.1/STM32CubeIDE/plugins/com.st.stm32cube.ide.mcu.externaltools.gnu-tools-for-stm32.13.3.rel1.win32_1.0.0.202411081344/tools/bin/../lib/gcc/arm-none-eabi/13.3.1/../../../../arm-none-eabi/lib/thumb/v6-m/nofp\libc_nano.a(libc_a-mlock.o)
 .ARM.attributes
                0x00000794       0x2c C:/ST/STM32CubeIDE_1.18.1/STM32CubeIDE/plugins/com.st.stm32cube.ide.mcu.externaltools.gnu-tools-for-stm32.13.3.rel1.win32_1.0.0.202411081344/tools/bin/../lib/gcc/arm-none-eabi/13.3.1/../../../../arm-none-eabi/lib/thumb/v6-m/nofp\libc_nano.a(libc_a-nano-svfprintf.o)
 .ARM.attributes
                0x000007c0       0x2c C:/ST/STM32CubeIDE_1.18.1/STM32CubeIDE/plugins/com.st.stm32cube.ide.mcu.externaltools.gnu-tools-for-stm32.13.3.rel1.win32_1.0.0.202411081344/tools/bin/../lib/gcc/arm-none-eabi/13.3.1/../../../../arm-none-eabi/lib/thumb/v6-m/nofp\libc_nano.a(libc_a-nano-vfprintf_i.o)
 .ARM.attributes
                0x000007ec       0x2c C:/ST/STM32CubeIDE_1.18.1/STM32CubeIDE/plugins/com.st.stm32cube.ide.mcu.externaltools.gnu-tools-for-stm32.13.3.rel1.win32_1.0.0.202411081344/tools/bin/../lib/gcc/arm-none-eabi/13.3.1/../../../../arm-none-eabi/lib/thumb/v6-m/nofp\libc_nano.a(libc_a-memmove.o)
 .ARM.attributes
                0x00000818       0x2c C:/ST/STM32CubeIDE_1.18.1/STM32CubeIDE/plugins/com.st.stm32cube.ide.mcu.externaltools.gnu-tools-for-stm32.13.3.rel1.win32_1.0.0.202411081344/tools/bin/../lib/gcc/arm-none-eabi/13.3.1/../../../../arm-none-eabi/lib/thumb/v6-m/nofp\libc_nano.a(libc_a-sbrkr.o)
 .ARM.attributes
                0x00000844       0x2c C:/ST/STM32CubeIDE_1.18.1/STM32CubeIDE/plugins/com.st.stm32cube.ide.mcu.externaltools.gnu-tools-for-stm32.13.3.rel1.win32_1.0.0.202411081344/tools/bin/../lib/gcc/arm-none-eabi/13.3.1/../../../../arm-none-eabi/lib/thumb/v6-m/nofp\libc_nano.a(libc_a-memchr-stub.o)
 .ARM.attributes
                0x00000870       0x2c C:/ST/STM32CubeIDE_1.18.1/STM32CubeIDE/plugins/com.st.stm32cube.ide.mcu.externaltools.gnu-tools-for-stm32.13.3.rel1.win32_1.0.0.202411081344/tools/bin/../lib/gcc/arm-none-eabi/13.3.1/../../../../arm-none-eabi/lib/thumb/v6-m/nofp\libc_nano.a(libc_a-memcpy-stub.o)
 .ARM.attributes
                0x0000089c       0x2c C:/ST/STM32CubeIDE_1.18.1/STM32CubeIDE/plugins/com.st.stm32cube.ide.mcu.externaltools.gnu-tools-for-stm32.13.3.rel1.win32_1.0.0.202411081344/tools/bin/../lib/gcc/arm-none-eabi/13.3.1/../../../../arm-none-eabi/lib/thumb/v6-m/nofp\libc_nano.a(libc_a-reallocr.o)
 .ARM.attributes
                0x000008c8       0x2c C:/ST/STM32CubeIDE_1.18.1/STM32CubeIDE/plugins/com.st.stm32cube.ide.mcu.externaltools.gnu-tools-for-stm32.13.3.rel1.win32_1.0.0.202411081344/tools/bin/../lib/gcc/arm-none-eabi/13.3.1/../../../../arm-none-eabi/lib/thumb/v6-m/nofp\libc_nano.a(libc_a-msizer.o)
 .ARM.attributes
                0x000008f4       0x1e C:/ST/STM32CubeIDE_1.18.1/STM32CubeIDE/plugins/com.st.stm32cube.ide.mcu.externaltools.gnu-tools-for-stm32.13.3.rel1.win32_1.0.0.202411081344/tools/bin/../lib/gcc/arm-none-eabi/13.3.1/thumb/v6-m/nofp\libgcc.a(_thumb1_case_shi.o)
 .ARM.attributes
                0x00000912       0x1e C:/ST/STM32CubeIDE_1.18.1/STM32CubeIDE/plugins/com.st.stm32cube.ide.mcu.externaltools.gnu-tools-for-stm32.13.3.rel1.win32_1.0.0.202411081344/tools/bin/../lib/gcc/arm-none-eabi/13.3.1/thumb/v6-m/nofp\libgcc.a(_udivsi3.o)
 .ARM.attributes
                0x00000930       0x1e C:/ST/STM32CubeIDE_1.18.1/STM32CubeIDE/plugins/com.st.stm32cube.ide.mcu.externaltools.gnu-tools-for-stm32.13.3.rel1.win32_1.0.0.202411081344/tools/bin/../lib/gcc/arm-none-eabi/13.3.1/thumb/v6-m/nofp\libgcc.a(_divsi3.o)
 .ARM.attributes
                0x0000094e       0x1e C:/ST/STM32CubeIDE_1.18.1/STM32CubeIDE/plugins/com.st.stm32cube.ide.mcu.externaltools.gnu-tools-for-stm32.13.3.rel1.win32_1.0.0.202411081344/tools/bin/../lib/gcc/arm-none-eabi/13.3.1/thumb/v6-m/nofp\libgcc.a(_dvmd_tls.o)
 .ARM.attributes
                0x0000096c       0x1e C:/ST/STM32CubeIDE_1.18.1/STM32CubeIDE/plugins/com.st.stm32cube.ide.mcu.externaltools.gnu-tools-for-stm32.13.3.rel1.win32_1.0.0.202411081344/tools/bin/../lib/gcc/arm-none-eabi/13.3.1/thumb/v6-m/nofp/crtn.o
OUTPUT(stm32c0_swtimer.elf elf32-littlearm)
LOAD linker stubs
LOAD C:/ST/STM32CubeIDE_1.18.1/STM32CubeIDE/plugins/com.st.stm32cube.ide.mcu.externaltools.gnu-tools-for-stm32.13.3.rel1.win32_1.0.0.202411081344/tools/bin/../lib/gcc/arm-none-eabi/13.3.1/../../../../arm-none-eabi/lib/thumb/v6-m/nofp\libc.a
LOAD C:/ST/STM32CubeIDE_1.18.1/STM32CubeIDE/plugins/com.st.stm32cube.ide.mcu.externaltools.gnu-tools-for-stm32.13.3.rel1.win32_1.0.0.202411081344/tools/bin/../lib/gcc/arm-none-eabi/13.3.1/../../../../arm-none-eabi/lib/thumb/v6-m/nofp\libm.a
LOAD C:/ST/STM32CubeIDE_1.18.1/STM32CubeIDE/plugins/com.st.stm32cube.ide.mcu.externaltools.gnu-tools-for-stm32.13.3.rel1.win32_1.0.0.202411081344/tools/bin/../lib/gcc/arm-none-eabi/13.3.1/thumb/v6-m/nofp\libgcc.a

.debug_info     0x00000000    0x1aae5
 .debug_info    0x00000000      0x6bd ./App/ap.o
 .debug_info    0x000006bd      0x88f ./App/src/adc.o
 .debug_info    0x00000f4c      0x251 ./App/src/button.o
 .debug_info    0x0000119d      0x769 ./App/src/cli.o
 .debug_info    0x00001906      0x233 ./App/src/led.o
 .debug_info    0x00001b39      0x869 ./App/src/pwm.o
 .debug_info    0x000023a2      0xa0e ./App/src/swtimer.o
 .debug_info    0x00002db0      0xb5a ./App/src/uart.o
 .debug_info    0x0000390a      0x15b ./App/src/utils.o
 .debug_info    0x00003a65     0x1b81 ./Core/Src/main.o
 .debug_info    0x000055e6     0x163a ./Core/Src/stm32c0xx_hal_msp.o
 .debug_info    0x00006c20      0x7f3 ./Core/Src/stm32c0xx_it.o
 .debug_info    0x00007413      0x17f ./Core/Src/sysmem.o
 .debug_info    0x00007592      0x37f ./Core/Src/system_stm32c0xx.o
 .debug_info    0x00007911       0x30 ./Core/Startup/startup_stm32c031c6tx.o
 .debug_info    0x00007941      0x9e9 ./Drivers/STM32C0xx_HAL_Driver/Src/stm32c0xx_hal.o
 .debug_info    0x0000832a     0x226d ./Drivers/STM32C0xx_HAL_Driver/Src/stm32c0xx_hal_adc.o
 .debug_info    0x0000a597      0xcf6 ./Drivers/STM32C0xx_HAL_Driver/Src/stm32c0xx_hal_adc_ex.o
 .debug_info    0x0000b28d      0x9cf ./Drivers/STM32C0xx_HAL_Driver/Src/stm32c0xx_hal_cortex.o
 .debug_info    0x0000bc5c      0x9d4 ./Drivers/STM32C0xx_HAL_Driver/Src/stm32c0xx_hal_dma.o
 .debug_info    0x0000c630      0x60b ./Drivers/STM32C0xx_HAL_Driver/Src/stm32c0xx_hal_gpio.o
 .debug_info    0x0000cc3b      0xb0d ./Drivers/STM32C0xx_HAL_Driver/Src/stm32c0xx_hal_rcc.o
 .debug_info    0x0000d748     0x3e79 ./Drivers/STM32C0xx_HAL_Driver/Src/stm32c0xx_hal_tim.o
 .debug_info    0x000115c1     0x1e93 ./Drivers/STM32C0xx_HAL_Driver/Src/stm32c0xx_hal_tim_ex.o
 .debug_info    0x00013454     0x60e5 ./Drivers/STM32C0xx_HAL_Driver/Src/stm32c0xx_hal_uart.o
 .debug_info    0x00019539     0x11d7 ./Drivers/STM32C0xx_HAL_Driver/Src/stm32c0xx_hal_uart_ex.o
 .debug_info    0x0001a710      0x3d5 ./Drivers/STM32C0xx_HAL_Driver/Src/stm32c0xx_ll_utils.o

.debug_abbrev   0x00000000     0x3b3a
 .debug_abbrev  0x00000000      0x1d8 ./App/ap.o
 .debug_abbrev  0x000001d8      0x1f0 ./App/src/adc.o
 .debug_abbrev  0x000003c8      0x157 ./App/src/button.o
 .debug_abbrev  0x0000051f      0x1fa ./App/src/cli.o
 .debug_abbrev  0x00000719      0x12d ./App/src/led.o
 .debug_abbrev  0x00000846      0x20a ./App/src/pwm.o
 .debug_abbrev  0x00000a50      0x266 ./App/src/swtimer.o
 .debug_abbrev  0x00000cb6      0x243 ./App/src/uart.o
 .debug_abbrev  0x00000ef9       0xfb ./App/src/utils.o
 .debug_abbrev  0x00000ff4      0x371 ./Core/Src/main.o
 .debug_abbrev  0x00001365      0x2f7 ./Core/Src/stm32c0xx_hal_msp.o
 .debug_abbrev  0x0000165c      0x1c7 ./Core/Src/stm32c0xx_it.o
 .debug_abbrev  0x00001823       0xeb ./Core/Src/sysmem.o
 .debug_abbrev  0x0000190e      0x12e ./Core/Src/system_stm32c0xx.o
 .debug_abbrev  0x00001a3c       0x24 ./Core/Startup/startup_stm32c031c6tx.o
 .debug_abbrev  0x00001a60      0x312 ./Drivers/STM32C0xx_HAL_Driver/Src/stm32c0xx_hal.o
 .debug_abbrev  0x00001d72      0x2fd ./Drivers/STM32C0xx_HAL_Driver/Src/stm32c0xx_hal_adc.o
 .debug_abbrev  0x0000206f      0x2cd ./Drivers/STM32C0xx_HAL_Driver/Src/stm32c0xx_hal_adc_ex.o
 .debug_abbrev  0x0000233c      0x317 ./Drivers/STM32C0xx_HAL_Driver/Src/stm32c0xx_hal_cortex.o
 .debug_abbrev  0x00002653      0x1e9 ./Drivers/STM32C0xx_HAL_Driver/Src/stm32c0xx_hal_dma.o
 .debug_abbrev  0x0000283c      0x209 ./Drivers/STM32C0xx_HAL_Driver/Src/stm32c0xx_hal_gpio.o
 .debug_abbrev  0x00002a45      0x2c3 ./Drivers/STM32C0xx_HAL_Driver/Src/stm32c0xx_hal_rcc.o
 .debug_abbrev  0x00002d08      0x285 ./Drivers/STM32C0xx_HAL_Driver/Src/stm32c0xx_hal_tim.o
 .debug_abbrev  0x00002f8d      0x298 ./Drivers/STM32C0xx_HAL_Driver/Src/stm32c0xx_hal_tim_ex.o
 .debug_abbrev  0x00003225      0x377 ./Drivers/STM32C0xx_HAL_Driver/Src/stm32c0xx_hal_uart.o
 .debug_abbrev  0x0000359c      0x358 ./Drivers/STM32C0xx_HAL_Driver/Src/stm32c0xx_hal_uart_ex.o
 .debug_abbrev  0x000038f4      0x246 ./Drivers/STM32C0xx_HAL_Driver/Src/stm32c0xx_ll_utils.o

.debug_loclists
                0x00000000     0xc1b0
 .debug_loclists
                0x00000000      0x159 ./App/ap.o
 .debug_loclists
                0x00000159       0x68 ./App/src/adc.o
 .debug_loclists
                0x000001c1       0xbd ./App/src/button.o
 .debug_loclists
                0x0000027e      0x1b3 ./App/src/cli.o
 .debug_loclists
                0x00000431       0xc5 ./App/src/led.o
 .debug_loclists
                0x000004f6       0x5d ./App/src/pwm.o
 .debug_loclists
                0x00000553      0x192 ./App/src/swtimer.o
 .debug_loclists
                0x000006e5      0x27f ./App/src/uart.o
 .debug_loclists
                0x00000964       0x29 ./App/src/utils.o
 .debug_loclists
                0x0000098d       0x55 ./Core/Src/main.o
 .debug_loclists
                0x000009e2      0x175 ./Core/Src/stm32c0xx_hal_msp.o
 .debug_loclists
                0x00000b57       0x6d ./Core/Src/sysmem.o
 .debug_loclists
                0x00000bc4       0x26 ./Core/Src/system_stm32c0xx.o
 .debug_loclists
                0x00000bea      0x19a ./Drivers/STM32C0xx_HAL_Driver/Src/stm32c0xx_hal.o
 .debug_loclists
                0x00000d84     0x1062 ./Drivers/STM32C0xx_HAL_Driver/Src/stm32c0xx_hal_adc.o
 .debug_loclists
                0x00001de6      0x29f ./Drivers/STM32C0xx_HAL_Driver/Src/stm32c0xx_hal_adc_ex.o
 .debug_loclists
                0x00002085      0x225 ./Drivers/STM32C0xx_HAL_Driver/Src/stm32c0xx_hal_cortex.o
 .debug_loclists
                0x000022aa      0x696 ./Drivers/STM32C0xx_HAL_Driver/Src/stm32c0xx_hal_dma.o
 .debug_loclists
                0x00002940      0x307 ./Drivers/STM32C0xx_HAL_Driver/Src/stm32c0xx_hal_gpio.o
 .debug_loclists
                0x00002c47      0x461 ./Drivers/STM32C0xx_HAL_Driver/Src/stm32c0xx_hal_rcc.o
 .debug_loclists
                0x000030a8     0x3f16 ./Drivers/STM32C0xx_HAL_Driver/Src/stm32c0xx_hal_tim.o
 .debug_loclists
                0x00006fbe     0x1c85 ./Drivers/STM32C0xx_HAL_Driver/Src/stm32c0xx_hal_tim_ex.o
 .debug_loclists
                0x00008c43     0x2c1c ./Drivers/STM32C0xx_HAL_Driver/Src/stm32c0xx_hal_uart.o
 .debug_loclists
                0x0000b85f      0x847 ./Drivers/STM32C0xx_HAL_Driver/Src/stm32c0xx_hal_uart_ex.o
 .debug_loclists
                0x0000c0a6      0x10a ./Drivers/STM32C0xx_HAL_Driver/Src/stm32c0xx_ll_utils.o

.debug_aranges  0x00000000     0x10e0
 .debug_aranges
                0x00000000       0x40 ./App/ap.o
 .debug_aranges
                0x00000040       0x30 ./App/src/adc.o
 .debug_aranges
                0x00000070       0x30 ./App/src/button.o
 .debug_aranges
                0x000000a0       0x58 ./App/src/cli.o
 .debug_aranges
                0x000000f8       0x40 ./App/src/led.o
 .debug_aranges
                0x00000138       0x30 ./App/src/pwm.o
 .debug_aranges
                0x00000168       0x50 ./App/src/swtimer.o
 .debug_aranges
                0x000001b8       0x48 ./App/src/uart.o
 .debug_aranges
                0x00000200       0x28 ./App/src/utils.o
 .debug_aranges
                0x00000228       0x60 ./Core/Src/main.o
 .debug_aranges
                0x00000288       0x58 ./Core/Src/stm32c0xx_hal_msp.o
 .debug_aranges
                0x000002e0       0x48 ./Core/Src/stm32c0xx_it.o
 .debug_aranges
                0x00000328       0x20 ./Core/Src/sysmem.o
 .debug_aranges
                0x00000348       0x28 ./Core/Src/system_stm32c0xx.o
 .debug_aranges
                0x00000370       0x28 ./Core/Startup/startup_stm32c031c6tx.o
 .debug_aranges
                0x00000398       0xf0 ./Drivers/STM32C0xx_HAL_Driver/Src/stm32c0xx_hal.o
 .debug_aranges
                0x00000488      0x118 ./Drivers/STM32C0xx_HAL_Driver/Src/stm32c0xx_hal_adc.o
 .debug_aranges
                0x000005a0       0x58 ./Drivers/STM32C0xx_HAL_Driver/Src/stm32c0xx_hal_adc_ex.o
 .debug_aranges
                0x000005f8       0xc0 ./Drivers/STM32C0xx_HAL_Driver/Src/stm32c0xx_hal_cortex.o
 .debug_aranges
                0x000006b8       0x90 ./Drivers/STM32C0xx_HAL_Driver/Src/stm32c0xx_hal_dma.o
 .debug_aranges
                0x00000748       0x68 ./Drivers/STM32C0xx_HAL_Driver/Src/stm32c0xx_hal_gpio.o
 .debug_aranges
                0x000007b0       0x90 ./Drivers/STM32C0xx_HAL_Driver/Src/stm32c0xx_hal_rcc.o
 .debug_aranges
                0x00000840      0x3e0 ./Drivers/STM32C0xx_HAL_Driver/Src/stm32c0xx_hal_tim.o
 .debug_aranges
                0x00000c20      0x198 ./Drivers/STM32C0xx_HAL_Driver/Src/stm32c0xx_hal_tim_ex.o
 .debug_aranges
                0x00000db8      0x248 ./Drivers/STM32C0xx_HAL_Driver/Src/stm32c0xx_hal_uart.o
 .debug_aranges
                0x00001000       0xa8 ./Drivers/STM32C0xx_HAL_Driver/Src/stm32c0xx_hal_uart_ex.o
 .debug_aranges
                0x000010a8       0x38 ./Drivers/STM32C0xx_HAL_Driver/Src/stm32c0xx_ll_utils.o

.debug_rnglists
                0x00000000      0xe3b
 .debug_rnglists
                0x00000000       0x39 ./App/ap.o
 .debug_rnglists
                0x00000039       0x1f ./App/src/adc.o
 .debug_rnglists
                0x00000058       0x2b ./App/src/button.o
 .debug_rnglists
                0x00000083       0x5d ./App/src/cli.o
 .debug_rnglists
                0x000000e0       0x2b ./App/src/led.o
 .debug_rnglists
                0x0000010b       0x1f ./App/src/pwm.o
 .debug_rnglists
                0x0000012a       0x37 ./App/src/swtimer.o
 .debug_rnglists
                0x00000161       0x31 ./App/src/uart.o
 .debug_rnglists
                0x00000192       0x19 ./App/src/utils.o
 .debug_rnglists
                0x000001ab       0x52 ./Core/Src/main.o
 .debug_rnglists
                0x000001fd       0x3f ./Core/Src/stm32c0xx_hal_msp.o
 .debug_rnglists
                0x0000023c       0x31 ./Core/Src/stm32c0xx_it.o
 .debug_rnglists
                0x0000026d       0x13 ./Core/Src/sysmem.o
 .debug_rnglists
                0x00000280       0x19 ./Core/Src/system_stm32c0xx.o
 .debug_rnglists
                0x00000299       0x19 ./Core/Startup/startup_stm32c031c6tx.o
 .debug_rnglists
                0x000002b2       0xaf ./Drivers/STM32C0xx_HAL_Driver/Src/stm32c0xx_hal.o
 .debug_rnglists
                0x00000361      0x146 ./Drivers/STM32C0xx_HAL_Driver/Src/stm32c0xx_hal_adc.o
 .debug_rnglists
                0x000004a7       0x3e ./Drivers/STM32C0xx_HAL_Driver/Src/stm32c0xx_hal_adc_ex.o
 .debug_rnglists
                0x000004e5       0x97 ./Drivers/STM32C0xx_HAL_Driver/Src/stm32c0xx_hal_cortex.o
 .debug_rnglists
                0x0000057c       0x6e ./Drivers/STM32C0xx_HAL_Driver/Src/stm32c0xx_hal_dma.o
 .debug_rnglists
                0x000005ea       0x4b ./Drivers/STM32C0xx_HAL_Driver/Src/stm32c0xx_hal_gpio.o
 .debug_rnglists
                0x00000635       0x8a ./Drivers/STM32C0xx_HAL_Driver/Src/stm32c0xx_hal_rcc.o
 .debug_rnglists
                0x000006bf      0x310 ./Drivers/STM32C0xx_HAL_Driver/Src/stm32c0xx_hal_tim.o
 .debug_rnglists
                0x000009cf      0x13f ./Drivers/STM32C0xx_HAL_Driver/Src/stm32c0xx_hal_tim_ex.o
 .debug_rnglists
                0x00000b0e      0x25c ./Drivers/STM32C0xx_HAL_Driver/Src/stm32c0xx_hal_uart.o
 .debug_rnglists
                0x00000d6a       0xac ./Drivers/STM32C0xx_HAL_Driver/Src/stm32c0xx_hal_uart_ex.o
 .debug_rnglists
                0x00000e16       0x25 ./Drivers/STM32C0xx_HAL_Driver/Src/stm32c0xx_ll_utils.o

.debug_macro    0x00000000    0x18a9f
 .debug_macro   0x00000000      0x3fe ./App/ap.o
 .debug_macro   0x000003fe      0xab4 ./App/ap.o
 .debug_macro   0x00000eb2       0x22 ./App/ap.o
 .debug_macro   0x00000ed4       0x22 ./App/ap.o
 .debug_macro   0x00000ef6       0x8e ./App/ap.o
 .debug_macro   0x00000f84       0x51 ./App/ap.o
 .debug_macro   0x00000fd5      0x103 ./App/ap.o
 .debug_macro   0x000010d8       0x6a ./App/ap.o
 .debug_macro   0x00001142      0x1df ./App/ap.o
 .debug_macro   0x00001321       0x58 ./App/ap.o
 .debug_macro   0x00001379       0x61 ./App/ap.o
 .debug_macro   0x000013da       0x24 ./App/ap.o
 .debug_macro   0x000013fe       0x43 ./App/ap.o
 .debug_macro   0x00001441       0x34 ./App/ap.o
 .debug_macro   0x00001475       0x16 ./App/ap.o
 .debug_macro   0x0000148b       0x9e ./App/ap.o
 .debug_macro   0x00001529      0x370 ./App/ap.o
 .debug_macro   0x00001899      0x112 ./App/ap.o
 .debug_macro   0x000019ab       0x16 ./App/ap.o
 .debug_macro   0x000019c1       0x4a ./App/ap.o
 .debug_macro   0x00001a0b       0x34 ./App/ap.o
 .debug_macro   0x00001a3f       0x10 ./App/ap.o
 .debug_macro   0x00001a4f       0x58 ./App/ap.o
 .debug_macro   0x00001aa7       0x8e ./App/ap.o
 .debug_macro   0x00001b35       0x1c ./App/ap.o
 .debug_macro   0x00001b51      0x185 ./App/ap.o
 .debug_macro   0x00001cd6       0x16 ./App/ap.o
 .debug_macro   0x00001cec       0x16 ./App/ap.o
 .debug_macro   0x00001d02      0x146 ./App/ap.o
 .debug_macro   0x00001e48       0x16 ./App/ap.o
 .debug_macro   0x00001e5e       0x3c ./App/ap.o
 .debug_macro   0x00001e9a       0x20 ./App/ap.o
 .debug_macro   0x00001eba       0x16 ./App/ap.o
 .debug_macro   0x00001ed0       0x16 ./App/ap.o
 .debug_macro   0x00001ee6       0x29 ./App/ap.o
 .debug_macro   0x00001f0f       0x2e ./App/ap.o
 .debug_macro   0x00001f3d       0x28 ./App/ap.o
 .debug_macro   0x00001f65       0x1c ./App/ap.o
 .debug_macro   0x00001f81       0x22 ./App/ap.o
 .debug_macro   0x00001fa3       0xd1 ./App/ap.o
 .debug_macro   0x00002074      0x4da ./App/ap.o
 .debug_macro   0x0000254e      0x11f ./App/ap.o
 .debug_macro   0x0000266d     0x93cf ./App/ap.o
 .debug_macro   0x0000ba3c       0x6d ./App/ap.o
 .debug_macro   0x0000baa9      0x175 ./App/ap.o
 .debug_macro   0x0000bc1e       0xef ./App/ap.o
 .debug_macro   0x0000bd0d     0x3440 ./App/ap.o
 .debug_macro   0x0000f14d       0x55 ./App/ap.o
 .debug_macro   0x0000f1a2      0x374 ./App/ap.o
 .debug_macro   0x0000f516      0xb47 ./App/ap.o
 .debug_macro   0x0001005d      0x145 ./App/ap.o
 .debug_macro   0x000101a2      0x15f ./App/ap.o
 .debug_macro   0x00010301      0x19d ./App/ap.o
 .debug_macro   0x0001049e      0x264 ./App/ap.o
 .debug_macro   0x00010702      0x17e ./App/ap.o
 .debug_macro   0x00010880       0x43 ./App/ap.o
 .debug_macro   0x000108c3      0x1f1 ./App/ap.o
 .debug_macro   0x00010ab4      0x91d ./App/ap.o
 .debug_macro   0x000113d1      0x5d7 ./App/ap.o
 .debug_macro   0x000119a8       0x2e ./App/ap.o
 .debug_macro   0x000119d6      0x1b1 ./App/ap.o
 .debug_macro   0x00011b87      0x37c ./App/ap.o
 .debug_macro   0x00011f03       0x28 ./App/ap.o
 .debug_macro   0x00011f2b       0xb3 ./App/ap.o
 .debug_macro   0x00011fde      0x104 ./App/ap.o
 .debug_macro   0x000120e2       0xf6 ./App/ap.o
 .debug_macro   0x000121d8      0xaa6 ./App/ap.o
 .debug_macro   0x00012c7e       0xd9 ./App/ap.o
 .debug_macro   0x00012d57      0x67e ./App/ap.o
 .debug_macro   0x000133d5       0xa6 ./App/ap.o
 .debug_macro   0x0001347b      0x3a9 ./App/ap.o
 .debug_macro   0x00013824      0x130 ./App/ap.o
 .debug_macro   0x00013954      0x16a ./App/ap.o
 .debug_macro   0x00013abe      0x179 ./App/ap.o
 .debug_macro   0x00013c37       0x41 ./App/ap.o
 .debug_macro   0x00013c78      0x152 ./App/ap.o
 .debug_macro   0x00013dca      0x2e3 ./App/ap.o
 .debug_macro   0x000140ad      0x185 ./App/ap.o
 .debug_macro   0x00014232      0x166 ./App/ap.o
 .debug_macro   0x00014398       0x40 ./App/ap.o
 .debug_macro   0x000143d8       0x10 ./App/ap.o
 .debug_macro   0x000143e8       0x10 ./App/ap.o
 .debug_macro   0x000143f8      0x3b0 ./App/src/adc.o
 .debug_macro   0x000147a8      0x3c0 ./App/src/button.o
 .debug_macro   0x00014b68      0x3bf ./App/src/cli.o
 .debug_macro   0x00014f27      0x3ba ./App/src/led.o
 .debug_macro   0x000152e1      0x3b0 ./App/src/pwm.o
 .debug_macro   0x00015691      0x3b6 ./App/src/swtimer.o
 .debug_macro   0x00015a47      0x3bc ./App/src/uart.o
 .debug_macro   0x00015e03      0x3b0 ./App/src/utils.o
 .debug_macro   0x000161b3      0x3fe ./Core/Src/main.o
 .debug_macro   0x000165b1      0x190 ./Core/Src/main.o
 .debug_macro   0x00016741       0x5b ./Core/Src/main.o
 .debug_macro   0x0001679c      0x258 ./Core/Src/stm32c0xx_hal_msp.o
 .debug_macro   0x000169f4      0x262 ./Core/Src/stm32c0xx_it.o
 .debug_macro   0x00016c56      0x112 ./Core/Src/sysmem.o
 .debug_macro   0x00016d68      0x23c ./Core/Src/sysmem.o
 .debug_macro   0x00016fa4      0x1fe ./Core/Src/system_stm32c0xx.o
 .debug_macro   0x000171a2      0x216 ./Drivers/STM32C0xx_HAL_Driver/Src/stm32c0xx_hal.o
 .debug_macro   0x000173b8      0x21c ./Drivers/STM32C0xx_HAL_Driver/Src/stm32c0xx_hal_adc.o
 .debug_macro   0x000175d4      0x204 ./Drivers/STM32C0xx_HAL_Driver/Src/stm32c0xx_hal_adc_ex.o
 .debug_macro   0x000177d8      0x1f8 ./Drivers/STM32C0xx_HAL_Driver/Src/stm32c0xx_hal_cortex.o
 .debug_macro   0x000179d0      0x1f8 ./Drivers/STM32C0xx_HAL_Driver/Src/stm32c0xx_hal_dma.o
 .debug_macro   0x00017bc8      0x22d ./Drivers/STM32C0xx_HAL_Driver/Src/stm32c0xx_hal_gpio.o
 .debug_macro   0x00017df5      0x228 ./Drivers/STM32C0xx_HAL_Driver/Src/stm32c0xx_hal_rcc.o
 .debug_macro   0x0001801d      0x200 ./Drivers/STM32C0xx_HAL_Driver/Src/stm32c0xx_hal_tim.o
 .debug_macro   0x0001821d      0x1fe ./Drivers/STM32C0xx_HAL_Driver/Src/stm32c0xx_hal_tim_ex.o
 .debug_macro   0x0001841b      0x215 ./Drivers/STM32C0xx_HAL_Driver/Src/stm32c0xx_hal_uart.o
 .debug_macro   0x00018630      0x204 ./Drivers/STM32C0xx_HAL_Driver/Src/stm32c0xx_hal_uart_ex.o
 .debug_macro   0x00018834      0x230 ./Drivers/STM32C0xx_HAL_Driver/Src/stm32c0xx_ll_utils.o
 .debug_macro   0x00018a64       0x3b ./Drivers/STM32C0xx_HAL_Driver/Src/stm32c0xx_ll_utils.o

.debug_line     0x00000000    0x1f086
 .debug_line    0x00000000      0xc47 ./App/ap.o
 .debug_line    0x00000c47      0xab3 ./App/src/adc.o
 .debug_line    0x000016fa      0xb17 ./App/src/button.o
 .debug_line    0x00002211      0xccb ./App/src/cli.o
 .debug_line    0x00002edc      0xb17 ./App/src/led.o
 .debug_line    0x000039f3      0xab8 ./App/src/pwm.o
 .debug_line    0x000044ab      0xc4a ./App/src/swtimer.o
 .debug_line    0x000050f5      0xbd2 ./App/src/uart.o
 .debug_line    0x00005cc7      0xa80 ./App/src/utils.o
 .debug_line    0x00006747     0x107d ./Core/Src/main.o
 .debug_line    0x000077c4      0xb77 ./Core/Src/stm32c0xx_hal_msp.o
 .debug_line    0x0000833b      0x8f5 ./Core/Src/stm32c0xx_it.o
 .debug_line    0x00008c30      0x5b6 ./Core/Src/sysmem.o
 .debug_line    0x000091e6      0x82b ./Core/Src/system_stm32c0xx.o
 .debug_line    0x00009a11       0x7d ./Core/Startup/startup_stm32c031c6tx.o
 .debug_line    0x00009a8e      0xb92 ./Drivers/STM32C0xx_HAL_Driver/Src/stm32c0xx_hal.o
 .debug_line    0x0000a620     0x2072 ./Drivers/STM32C0xx_HAL_Driver/Src/stm32c0xx_hal_adc.o
 .debug_line    0x0000c692      0xbc4 ./Drivers/STM32C0xx_HAL_Driver/Src/stm32c0xx_hal_adc_ex.o
 .debug_line    0x0000d256      0xc98 ./Drivers/STM32C0xx_HAL_Driver/Src/stm32c0xx_hal_cortex.o
 .debug_line    0x0000deee     0x1150 ./Drivers/STM32C0xx_HAL_Driver/Src/stm32c0xx_hal_dma.o
 .debug_line    0x0000f03e      0xd1b ./Drivers/STM32C0xx_HAL_Driver/Src/stm32c0xx_hal_gpio.o
 .debug_line    0x0000fd59     0x10c0 ./Drivers/STM32C0xx_HAL_Driver/Src/stm32c0xx_hal_rcc.o
 .debug_line    0x00010e19     0x51a7 ./Drivers/STM32C0xx_HAL_Driver/Src/stm32c0xx_hal_tim.o
 .debug_line    0x00015fc0     0x23ae ./Drivers/STM32C0xx_HAL_Driver/Src/stm32c0xx_hal_tim_ex.o
 .debug_line    0x0001836e     0x52f2 ./Drivers/STM32C0xx_HAL_Driver/Src/stm32c0xx_hal_uart.o
 .debug_line    0x0001d660     0x10f1 ./Drivers/STM32C0xx_HAL_Driver/Src/stm32c0xx_hal_uart_ex.o
 .debug_line    0x0001e751      0x935 ./Drivers/STM32C0xx_HAL_Driver/Src/stm32c0xx_ll_utils.o

.debug_str      0x00000000    0x8f478
 .debug_str     0x00000000    0x8f478 ./App/ap.o
                              0x8a5cd (size before relaxing)
 .debug_str     0x0008f478    0x8a982 ./App/src/adc.o
 .debug_str     0x0008f478    0x8a46d ./App/src/button.o
 .debug_str     0x0008f478    0x8a570 ./App/src/cli.o
 .debug_str     0x0008f478    0x8a41d ./App/src/led.o
 .debug_str     0x0008f478    0x8aa32 ./App/src/pwm.o
 .debug_str     0x0008f478    0x8ab05 ./App/src/swtimer.o
 .debug_str     0x0008f478    0x8aa2a ./App/src/uart.o
 .debug_str     0x0008f478    0x8a3e8 ./App/src/utils.o
 .debug_str     0x0008f478    0x8b5b0 ./Core/Src/main.o
 .debug_str     0x0008f478    0x877df ./Core/Src/stm32c0xx_hal_msp.o
 .debug_str     0x0008f478    0x86f44 ./Core/Src/stm32c0xx_it.o
 .debug_str     0x0008f478     0x767f ./Core/Src/sysmem.o
 .debug_str     0x0008f478    0x81d84 ./Core/Src/system_stm32c0xx.o
 .debug_str     0x0008f478       0x71 ./Core/Startup/startup_stm32c031c6tx.o
 .debug_str     0x0008f478    0x823ed ./Drivers/STM32C0xx_HAL_Driver/Src/stm32c0xx_hal.o
 .debug_str     0x0008f478    0x82b58 ./Drivers/STM32C0xx_HAL_Driver/Src/stm32c0xx_hal_adc.o
 .debug_str     0x0008f478    0x82506 ./Drivers/STM32C0xx_HAL_Driver/Src/stm32c0xx_hal_adc_ex.o
 .debug_str     0x0008f478    0x8219d ./Drivers/STM32C0xx_HAL_Driver/Src/stm32c0xx_hal_cortex.o
 .debug_str     0x0008f478    0x82209 ./Drivers/STM32C0xx_HAL_Driver/Src/stm32c0xx_hal_dma.o
 .debug_str     0x0008f478    0x81f7c ./Drivers/STM32C0xx_HAL_Driver/Src/stm32c0xx_hal_gpio.o
 .debug_str     0x0008f478    0x8236f ./Drivers/STM32C0xx_HAL_Driver/Src/stm32c0xx_hal_rcc.o
 .debug_str     0x0008f478    0x832ac ./Drivers/STM32C0xx_HAL_Driver/Src/stm32c0xx_hal_tim.o
 .debug_str     0x0008f478    0x82c3a ./Drivers/STM32C0xx_HAL_Driver/Src/stm32c0xx_hal_tim_ex.o
 .debug_str     0x0008f478    0x82ce2 ./Drivers/STM32C0xx_HAL_Driver/Src/stm32c0xx_hal_uart.o
 .debug_str     0x0008f478    0x8260a ./Drivers/STM32C0xx_HAL_Driver/Src/stm32c0xx_hal_uart_ex.o
 .debug_str     0x0008f478    0x8260c ./Drivers/STM32C0xx_HAL_Driver/Src/stm32c0xx_ll_utils.o

.comment        0x00000000       0x43
 .comment       0x00000000       0x43 ./App/ap.o
                                 0x44 (size before relaxing)
 .comment       0x00000043       0x44 ./App/src/adc.o
 .comment       0x00000043       0x44 ./App/src/button.o
 .comment       0x00000043       0x44 ./App/src/cli.o
 .comment       0x00000043       0x44 ./App/src/led.o
 .comment       0x00000043       0x44 ./App/src/pwm.o
 .comment       0x00000043       0x44 ./App/src/swtimer.o
 .comment       0x00000043       0x44 ./App/src/uart.o
 .comment       0x00000043       0x44 ./App/src/utils.o
 .comment       0x00000043       0x44 ./Core/Src/main.o
 .comment       0x00000043       0x44 ./Core/Src/stm32c0xx_hal_msp.o
 .comment       0x00000043       0x44 ./Core/Src/stm32c0xx_it.o
 .comment       0x00000043       0x44 ./Core/Src/sysmem.o
 .comment       0x00000043       0x44 ./Core/Src/system_stm32c0xx.o
 .comment       0x00000043       0x44 ./Drivers/STM32C0xx_HAL_Driver/Src/stm32c0xx_hal.o
 .comment       0x00000043       0x44 ./Drivers/STM32C0xx_HAL_Driver/Src/stm32c0xx_hal_adc.o
 .comment       0x00000043       0x44 ./Drivers/STM32C0xx_HAL_Driver/Src/stm32c0xx_hal_adc_ex.o
 .comment       0x00000043       0x44 ./Drivers/STM32C0xx_HAL_Driver/Src/stm32c0xx_hal_cortex.o
 .comment       0x00000043       0x44 ./Drivers/STM32C0xx_HAL_Driver/Src/stm32c0xx_hal_dma.o
 .comment       0x00000043       0x44 ./Drivers/STM32C0xx_HAL_Driver/Src/stm32c0xx_hal_gpio.o
 .comment       0x00000043       0x44 ./Drivers/STM32C0xx_HAL_Driver/Src/stm32c0xx_hal_rcc.o
 .comment       0x00000043       0x44 ./Drivers/STM32C0xx_HAL_Driver/Src/stm32c0xx_hal_tim.o
 .comment       0x00000043       0x44 ./Drivers/STM32C0xx_HAL_Driver/Src/stm32c0xx_hal_tim_ex.o
 .comment       0x00000043       0x44 ./Drivers/STM32C0xx_HAL_Driver/Src/stm32c0xx_hal_uart.o
 .comment       0x00000043       0x44 ./Drivers/STM32C0xx_HAL_Driver/Src/stm32c0xx_hal_uart_ex.o
 .comment       0x00000043       0x44 ./Drivers/STM32C0xx_HAL_Driver/Src/stm32c0xx_ll_utils.o

.debug_frame    0x00000000     0x316c
 .debug_frame   0x00000000       0x98 ./App/ap.o
 .debug_frame   0x00000098       0x50 ./App/src/adc.o
 .debug_frame   0x000000e8       0x54 ./App/src/button.o
 .debug_frame   0x0000013c       0xe0 ./App/src/cli.o
 .debug_frame   0x0000021c       0x78 ./App/src/led.o
 .debug_frame   0x00000294       0x48 ./App/src/pwm.o
 .debug_frame   0x000002dc       0xac ./App/src/swtimer.o
 .debug_frame   0x00000388       0x9c ./App/src/uart.o
 .debug_frame   0x00000424       0x40 ./App/src/utils.o
 .debug_frame   0x00000464       0xd8 ./Core/Src/main.o
 .debug_frame   0x0000053c       0xd8 ./Core/Src/stm32c0xx_hal_msp.o
 .debug_frame   0x00000614       0x80 ./Core/Src/stm32c0xx_it.o
 .debug_frame   0x00000694       0x28 ./Core/Src/sysmem.o
 .debug_frame   0x000006bc       0x30 ./Core/Src/system_stm32c0xx.o
 .debug_frame   0x000006ec      0x1ec ./Drivers/STM32C0xx_HAL_Driver/Src/stm32c0xx_hal.o
 .debug_frame   0x000008d8      0x2fc ./Drivers/STM32C0xx_HAL_Driver/Src/stm32c0xx_hal_adc.o
 .debug_frame   0x00000bd4       0xac ./Drivers/STM32C0xx_HAL_Driver/Src/stm32c0xx_hal_adc_ex.o
 .debug_frame   0x00000c80      0x194 ./Drivers/STM32C0xx_HAL_Driver/Src/stm32c0xx_hal_cortex.o
 .debug_frame   0x00000e14      0x188 ./Drivers/STM32C0xx_HAL_Driver/Src/stm32c0xx_hal_dma.o
 .debug_frame   0x00000f9c       0xe8 ./Drivers/STM32C0xx_HAL_Driver/Src/stm32c0xx_hal_gpio.o
 .debug_frame   0x00001084      0x168 ./Drivers/STM32C0xx_HAL_Driver/Src/stm32c0xx_hal_rcc.o
 .debug_frame   0x000011ec      0xb20 ./Drivers/STM32C0xx_HAL_Driver/Src/stm32c0xx_hal_tim.o
 .debug_frame   0x00001d0c      0x4c0 ./Drivers/STM32C0xx_HAL_Driver/Src/stm32c0xx_hal_tim_ex.o
 .debug_frame   0x000021cc      0x6dc ./Drivers/STM32C0xx_HAL_Driver/Src/stm32c0xx_hal_uart.o
 .debug_frame   0x000028a8      0x1e0 ./Drivers/STM32C0xx_HAL_Driver/Src/stm32c0xx_hal_uart_ex.o
 .debug_frame   0x00002a88       0x5c ./Drivers/STM32C0xx_HAL_Driver/Src/stm32c0xx_ll_utils.o