Archive member included to satisfy reference by file (symbol)

C:/ST/STM32CubeIDE_1.18.1/STM32CubeIDE/plugins/com.st.stm32cube.ide.mcu.externaltools.gnu-tools-for-stm32.13.3.rel1.win32_1.0.0.202411081344/tools/bin/../lib/gcc/arm-none-eabi/13.3.1/../../../../arm-none-eabi/lib/thumb/v6-m/nofp\libc_nano.a(libc_a-exit.o)
                              C:/ST/STM32CubeIDE_1.18.1/STM32CubeIDE/plugins/com.st.stm32cube.ide.mcu.externaltools.gnu-tools-for-stm32.13.3.rel1.win32_1.0.0.202411081344/tools/bin/../lib/gcc/arm-none-eabi/13.3.1/../../../../arm-none-eabi/lib/thumb/v6-m/nofp/crt0.o (exit)
C:/ST/STM32CubeIDE_1.18.1/STM32CubeIDE/plugins/com.st.stm32cube.ide.mcu.externaltools.gnu-tools-for-stm32.13.3.rel1.win32_1.0.0.202411081344/tools/bin/../lib/gcc/arm-none-eabi/13.3.1/../../../../arm-none-eabi/lib/thumb/v6-m/nofp\libc_nano.a(libc_a-strtoul.o)
                              ./App/src/cli.o (strtoul)
C:/ST/STM32CubeIDE_1.18.1/STM32CubeIDE/plugins/com.st.stm32cube.ide.mcu.externaltools.gnu-tools-for-stm32.13.3.rel1.win32_1.0.0.202411081344/tools/bin/../lib/gcc/arm-none-eabi/13.3.1/../../../../arm-none-eabi/lib/thumb/v6-m/nofp\libc_nano.a(libc_a-ctype_.o)
                              C:/ST/STM32CubeIDE_1.18.1/STM32CubeIDE/plugins/com.st.stm32cube.ide.mcu.externaltools.gnu-tools-for-stm32.13.3.rel1.win32_1.0.0.202411081344/tools/bin/../lib/gcc/arm-none-eabi/13.3.1/../../../../arm-none-eabi/lib/thumb/v6-m/nofp\libc_nano.a(libc_a-strtoul.o) (_ctype_)
C:/ST/STM32CubeIDE_1.18.1/STM32CubeIDE/plugins/com.st.stm32cube.ide.mcu.externaltools.gnu-tools-for-stm32.13.3.rel1.win32_1.0.0.202411081344/tools/bin/../lib/gcc/arm-none-eabi/13.3.1/../../../../arm-none-eabi/lib/thumb/v6-m/nofp\libc_nano.a(libc_a-findfp.o)
                              C:/ST/STM32CubeIDE_1.18.1/STM32CubeIDE/plugins/com.st.stm32cube.ide.mcu.externaltools.gnu-tools-for-stm32.13.3.rel1.win32_1.0.0.202411081344/tools/bin/../lib/gcc/arm-none-eabi/13.3.1/../../../../arm-none-eabi/lib/thumb/v6-m/nofp\libc_nano.a(libc_a-exit.o) (__stdio_exit_handler)
C:/ST/STM32CubeIDE_1.18.1/STM32CubeIDE/plugins/com.st.stm32cube.ide.mcu.externaltools.gnu-tools-for-stm32.13.3.rel1.win32_1.0.0.202411081344/tools/bin/../lib/gcc/arm-none-eabi/13.3.1/../../../../arm-none-eabi/lib/thumb/v6-m/nofp\libc_nano.a(libc_a-fwalk.o)
                              C:/ST/STM32CubeIDE_1.18.1/STM32CubeIDE/plugins/com.st.stm32cube.ide.mcu.externaltools.gnu-tools-for-stm32.13.3.rel1.win32_1.0.0.202411081344/tools/bin/../lib/gcc/arm-none-eabi/13.3.1/../../../../arm-none-eabi/lib/thumb/v6-m/nofp\libc_nano.a(libc_a-findfp.o) (_fwalk_sglue)
C:/ST/STM32CubeIDE_1.18.1/STM32CubeIDE/plugins/com.st.stm32cube.ide.mcu.externaltools.gnu-tools-for-stm32.13.3.rel1.win32_1.0.0.202411081344/tools/bin/../lib/gcc/arm-none-eabi/13.3.1/../../../../arm-none-eabi/lib/thumb/v6-m/nofp\libc_nano.a(libc_a-stdio.o)
                              C:/ST/STM32CubeIDE_1.18.1/STM32CubeIDE/plugins/com.st.stm32cube.ide.mcu.externaltools.gnu-tools-for-stm32.13.3.rel1.win32_1.0.0.202411081344/tools/bin/../lib/gcc/arm-none-eabi/13.3.1/../../../../arm-none-eabi/lib/thumb/v6-m/nofp\libc_nano.a(libc_a-findfp.o) (__sread)
C:/ST/STM32CubeIDE_1.18.1/STM32CubeIDE/plugins/com.st.stm32cube.ide.mcu.externaltools.gnu-tools-for-stm32.13.3.rel1.win32_1.0.0.202411081344/tools/bin/../lib/gcc/arm-none-eabi/13.3.1/../../../../arm-none-eabi/lib/thumb/v6-m/nofp\libc_nano.a(libc_a-vsnprintf.o)
                              ./App/src/uart.o (vsnprintf)
C:/ST/STM32CubeIDE_1.18.1/STM32CubeIDE/plugins/com.st.stm32cube.ide.mcu.externaltools.gnu-tools-for-stm32.13.3.rel1.win32_1.0.0.202411081344/tools/bin/../lib/gcc/arm-none-eabi/13.3.1/../../../../arm-none-eabi/lib/thumb/v6-m/nofp\libc_nano.a(libc_a-memset.o)
                              C:/ST/STM32CubeIDE_1.18.1/STM32CubeIDE/plugins/com.st.stm32cube.ide.mcu.externaltools.gnu-tools-for-stm32.13.3.rel1.win32_1.0.0.202411081344/tools/bin/../lib/gcc/arm-none-eabi/13.3.1/../../../../arm-none-eabi/lib/thumb/v6-m/nofp/crt0.o (memset)
C:/ST/STM32CubeIDE_1.18.1/STM32CubeIDE/plugins/com.st.stm32cube.ide.mcu.externaltools.gnu-tools-for-stm32.13.3.rel1.win32_1.0.0.202411081344/tools/bin/../lib/gcc/arm-none-eabi/13.3.1/../../../../arm-none-eabi/lib/thumb/v6-m/nofp\libc_nano.a(libc_a-strncpy.o)
                              ./App/src/cli.o (strncpy)
C:/ST/STM32CubeIDE_1.18.1/STM32CubeIDE/plugins/com.st.stm32cube.ide.mcu.externaltools.gnu-tools-for-stm32.13.3.rel1.win32_1.0.0.202411081344/tools/bin/../lib/gcc/arm-none-eabi/13.3.1/../../../../arm-none-eabi/lib/thumb/v6-m/nofp\libc_nano.a(libc_a-strtok_r.o)
                              ./App/src/cli.o (strtok_r)
C:/ST/STM32CubeIDE_1.18.1/STM32CubeIDE/plugins/com.st.stm32cube.ide.mcu.externaltools.gnu-tools-for-stm32.13.3.rel1.win32_1.0.0.202411081344/tools/bin/../lib/gcc/arm-none-eabi/13.3.1/../../../../arm-none-eabi/lib/thumb/v6-m/nofp\libc_nano.a(libc_a-closer.o)
[...]
Memory Configuration

Name             Origin             Length             Attributes
RAM              0x20000000         0x00003000         xrw
FLASH            0x08000000         0x00008000         xr
*default*        0x00000000         0xffffffff

Linker script and memory map

LOAD C:/ST/STM32CubeIDE_1.18.1/STM32CubeIDE/plugins/com.st.stm32cube.ide.mcu.externaltools.gnu-tools-for-stm32.13.3.rel1.win32_1.0.0.202411081344/tools/bin/../lib/gcc/arm-none-eabi/13.3.1/thumb/v6-m/nofp/crti.o
LOAD C:/ST/STM32CubeIDE_1.18.1/STM32CubeIDE/plugins/com.st.stm32cube.ide.mcu.externaltools.gnu-tools-for-stm32.13.3.rel1.win32_1.0.0.202411081344/tools/bin/../lib/gcc/arm-none-eabi/13.3.1/thumb/v6-m/nofp/crtbegin.o
LOAD C:/ST/STM32CubeIDE_1.18.1/STM32CubeIDE/plugins/com.st.stm32cube.ide.mcu.externaltools.gnu-tools-for-stm32.13.3.rel1.win32_1.0.0.202411081344/tools/bin/../lib/gcc/arm-none-eabi/13.3.1/../../../../arm-none-eabi/lib/thumb/v6-m/nofp/crt0.o
LOAD ./App/ap.o
LOAD ./App/src/adc.o
LOAD ./App/src/button.o
LOAD ./App/src/cli.o
LOAD ./App/src/led.o
LOAD ./App/src/pwm.o
LOAD ./App/src/rtc.o
LOAD ./App/src/swtimer.o
LOAD ./App/src/uart.o
LOAD ./App/src/utils.o
LOAD ./Core/Src/main.o
LOAD ./Core/Src/stm32c0xx_hal_msp.o
LOAD ./Core/Src/stm32c0xx_it.o
LOAD ./Core/Src/syscalls.o
LOAD ./Core/Src/sysmem.o
LOAD ./Core/Src/system_stm32c0xx.o
LOAD ./Core/Startup/startup_stm32c031c6tx.o
LOAD ./Drivers/STM32C0xx_HAL_Driver/Src/stm32c0xx_hal.o
LOAD ./Drivers/STM32C0xx_HAL_Driver/Src/stm32c0xx_hal_adc.o
LOAD ./Drivers/STM32C0xx_HAL_Driver/Src/stm32c0xx_hal_adc_ex.o
LOAD ./Drivers/STM32C0xx_HAL_Driver/Src/stm32c0xx_hal_cortex.o
LOAD ./Drivers/STM32C0xx_HAL_Driver/Src/stm32c0xx_hal_dma.o
LOAD ./Drivers/STM32C0xx_HAL_Driver/Src/stm32c0xx_hal_dma_ex.o
LOAD ./Drivers/STM32C0xx_HAL_Driver/Src/stm32c0xx_hal_exti.o
LOAD ./Drivers/STM32C0xx_HAL_Driver/Src/stm32c0xx_hal_flash.o
LOAD ./Drivers/STM32C0xx_HAL_Driver/Src/stm32c0xx_hal_flash_ex.o
LOAD ./Drivers/STM32C0xx_HAL_Driver/Src/stm32c0xx_hal_gpio.o
LOAD ./Drivers/STM32C0xx_HAL_Driver/Src/stm32c0xx_hal_pwr.o
LOAD ./Drivers/STM32C0xx_HAL_Driver/Src/stm32c0xx_hal_pwr_ex.o
LOAD ./Drivers/STM32C0xx_HAL_Driver/Src/stm32c0xx_hal_rcc.o
LOAD ./Drivers/STM32C0xx_HAL_Driver/Src/stm32c0xx_hal_rcc_ex.o
LOAD ./Drivers/STM32C0xx_HAL_Driver/Src/stm32c0xx_hal_rtc.o
LOAD ./Drivers/STM32C0xx_HAL_Driver/Src/stm32c0xx_hal_rtc_ex.o
LOAD ./Drivers/STM32C0xx_HAL_Driver/Src/stm32c0xx_hal_tim.o
LOAD ./Drivers/STM32C0xx_HAL_Driver/Src/stm32c0xx_hal_tim_ex.o
LOAD ./Drivers/STM32C0xx_HAL_Driver/Src/stm32c0xx_hal_uart.o
LOAD ./Drivers/STM32C0xx_HAL_Driver/Src/stm32c0xx_hal_uart_ex.o
LOAD ./Drivers/STM32C0xx_HAL_Driver/Src/stm32c0xx_ll_exti.o
LOAD ./Drivers/STM32C0xx_HAL_Driver/Src/stm32c0xx_ll_rcc.o
LOAD ./Drivers/STM32C0xx_HAL_Driver/Src/stm32c0xx_ll_utils.o
START GROUP
LOAD C:/ST/STM32CubeIDE_1.18.1/STM32CubeIDE/plugins/com.st.stm32cube.ide.mcu.externaltools.gnu-tools-for-stm32.13.3.rel1.win32_1.0.0.202411081344/tools/bin/../lib/gcc/arm-none-eabi/13.3.1/../../../../arm-none-eabi/lib/thumb/v6-m/nofp\libc_nano.a
LOAD C:/ST/STM32CubeIDE_1.18.1/STM32CubeIDE/plugins/com.st.stm32cube.ide.mcu.externaltools.gnu-tools-for-stm32.13.3.rel1.win32_1.0.0.202411081344/tools/bin/../lib/gcc/arm-none-eabi/13.3.1/../../../../arm-none-eabi/lib/thumb/v6-m/nofp\libm.a
END GROUP
START GROUP
LOAD C:/ST/STM32CubeIDE_1.18.1/STM32CubeIDE/plugins/com.st.stm32cube.ide.mcu.externaltools.gnu-tools-for-stm32.13.3.rel1.win32_1.0.0.202411081344/tools/bin/../lib/gcc/arm-none-eabi/13.3.1/thumb/v6-m/nofp\libgcc.a
LOAD C:/ST/STM32CubeIDE_1.18.1/STM32CubeIDE/plugins/com.st.stm32cube.ide.mcu.externaltools.gnu-tools-for-stm32.13.3.rel1.win32_1.0.0.202411081344/tools/bin/../lib/gcc/arm-none-eabi/13.3.1/../../../../arm-none-eabi/lib/thumb/v6-m/nofp\libc_nano.a
END GROUP
START GROUP
LOAD C:/ST/STM32CubeIDE_1.18.1/STM32CubeIDE/plugins/com.st.stm32cube.ide.mcu.externaltools.gnu-tools-for-stm32.13.3.rel1.win32_1.0.0.202411081344/tools/bin/../lib/gcc/arm-none-eabi/13.3.1/thumb/v6-m/nofp\libgcc.a
LOAD C:/ST/STM32CubeIDE_1.18.1/STM32CubeIDE/plugins/com.st.stm32cube.ide.mcu.externaltools.gnu-tools-for-stm32.13.3.rel1.win32_1.0.0.202411081344/tools/bin/../lib/gcc/arm-none-eabi/13.3.1/../../../../arm-none-eabi/lib/thumb/v6-m/nofp\libc_nano.a
LOAD C:/ST/STM32CubeIDE_1.18.1/STM32CubeIDE/plugins/com.st.stm32cube.ide.mcu.externaltools.gnu-tools-for-stm32.13.3.rel1.win32_1.0.0.202411081344/tools/bin/../lib/gcc/arm-none-eabi/13.3.1/../../../../arm-none-eabi/lib/thumb/v6-m/nofp\libnosys.a
END GROUP
START GROUP
LOAD C:/ST/STM32CubeIDE_1.18.1/STM32CubeIDE/plugins/com.st.stm32cube.ide.mcu.externaltools.gnu-tools-for-stm32.13.3.rel1.win32_1.0.0.202411081344/tools/bin/../lib/gcc/arm-none-eabi/13.3.1/thumb/v6-m/nofp\libgcc.a
LOAD C:/ST/STM32CubeIDE_1.18.1/STM32CubeIDE/plugins/com.st.stm32cube.ide.mcu.externaltools.gnu-tools-for-stm32.13.3.rel1.win32_1.0.0.202411081344/tools/bin/../lib/gcc/arm-none-eabi/13.3.1/../../../../arm-none-eabi/lib/thumb/v6-m/nofp\libc_nano.a
LOAD C:/ST/STM32CubeIDE_1.18.1/STM32CubeIDE/plugins/com.st.stm32cube.ide.mcu.externaltools.gnu-tools-for-stm32.13.3.rel1.win32_1.0.0.202411081344/tools/bin/../lib/gcc/arm-none-eabi/13.3.1/../../../../arm-none-eabi/lib/thumb/v6-m/nofp\libnosys.a
END GROUP
LOAD C:/ST/STM32CubeIDE_1.18.1/STM32CubeIDE/plugins/com.st.stm32cube.ide.mcu.externaltools.gnu-tools-for-stm32.13.3.rel1.win32_1.0.0.202411081344/tools/bin/../lib/gcc/arm-none-eabi/13.3.1/thumb/v6-m/nofp/crtend.o
LOAD C:/ST/STM32CubeIDE_1.18.1/STM32CubeIDE/plugins/com.st.stm32cube.ide.mcu.externaltools.gnu-tools-for-stm32.13.3.rel1.win32_1.0.0.202411081344/tools/bin/../lib/gcc/arm-none-eabi/13.3.1/thumb/v6-m/nofp/crtn.o
                0x20003000                        _estack = (ORIGIN (RAM) + LENGTH (RAM))
                0x00000200                        _Min_Heap_Size = 0x200
                0x00000400                        _Min_Stack_Size = 0x400

.isr_vector     0x08000000       0xc0
                0x08000000                        . = ALIGN (0x4)
 *(.isr_vector)
 .isr_vector    0x08000000       0xc0 ./Core/Startup/startup_stm32c031c6tx.o
                0x08000000                g_pfnVectors
                0x080000c0                        . = ALIGN (0x4)

.text           0x080000c0     0x4784
                0x080000c0                        . = ALIGN (0x4)
 *(.text)
 .text          0x080000c0       0x48 C:/ST/STM32CubeIDE_1.18.1/STM32CubeIDE/plugins/com.st.stm32cube.ide.mcu.externaltools.gnu-tools-for-stm32.13.3.rel1.win32_1.0.0.202411081344/tools/bin/../lib/gcc/arm-none-eabi/13.3.1/thumb/v6-m/nofp/crtbegin.o
 .text          0x08000108       0x14 C:/ST/STM32CubeIDE_1.18.1/STM32CubeIDE/plugins/com.st.stm32cube.ide.mcu.externaltools.gnu-tools-for-stm32.13.3.rel1.win32_1.0.0.202411081344/tools/bin/../lib/gcc/arm-none-eabi/13.3.1/../../../../arm-none-eabi/lib/thumb/v6-m/nofp\libc_nano.a(libc_a-strcmp.o)
                0x08000108                strcmp
 .text          0x0800011c       0x14 C:/ST/STM32CubeIDE_1.18.1/STM32CubeIDE/plugins/com.st.stm32cube.ide.mcu.externaltools.gnu-tools-for-stm32.13.3.rel1.win32_1.0.0.202411081344/tools/bin/../lib/gcc/arm-none-eabi/13.3.1/thumb/v6-m/nofp\libgcc.a(_thumb1_case_shi.o)
                0x0800011c                __gnu_thumb1_case_shi
 .text          0x08000130      0x114 C:/ST/STM32CubeIDE_1.18.1/STM32CubeIDE/plugins/com.st.stm32cube.ide.mcu.externaltools.gnu-tools-for-stm32.13.3.rel1.win32_1.0.0.202411081344/tools/bin/../lib/gcc/arm-none-eabi/13.3.1/thumb/v6-m/nofp\libgcc.a(_udivsi3.o)
                0x08000130                __aeabi_uidiv
                0x08000130                __udivsi3
                0x0800023c                __aeabi_uidivmod
 .text          0x08000244      0x1d4 C:/ST/STM32CubeIDE_1.18.1/STM32CubeIDE/plugins/com.st.stm32cube.ide.mcu.externaltools.gnu-tools-for-stm32.13.3.rel1.win32_1.0.0.202411081344/tools/bin/../lib/gcc/arm-none-eabi/13.3.1/thumb/v6-m/nofp\libgcc.a(_divsi3.o)
                0x08000244                __divsi3
                0x08000244                __aeabi_idiv
                0x08000410                __aeabi_idivmod
 .text          0x08000418        0x4 C:/ST/STM32CubeIDE_1.18.1/STM32CubeIDE/plugins/com.st.stm32cube.ide.mcu.externaltools.gnu-tools-for-stm32.13.3.rel1.win32_1.0.0.202411081344/tools/bin/../lib/gcc/arm-none-eabi/13.3.1/thumb/v6-m/nofp\libgcc.a(_dvmd_tls.o)
                0x08000418                __aeabi_idiv0
                0x08000418                __aeabi_ldiv0
 *(.text*)
 .text.ledISR   0x0800041c        0xa ./App/ap.o
                0x0800041c                ledISR
 *fill*         0x08000426        0x2 
 .text.infoCli  0x08000428       0xe4 ./App/ap.o
 .text.apInit   0x0800050c       0x68 ./App/ap.o
                0x0800050c                apInit
 .text.apMain   0x08000574       0x28 ./App/ap.o
                0x08000574                apMain
 .text.adcInit  0x0800059c       0x20 ./App/src/adc.o
                0x0800059c                adcInit
 .text.adcRead  0x080005bc        0xc ./App/src/adc.o
                0x080005bc                adcRead
 .text.adcReadVoltage
                0x080005c8       0x14 ./App/src/adc.o
                0x080005c8                adcReadVoltage
 .text.buttonInit
                0x080005dc        0x4 ./App/src/button.o
                0x080005dc                buttonInit
 .text.buttonGetPressed
                0x080005e0       0x38 ./App/src/button.o
                0x080005e0                buttonGetPressed
 .text.cliAdd   0x08000618       0x40 ./App/src/cli.o
                0x08000618                cliAdd
 .text.cliInit  0x08000658       0x34 ./App/src/cli.o
                0x08000658                cliInit
 .text.cliPrintf
                0x0800068c       0x1a ./App/src/cli.o
                0x0800068c                cliPrintf
 *fill*         0x080006a6        0x2 
 .text.cliHelp  0x080006a8       0x40 ./App/src/cli.o
 .text.cliIsStr
                0x080006e8       0x12 ./App/src/cli.o
                0x080006e8                cliIsStr
 .text.cliGetData
                0x080006fa        0xc ./App/src/cli.o
                0x080006fa                cliGetData
 .text.cliKeepLoop
                0x08000706       0x14 ./App/src/cli.o
                0x08000706                cliKeepLoop
 *fill*         0x0800071a        0x2 
 .text.cliMain  0x0800071c       0xfc ./App/src/cli.o
                0x0800071c                cliMain
 .text.ledInit  0x08000818        0x4 ./App/src/led.o
                0x08000818                ledInit
 .text.ledOn    0x0800081c       0x1c ./App/src/led.o
                0x0800081c                ledOn
 .text.ledOff   0x08000838       0x10 ./App/src/led.o
                0x08000838                ledOff
 .text.ledToggle
                0x08000848       0x20 ./App/src/led.o
                0x08000848                ledToggle
 .text.ledSetDuty
                0x08000868       0x10 ./App/src/led.o
                0x08000868                ledSetDuty
 .text.pwmInit  0x08000878       0x14 ./App/src/pwm.o
                0x08000878                pwmInit
 .text.pwmWrite
                0x0800088c       0x10 ./App/src/pwm.o
                0x0800088c                pwmWrite
 .text.pwmRead  0x0800089c       0x18 ./App/src/pwm.o
                0x0800089c                pwmRead
 .text.rtcInit  0x080008b4       0x18 ./App/src/rtc.o
                0x080008b4                rtcInit
 .text.rtcGetInfo
                0x080008cc       0x64 ./App/src/rtc.o
                0x080008cc                rtcGetInfo
 .text.rtcSetTime
                0x08000930       0x60 ./App/src/rtc.o
                0x08000930                rtcSetTime
 .text.rtcSetDate
                0x08000990       0x64 ./App/src/rtc.o
                0x08000990                rtcSetDate
 .text.rtcCli   0x080009f4      0x148 ./App/src/rtc.o
 .text.swtimerInit
                0x08000b3c       0x34 ./App/src/swtimer.o
                0x08000b3c                swtimerInit
 .text.swtimerGetCh
                0x08000b70       0x1c ./App/src/swtimer.o
                0x08000b70                swtimerGetCh
 .text.swtimerSet
                0x08000b8c       0x30 ./App/src/swtimer.o
                0x08000b8c                swtimerSet
 .text.swtimerStart
                0x08000bbc       0x30 ./App/src/swtimer.o
                0x08000bbc                swtimerStart
 .text.swtimerISR
                0x08000bec       0x6c ./App/src/swtimer.o
                0x08000bec                swtimerISR
 .text.HAL_TIM_PeriodElapsedCallback
                0x08000c58       0x14 ./App/src/swtimer.o
                0x08000c58                HAL_TIM_PeriodElapsedCallback
 .text.uartInit
                0x08000c6c       0x1c ./App/src/uart.o
                0x08000c6c                uartInit
 .text.uartWrite
                0x08000c88       0x28 ./App/src/uart.o
                0x08000c88                uartWrite
 .text.uartAvailable
                0x08000cb0       0x44 ./App/src/uart.o
                0x08000cb0                uartAvailable
 .text.uartRead
                0x08000cf4       0x30 ./App/src/uart.o
                0x08000cf4                uartRead
 .text.uartPrintf
                0x08000d24       0x32 ./App/src/uart.o
                0x08000d24                uartPrintf
 .text.uartVPrintf
                0x08000d56       0x28 ./App/src/uart.o
                0x08000d56                uartVPrintf
 .text.delay    0x08000d7e        0x8 ./App/src/utils.o
                0x08000d7e                delay
 .text.millis   0x08000d86        0x8 ./App/src/utils.o
                0x08000d86                millis
 *fill*         0x08000d8e        0x2 
 .text.MX_DMA_Init
                0x08000d90       0x1c ./Core/Src/main.o
 .text.MX_GPIO_Init
                0x08000dac       0x3c ./Core/Src/main.o
 .text.Error_Handler
                0x08000de8        0x4 ./Core/Src/main.o
                0x08000de8                Error_Handler
 .text.MX_TIM1_Init
                0x08000dec       0xf8 ./Core/Src/main.o
 .text.MX_ADC1_Init
                0x08000ee4       0xc4 ./Core/Src/main.o
 .text.MX_USART1_UART_Init
                0x08000fa8       0x68 ./Core/Src/main.o
 .text.MX_TIM14_Init
                0x08001010       0x34 ./Core/Src/main.o
 .text.MX_RTC_Init
                0x08001044       0x88 ./Core/Src/main.o
 .text.SystemClock_Config
                0x080010cc       0xd4 ./Core/Src/main.o
                0x080010cc                SystemClock_Config
 .text.main     0x080011a0       0x30 ./Core/Src/main.o
                0x080011a0                main
 .text.HAL_MspInit
                0x080011d0       0x30 ./Core/Src/stm32c0xx_hal_msp.o
                0x080011d0                HAL_MspInit
 .text.HAL_ADC_MspInit
                0x08001200       0xa4 ./Core/Src/stm32c0xx_hal_msp.o
                0x08001200                HAL_ADC_MspInit
 .text.HAL_RTC_MspInit
                0x080012a4       0xd4 ./Core/Src/stm32c0xx_hal_msp.o
                0x080012a4                HAL_RTC_MspInit
 .text.HAL_TIM_Base_MspInit
                0x08001378       0x60 ./Core/Src/stm32c0xx_hal_msp.o
                0x08001378                HAL_TIM_Base_MspInit
 .text.HAL_TIM_MspPostInit
                0x080013d8       0x50 ./Core/Src/stm32c0xx_hal_msp.o
                0x080013d8                HAL_TIM_MspPostInit
 .text.HAL_UART_MspInit
                0x08001428       0xa0 ./Core/Src/stm32c0xx_hal_msp.o
                0x08001428                HAL_UART_MspInit
 .text.NMI_Handler
                0x080014c8        0x2 ./Core/Src/stm32c0xx_it.o
                0x080014c8                NMI_Handler
 .text.HardFault_Handler
                0x080014ca        0x2 ./Core/Src/stm32c0xx_it.o
                0x080014ca                HardFault_Handler
 .text.SVC_Handler
                0x080014cc        0x2 ./Core/Src/stm32c0xx_it.o
                0x080014cc                SVC_Handler
 .text.PendSV_Handler
                0x080014ce        0x2 ./Core/Src/stm32c0xx_it.o
                0x080014ce                PendSV_Handler
 .text.SysTick_Handler
                0x080014d0        0x8 ./Core/Src/stm32c0xx_it.o
                0x080014d0                SysTick_Handler
 .text.TIM14_IRQHandler
                0x080014d8       0x10 ./Core/Src/stm32c0xx_it.o
                0x080014d8                TIM14_IRQHandler
 .text._sbrk    0x080014e8       0x48 ./Core/Src/sysmem.o
                0x080014e8                _sbrk
 .text.SystemInit
                0x08001530       0x10 ./Core/Src/system_stm32c0xx.o
                0x08001530                SystemInit
 .text.Reset_Handler
                0x08001540       0x50 ./Core/Startup/startup_stm32c031c6tx.o
                0x08001540                Reset_Handler
 .text.Default_Handler
                0x08001590        0x2 ./Core/Startup/startup_stm32c031c6tx.o
                0x08001590                TIM1_CC_IRQHandler
                0x08001590                I2C1_IRQHandler
                0x08001590                DMAMUX1_IRQHandler
                0x08001590                SPI1_IRQHandler
                0x08001590                EXTI2_3_IRQHandler
                0x08001590                ADC1_IRQHandler
                0x08001590                TIM17_IRQHandler
                0x08001590                RTC_IRQHandler
                0x08001590                TIM16_IRQHandler
                0x08001590                TIM3_IRQHandler
                0x08001590                EXTI4_15_IRQHandler
                0x08001590                RCC_IRQHandler
                0x08001590                DMA1_Channel1_IRQHandler
                0x08001590                Default_Handler
                0x08001590                EXTI0_1_IRQHandler
                0x08001590                WWDG_IRQHandler
                0x08001590                DMA1_Channel2_3_IRQHandler
                0x08001590                USART2_IRQHandler
                0x08001590                FLASH_IRQHandler
                0x08001590                USART1_IRQHandler
                0x08001590                TIM1_BRK_UP_TRG_COM_IRQHandler
 *fill*         0x08001592        0x2 
 .text.HAL_InitTick
                0x08001594       0x58 ./Drivers/STM32C0xx_HAL_Driver/Src/stm32c0xx_hal.o
                0x08001594                HAL_InitTick
 .text.HAL_Init
                0x080015ec       0x28 ./Drivers/STM32C0xx_HAL_Driver/Src/stm32c0xx_hal.o
                0x080015ec                HAL_Init
 .text.HAL_IncTick
                0x08001614       0x18 ./Drivers/STM32C0xx_HAL_Driver/Src/stm32c0xx_hal.o
                0x08001614                HAL_IncTick
 .text.HAL_GetTick
                0x0800162c        0xc ./Drivers/STM32C0xx_HAL_Driver/Src/stm32c0xx_hal.o
                0x0800162c                HAL_GetTick
 .text.HAL_Delay
                0x08001638       0x24 ./Drivers/STM32C0xx_HAL_Driver/Src/stm32c0xx_hal.o
                0x08001638                HAL_Delay
 .text.HAL_ADC_Init
                0x0800165c      0x240 ./Drivers/STM32C0xx_HAL_Driver/Src/stm32c0xx_hal_adc.o
                0x0800165c                HAL_ADC_Init
 .text.HAL_ADC_ConvCpltCallback
                0x0800189c        0x2 ./Drivers/STM32C0xx_HAL_Driver/Src/stm32c0xx_hal_adc.o
                0x0800189c                HAL_ADC_ConvCpltCallback
 .text.HAL_ADC_ConvHalfCpltCallback
                0x0800189e        0x2 ./Drivers/STM32C0xx_HAL_Driver/Src/stm32c0xx_hal_adc.o
                0x0800189e                HAL_ADC_ConvHalfCpltCallback
 .text.ADC_DMAHalfConvCplt
                0x080018a0        0xa ./Drivers/STM32C0xx_HAL_Driver/Src/stm32c0xx_hal_adc.o
 .text.HAL_ADC_ErrorCallback
                0x080018aa        0x2 ./Drivers/STM32C0xx_HAL_Driver/Src/stm32c0xx_hal_adc.o
                0x080018aa                HAL_ADC_ErrorCallback
 .text.ADC_DMAError
                0x080018ac       0x1a ./Drivers/STM32C0xx_HAL_Driver/Src/stm32c0xx_hal_adc.o
 *fill*         0x080018c6        0x2 
 .text.ADC_DMAConvCplt
                0x080018c8       0x80 ./Drivers/STM32C0xx_HAL_Driver/Src/stm32c0xx_hal_adc.o
 .text.HAL_ADC_ConfigChannel
                0x08001948      0x280 ./Drivers/STM32C0xx_HAL_Driver/Src/stm32c0xx_hal_adc.o
                0x08001948                HAL_ADC_ConfigChannel
 .text.ADC_Enable
                0x08001bc8       0xc8 ./Drivers/STM32C0xx_HAL_Driver/Src/stm32c0xx_hal_adc.o
                0x08001bc8                ADC_Enable
 .text.HAL_ADC_Start_DMA
                0x08001c90       0xbc ./Drivers/STM32C0xx_HAL_Driver/Src/stm32c0xx_hal_adc.o
                0x08001c90                HAL_ADC_Start_DMA
 .text.ADC_Disable
                0x08001d4c       0x8c ./Drivers/STM32C0xx_HAL_Driver/Src/stm32c0xx_hal_adc.o
                0x08001d4c                ADC_Disable
 .text.HAL_ADCEx_Calibration_Start
                0x08001dd8      0x17c ./Drivers/STM32C0xx_HAL_Driver/Src/stm32c0xx_hal_adc_ex.o
                0x08001dd8                HAL_ADCEx_Calibration_Start
 .text.__NVIC_SetPriority
                0x08001f54       0x60 ./Drivers/STM32C0xx_HAL_Driver/Src/stm32c0xx_hal_cortex.o
 .text.SysTick_Config
                0x08001fb4       0x38 ./Drivers/STM32C0xx_HAL_Driver/Src/stm32c0xx_hal_cortex.o
 .text.HAL_NVIC_SetPriority
                0x08001fec        0x8 ./Drivers/STM32C0xx_HAL_Driver/Src/stm32c0xx_hal_cortex.o
                0x08001fec                HAL_NVIC_SetPriority
 .text.HAL_NVIC_EnableIRQ
                0x08001ff4       0x18 ./Drivers/STM32C0xx_HAL_Driver/Src/stm32c0xx_hal_cortex.o
                0x08001ff4                HAL_NVIC_EnableIRQ
 .text.HAL_SYSTICK_Config
                0x0800200c        0x8 ./Drivers/STM32C0xx_HAL_Driver/Src/stm32c0xx_hal_cortex.o
                0x0800200c                HAL_SYSTICK_Config
 .text.DMA_SetConfig
                0x08002014       0x48 ./Drivers/STM32C0xx_HAL_Driver/Src/stm32c0xx_hal_dma.o
 .text.DMA_CalcDMAMUXChannelBaseAndMask
                0x0800205c       0x38 ./Drivers/STM32C0xx_HAL_Driver/Src/stm32c0xx_hal_dma.o
 .text.DMA_CalcDMAMUXRequestGenBaseAndMask
                0x08002094       0x28 ./Drivers/STM32C0xx_HAL_Driver/Src/stm32c0xx_hal_dma.o
 .text.HAL_DMA_Init
                0x080020bc       0xb0 ./Drivers/STM32C0xx_HAL_Driver/Src/stm32c0xx_hal_dma.o
                0x080020bc                HAL_DMA_Init
 .text.HAL_DMA_Start_IT
                0x0800216c       0x9e ./Drivers/STM32C0xx_HAL_Driver/Src/stm32c0xx_hal_dma.o
                0x0800216c                HAL_DMA_Start_IT
 *fill*         0x0800220a        0x2 
 .text.HAL_GPIO_Init
                0x0800220c      0x1bc ./Drivers/STM32C0xx_HAL_Driver/Src/stm32c0xx_hal_gpio.o
                0x0800220c                HAL_GPIO_Init
 .text.HAL_RCC_GetSysClockFreq
                0x080023c8       0x60 ./Drivers/STM32C0xx_HAL_Driver/Src/stm32c0xx_hal_rcc.o
                0x080023c8                HAL_RCC_GetSysClockFreq
 .text.HAL_RCC_GetHCLKFreq
                0x08002428       0x30 ./Drivers/STM32C0xx_HAL_Driver/Src/stm32c0xx_hal_rcc.o
                0x08002428                HAL_RCC_GetHCLKFreq
 .text.HAL_RCC_GetPCLK1Freq
                0x08002458       0x28 ./Drivers/STM32C0xx_HAL_Driver/Src/stm32c0xx_hal_rcc.o
                0x08002458                HAL_RCC_GetPCLK1Freq
 .text.HAL_RTC_WaitForSynchro
                0x08002480       0x48 ./Drivers/STM32C0xx_HAL_Driver/Src/stm32c0xx_hal_rtc.o
                0x08002480                HAL_RTC_WaitForSynchro
 .text.RTC_EnterInitMode
                0x080024c8       0x54 ./Drivers/STM32C0xx_HAL_Driver/Src/stm32c0xx_hal_rtc.o
                0x080024c8                RTC_EnterInitMode
 .text.RTC_ExitInitMode
                0x0800251c       0x50 ./Drivers/STM32C0xx_HAL_Driver/Src/stm32c0xx_hal_rtc.o
                0x0800251c                RTC_ExitInitMode
 .text.HAL_RTC_Init
                0x0800256c       0xa4 ./Drivers/STM32C0xx_HAL_Driver/Src/stm32c0xx_hal_rtc.o
                0x0800256c                HAL_RTC_Init
 .text.RTC_ByteToBcd2
                0x08002610       0x16 ./Drivers/STM32C0xx_HAL_Driver/Src/stm32c0xx_hal_rtc.o
                0x08002610                RTC_ByteToBcd2
 *fill*         0x08002626        0x2 
 .text.HAL_RTC_SetTime
                0x08002628       0xcc ./Drivers/STM32C0xx_HAL_Driver/Src/stm32c0xx_hal_rtc.o
                0x08002628                HAL_RTC_SetTime
 .text.HAL_RTC_SetDate
                0x080026f4       0xa8 ./Drivers/STM32C0xx_HAL_Driver/Src/stm32c0xx_hal_rtc.o
                0x080026f4                HAL_RTC_SetDate
 .text.RTC_Bcd2ToByte
                0x0800279c       0x14 ./Drivers/STM32C0xx_HAL_Driver/Src/stm32c0xx_hal_rtc.o
                0x0800279c                RTC_Bcd2ToByte
 .text.HAL_RTC_GetTime
                0x080027b0       0x58 ./Drivers/STM32C0xx_HAL_Driver/Src/stm32c0xx_hal_rtc.o
                0x080027b0                HAL_RTC_GetTime
 .text.HAL_RTC_GetDate
                0x08002808       0x48 ./Drivers/STM32C0xx_HAL_Driver/Src/stm32c0xx_hal_rtc.o
                0x08002808                HAL_RTC_GetDate
 .text.TIM_OC1_SetConfig
                0x08002850       0x80 ./Drivers/STM32C0xx_HAL_Driver/Src/stm32c0xx_hal_tim.o
 .text.TIM_OC3_SetConfig
                0x080028d0       0x84 ./Drivers/STM32C0xx_HAL_Driver/Src/stm32c0xx_hal_tim.o
 .text.TIM_OC4_SetConfig
                0x08002954       0x68 ./Drivers/STM32C0xx_HAL_Driver/Src/stm32c0xx_hal_tim.o
 .text.TIM_OC5_SetConfig
                0x080029bc       0x64 ./Drivers/STM32C0xx_HAL_Driver/Src/stm32c0xx_hal_tim.o
 .text.TIM_OC6_SetConfig
                0x08002a20       0x68 ./Drivers/STM32C0xx_HAL_Driver/Src/stm32c0xx_hal_tim.o
 .text.TIM_TI1_ConfigInputStage
                0x08002a88       0x22 ./Drivers/STM32C0xx_HAL_Driver/Src/stm32c0xx_hal_tim.o
 *fill*         0x08002aaa        0x2 
 .text.TIM_TI2_ConfigInputStage
                0x08002aac       0x28 ./Drivers/STM32C0xx_HAL_Driver/Src/stm32c0xx_hal_tim.o
 .text.TIM_ITRx_SetConfig
                0x08002ad4       0x14 ./Drivers/STM32C0xx_HAL_Driver/Src/stm32c0xx_hal_tim.o
 .text.HAL_TIM_Base_Start_IT
                0x08002ae8       0x68 ./Drivers/STM32C0xx_HAL_Driver/Src/stm32c0xx_hal_tim.o
                0x08002ae8                HAL_TIM_Base_Start_IT
 .text.HAL_TIM_PWM_MspInit
                0x08002b50        0x2 ./Drivers/STM32C0xx_HAL_Driver/Src/stm32c0xx_hal_tim.o
                0x08002b50                HAL_TIM_PWM_MspInit
 .text.HAL_TIM_OC_DelayElapsedCallback
                0x08002b52        0x2 ./Drivers/STM32C0xx_HAL_Driver/Src/stm32c0xx_hal_tim.o
                0x08002b52                HAL_TIM_OC_DelayElapsedCallback
 .text.HAL_TIM_IC_CaptureCallback
                0x08002b54        0x2 ./Drivers/STM32C0xx_HAL_Driver/Src/stm32c0xx_hal_tim.o
                0x08002b54                HAL_TIM_IC_CaptureCallback
 .text.HAL_TIM_PWM_PulseFinishedCallback
                0x08002b56        0x2 ./Drivers/STM32C0xx_HAL_Driver/Src/stm32c0xx_hal_tim.o
                0x08002b56                HAL_TIM_PWM_PulseFinishedCallback
 .text.HAL_TIM_TriggerCallback
                0x08002b58        0x2 ./Drivers/STM32C0xx_HAL_Driver/Src/stm32c0xx_hal_tim.o
                0x08002b58                HAL_TIM_TriggerCallback
 *fill*         0x08002b5a        0x2 
 .text.HAL_TIM_IRQHandler
                0x08002b5c      0x160 ./Drivers/STM32C0xx_HAL_Driver/Src/stm32c0xx_hal_tim.o
                0x08002b5c                HAL_TIM_IRQHandler
 .text.TIM_Base_SetConfig
                0x08002cbc       0x8c ./Drivers/STM32C0xx_HAL_Driver/Src/stm32c0xx_hal_tim.o
                0x08002cbc                TIM_Base_SetConfig
 .text.HAL_TIM_Base_Init
                0x08002d48       0x60 ./Drivers/STM32C0xx_HAL_Driver/Src/stm32c0xx_hal_tim.o
                0x08002d48                HAL_TIM_Base_Init
 .text.HAL_TIM_PWM_Init
                0x08002da8       0x60 ./Drivers/STM32C0xx_HAL_Driver/Src/stm32c0xx_hal_tim.o
                0x08002da8                HAL_TIM_PWM_Init
 .text.TIM_OC2_SetConfig
                0x08002e08       0x78 ./Drivers/STM32C0xx_HAL_Driver/Src/stm32c0xx_hal_tim.o
                0x08002e08                TIM_OC2_SetConfig
 .text.HAL_TIM_PWM_ConfigChannel
                0x08002e80      0x144 ./Drivers/STM32C0xx_HAL_Driver/Src/stm32c0xx_hal_tim.o
                0x08002e80                HAL_TIM_PWM_ConfigChannel
 .text.TIM_ETR_SetConfig
                0x08002fc4       0x18 ./Drivers/STM32C0xx_HAL_Driver/Src/stm32c0xx_hal_tim.o
                0x08002fc4                TIM_ETR_SetConfig
 .text.HAL_TIM_ConfigClockSource
                0x08002fdc      0x108 ./Drivers/STM32C0xx_HAL_Driver/Src/stm32c0xx_hal_tim.o
                0x08002fdc                HAL_TIM_ConfigClockSource
 .text.TIM_CCxChannelCmd
                0x080030e4       0x1a ./Drivers/STM32C0xx_HAL_Driver/Src/stm32c0xx_hal_tim.o
                0x080030e4                TIM_CCxChannelCmd
 *fill*         0x080030fe        0x2 
 .text.HAL_TIM_PWM_Start
                0x08003100      0x124 ./Drivers/STM32C0xx_HAL_Driver/Src/stm32c0xx_hal_tim.o
                0x08003100                HAL_TIM_PWM_Start
 .text.HAL_TIMEx_MasterConfigSynchronization
                0x08003224       0x70 ./Drivers/STM32C0xx_HAL_Driver/Src/stm32c0xx_hal_tim_ex.o
                0x08003224                HAL_TIMEx_MasterConfigSynchronization
 .text.HAL_TIMEx_ConfigBreakDeadTime
                0x08003294       0xc4 ./Drivers/STM32C0xx_HAL_Driver/Src/stm32c0xx_hal_tim_ex.o
                0x08003294                HAL_TIMEx_ConfigBreakDeadTime
 .text.HAL_TIMEx_CommutCallback
                0x08003358        0x2 ./Drivers/STM32C0xx_HAL_Driver/Src/stm32c0xx_hal_tim_ex.o
                0x08003358                HAL_TIMEx_CommutCallback
 .text.HAL_TIMEx_BreakCallback
                0x0800335a        0x2 ./Drivers/STM32C0xx_HAL_Driver/Src/stm32c0xx_hal_tim_ex.o
                0x0800335a                HAL_TIMEx_BreakCallback
 .text.HAL_TIMEx_Break2Callback
                0x0800335c        0x2 ./Drivers/STM32C0xx_HAL_Driver/Src/stm32c0xx_hal_tim_ex.o
                0x0800335c                HAL_TIMEx_Break2Callback
 *fill*         0x0800335e        0x2 
 .text.UART_EndTxTransfer
                0x08003360       0x3c ./Drivers/STM32C0xx_HAL_Driver/Src/stm32c0xx_hal_uart.o
 .text.UART_EndRxTransfer
                0x0800339c       0x64 ./Drivers/STM32C0xx_HAL_Driver/Src/stm32c0xx_hal_uart.o
 .text.HAL_UART_RxCpltCallback
                0x08003400        0x2 ./Drivers/STM32C0xx_HAL_Driver/Src/stm32c0xx_hal_uart.o
                0x08003400                HAL_UART_RxCpltCallback
 .text.HAL_UART_RxHalfCpltCallback
                0x08003402        0x2 ./Drivers/STM32C0xx_HAL_Driver/Src/stm32c0xx_hal_uart.o
                0x08003402                HAL_UART_RxHalfCpltCallback
 .text.HAL_UART_ErrorCallback
                0x08003404        0x2 ./Drivers/STM32C0xx_HAL_Driver/Src/stm32c0xx_hal_uart.o
                0x08003404                HAL_UART_ErrorCallback
 .text.UART_DMAError
                0x08003406       0x52 ./Drivers/STM32C0xx_HAL_Driver/Src/stm32c0xx_hal_uart.o
 .text.HAL_UARTEx_RxEventCallback
                0x08003458        0x2 ./Drivers/STM32C0xx_HAL_Driver/Src/stm32c0xx_hal_uart.o
                0x08003458                HAL_UARTEx_RxEventCallback
 .text.UART_DMARxHalfCplt
                0x0800345a       0x3a ./Drivers/STM32C0xx_HAL_Driver/Src/stm32c0xx_hal_uart.o
 .text.UART_DMAReceiveCplt
                0x08003494       0xb4 ./Drivers/STM32C0xx_HAL_Driver/Src/stm32c0xx_hal_uart.o
 .text.UART_SetConfig
                0x08003548      0x1c4 ./Drivers/STM32C0xx_HAL_Driver/Src/stm32c0xx_hal_uart.o
                0x08003548                UART_SetConfig
 .text.UART_AdvFeatureConfig
                0x0800370c       0xe0 ./Drivers/STM32C0xx_HAL_Driver/Src/stm32c0xx_hal_uart.o
                0x0800370c                UART_AdvFeatureConfig
 .text.UART_WaitOnFlagUntilTimeout
                0x080037ec       0x9e ./Drivers/STM32C0xx_HAL_Driver/Src/stm32c0xx_hal_uart.o
                0x080037ec                UART_WaitOnFlagUntilTimeout
 .text.HAL_UART_Transmit
                0x0800388a       0xfc ./Drivers/STM32C0xx_HAL_Driver/Src/stm32c0xx_hal_uart.o
                0x0800388a                HAL_UART_Transmit
 *fill*         0x08003986        0x2 
 .text.UART_CheckIdleState
                0x08003988       0xd4 ./Drivers/STM32C0xx_HAL_Driver/Src/stm32c0xx_hal_uart.o
                0x08003988                UART_CheckIdleState
 .text.HAL_UART_Init
                0x08003a5c       0x70 ./Drivers/STM32C0xx_HAL_Driver/Src/stm32c0xx_hal_uart.o
                0x08003a5c                HAL_UART_Init
 .text.UART_Start_Receive_DMA
                0x08003acc       0xb4 ./Drivers/STM32C0xx_HAL_Driver/Src/stm32c0xx_hal_uart.o
                0x08003acc                UART_Start_Receive_DMA
 .text.HAL_UART_Receive_DMA
                0x08003b80       0x62 ./Drivers/STM32C0xx_HAL_Driver/Src/stm32c0xx_hal_uart.o
                0x08003b80                HAL_UART_Receive_DMA
 *fill*         0x08003be2        0x2 
 .text.UARTEx_SetNbDataToProcess
                0x08003be4       0x50 ./Drivers/STM32C0xx_HAL_Driver/Src/stm32c0xx_hal_uart_ex.o
 .text.HAL_UARTEx_DisableFifoMode
                0x08003c34       0x40 ./Drivers/STM32C0xx_HAL_Driver/Src/stm32c0xx_hal_uart_ex.o
                0x08003c34                HAL_UARTEx_DisableFifoMode
 .text.HAL_UARTEx_SetTxFifoThreshold
                0x08003c74       0x4a ./Drivers/STM32C0xx_HAL_Driver/Src/stm32c0xx_hal_uart_ex.o
                0x08003c74                HAL_UARTEx_SetTxFifoThreshold
 *fill*         0x08003cbe        0x2 
 .text.HAL_UARTEx_SetRxFifoThreshold
                0x08003cc0       0x50 ./Drivers/STM32C0xx_HAL_Driver/Src/stm32c0xx_hal_uart_ex.o
                0x08003cc0                HAL_UARTEx_SetRxFifoThreshold
 .text.LL_SetSystemCoreClock
                0x08003d10        0xc ./Drivers/STM32C0xx_HAL_Driver/Src/stm32c0xx_ll_utils.o
                0x08003d10                LL_SetSystemCoreClock
 .text._strtoul_l.isra.0
                0x08003d1c      0x104 C:/ST/STM32CubeIDE_1.18.1/STM32CubeIDE/plugins/com.st.stm32cube.ide.mcu.externaltools.gnu-tools-for-stm32.13.3.rel1.win32_1.0.0.202411081344/tools/bin/../lib/gcc/arm-none-eabi/13.3.1/../../../../arm-none-eabi/lib/thumb/v6-m/nofp\libc_nano.a(libc_a-strtoul.o)
 .text.strtoul  0x08003e20       0x18 C:/ST/STM32CubeIDE_1.18.1/STM32CubeIDE/plugins/com.st.stm32cube.ide.mcu.externaltools.gnu-tools-for-stm32.13.3.rel1.win32_1.0.0.202411081344/tools/bin/../lib/gcc/arm-none-eabi/13.3.1/../../../../arm-none-eabi/lib/thumb/v6-m/nofp\libc_nano.a(libc_a-strtoul.o)
                0x08003e20                strtoul
 .text._vsnprintf_r
                0x08003e38       0x5a C:/ST/STM32CubeIDE_1.18.1/STM32CubeIDE/plugins/com.st.stm32cube.ide.mcu.externaltools.gnu-tools-for-stm32.13.3.rel1.win32_1.0.0.202411081344/tools/bin/../lib/gcc/arm-none-eabi/13.3.1/../../../../arm-none-eabi/lib/thumb/v6-m/nofp\libc_nano.a(libc_a-vsnprintf.o)
                0x08003e38                _vsniprintf_r
                0x08003e38                _vsnprintf_r
 *fill*         0x08003e92        0x2 
 .text.vsnprintf
                0x08003e94       0x18 C:/ST/STM32CubeIDE_1.18.1/STM32CubeIDE/plugins/com.st.stm32cube.ide.mcu.externaltools.gnu-tools-for-stm32.13.3.rel1.win32_1.0.0.202411081344/tools/bin/../lib/gcc/arm-none-eabi/13.3.1/../../../../arm-none-eabi/lib/thumb/v6-m/nofp\libc_nano.a(libc_a-vsnprintf.o)
                0x08003e94                vsniprintf
                0x08003e94                vsnprintf
 .text.memset   0x08003eac       0x10 C:/ST/STM32CubeIDE_1.18.1/STM32CubeIDE/plugins/com.st.stm32cube.ide.mcu.externaltools.gnu-tools-for-stm32.13.3.rel1.win32_1.0.0.202411081344/tools/bin/../lib/gcc/arm-none-eabi/13.3.1/../../../../arm-none-eabi/lib/thumb/v6-m/nofp\libc_nano.a(libc_a-memset.o)
                0x08003eac                memset
 .text.strncpy  0x08003ebc       0x28 C:/ST/STM32CubeIDE_1.18.1/STM32CubeIDE/plugins/com.st.stm32cube.ide.mcu.externaltools.gnu-tools-for-stm32.13.3.rel1.win32_1.0.0.202411081344/tools/bin/../lib/gcc/arm-none-eabi/13.3.1/../../../../arm-none-eabi/lib/thumb/v6-m/nofp\libc_nano.a(libc_a-strncpy.o)
                0x08003ebc                strncpy
 .text.__strtok_r
                0x08003ee4       0x58 C:/ST/STM32CubeIDE_1.18.1/STM32CubeIDE/plugins/com.st.stm32cube.ide.mcu.externaltools.gnu-tools-for-stm32.13.3.rel1.win32_1.0.0.202411081344/tools/bin/../lib/gcc/arm-none-eabi/13.3.1/../../../../arm-none-eabi/lib/thumb/v6-m/nofp\libc_nano.a(libc_a-strtok_r.o)
                0x08003ee4                __strtok_r
 .text.strtok_r
                0x08003f3c        0xa C:/ST/STM32CubeIDE_1.18.1/STM32CubeIDE/plugins/com.st.stm32cube.ide.mcu.externaltools.gnu-tools-for-stm32.13.3.rel1.win32_1.0.0.202411081344/tools/bin/../lib/gcc/arm-none-eabi/13.3.1/../../../../arm-none-eabi/lib/thumb/v6-m/nofp\libc_nano.a(libc_a-strtok_r.o)
                0x08003f3c                strtok_r
 *fill*         0x08003f46        0x2 
 .text.__errno  0x08003f48        0xc C:/ST/STM32CubeIDE_1.18.1/STM32CubeIDE/plugins/com.st.stm32cube.ide.mcu.externaltools.gnu-tools-for-stm32.13.3.rel1.win32_1.0.0.202411081344/tools/bin/../lib/gcc/arm-none-eabi/13.3.1/../../../../arm-none-eabi/lib/thumb/v6-m/nofp\libc_nano.a(libc_a-errno.o)
                0x08003f48                __errno
 .text.__libc_init_array
                0x08003f54       0x48 C:/ST/STM32CubeIDE_1.18.1/STM32CubeIDE/plugins/com.st.stm32cube.ide.mcu.externaltools.gnu-tools-for-stm32.13.3.rel1.win32_1.0.0.202411081344/tools/bin/../lib/gcc/arm-none-eabi/13.3.1/../../../../arm-none-eabi/lib/thumb/v6-m/nofp\libc_nano.a(libc_a-init.o)
                0x08003f54                __libc_init_array
 .text.__retarget_lock_acquire_recursive
                0x08003f9c        0x2 C:/ST/STM32CubeIDE_1.18.1/STM32CubeIDE/plugins/com.st.stm32cube.ide.mcu.externaltools.gnu-tools-for-stm32.13.3.rel1.win32_1.0.0.202411081344/tools/bin/../lib/gcc/arm-none-eabi/13.3.1/../../../../arm-none-eabi/lib/thumb/v6-m/nofp\libc_nano.a(libc_a-lock.o)
                0x08003f9c                __retarget_lock_acquire_recursive
 .text.__retarget_lock_release_recursive
                0x08003f9e        0x2 C:/ST/STM32CubeIDE_1.18.1/STM32CubeIDE/plugins/com.st.stm32cube.ide.mcu.externaltools.gnu-tools-for-stm32.13.3.rel1.win32_1.0.0.202411081344/tools/bin/../lib/gcc/arm-none-eabi/13.3.1/../../../../arm-none-eabi/lib/thumb/v6-m/nofp\libc_nano.a(libc_a-lock.o)
                0x08003f9e                __retarget_lock_release_recursive
 .text._free_r  0x08003fa0       0x94 C:/ST/STM32CubeIDE_1.18.1/STM32CubeIDE/plugins/com.st.stm32cube.ide.mcu.externaltools.gnu-tools-for-stm32.13.3.rel1.win32_1.0.0.202411081344/tools/bin/../lib/gcc/arm-none-eabi/13.3.1/../../../../arm-none-eabi/lib/thumb/v6-m/nofp\libc_nano.a(libc_a-freer.o)
                0x08003fa0                _free_r
 .text.sbrk_aligned
                0x08004034       0x44 C:/ST/STM32CubeIDE_1.18.1/STM32CubeIDE/plugins/com.st.stm32cube.ide.mcu.externaltools.gnu-tools-for-stm32.13.3.rel1.win32_1.0.0.202411081344/tools/bin/../lib/gcc/arm-none-eabi/13.3.1/../../../../arm-none-eabi/lib/thumb/v6-m/nofp\libc_nano.a(libc_a-mallocr.o)
 .text._malloc_r
                0x08004078      0x100 C:/ST/STM32CubeIDE_1.18.1/STM32CubeIDE/plugins/com.st.stm32cube.ide.mcu.externaltools.gnu-tools-for-stm32.13.3.rel1.win32_1.0.0.202411081344/tools/bin/../lib/gcc/arm-none-eabi/13.3.1/../../../../arm-none-eabi/lib/thumb/v6-m/nofp\libc_nano.a(libc_a-mallocr.o)
                0x08004078                _malloc_r
 .text.__malloc_lock
                0x08004178       0x10 C:/ST/STM32CubeIDE_1.18.1/STM32CubeIDE/plugins/com.st.stm32cube.ide.mcu.externaltools.gnu-tools-for-stm32.13.3.rel1.win32_1.0.0.202411081344/tools/bin/../lib/gcc/arm-none-eabi/13.3.1/../../../../arm-none-eabi/lib/thumb/v6-m/nofp\libc_nano.a(libc_a-mlock.o)
                0x08004178                __malloc_lock
 .text.__malloc_unlock
                0x08004188       0x10 C:/ST/STM32CubeIDE_1.18.1/STM32CubeIDE/plugins/com.st.stm32cube.ide.mcu.externaltools.gnu-tools-for-stm32.13.3.rel1.win32_1.0.0.202411081344/tools/bin/../lib/gcc/arm-none-eabi/13.3.1/../../../../arm-none-eabi/lib/thumb/v6-m/nofp\libc_nano.a(libc_a-mlock.o)
                0x08004188                __malloc_unlock
 .text.__ssputs_r
                0x08004198       0xc0 C:/ST/STM32CubeIDE_1.18.1/STM32CubeIDE/plugins/com.st.stm32cube.ide.mcu.externaltools.gnu-tools-for-stm32.13.3.rel1.win32_1.0.0.202411081344/tools/bin/../lib/gcc/arm-none-eabi/13.3.1/../../../../arm-none-eabi/lib/thumb/v6-m/nofp\libc_nano.a(libc_a-nano-svfprintf.o)
                0x08004198                __ssputs_r
 .text._svfprintf_r
                0x08004258      0x1fc C:/ST/STM32CubeIDE_1.18.1/STM32CubeIDE/plugins/com.st.stm32cube.ide.mcu.externaltools.gnu-tools-for-stm32.13.3.rel1.win32_1.0.0.202411081344/tools/bin/../lib/gcc/arm-none-eabi/13.3.1/../../../../arm-none-eabi/lib/thumb/v6-m/nofp\libc_nano.a(libc_a-nano-svfprintf.o)
                0x08004258                _svfiprintf_r
                0x08004258                _svfprintf_r
 .text._printf_common
                0x08004454       0xde C:/ST/STM32CubeIDE_1.18.1/STM32CubeIDE/plugins/com.st.stm32cube.ide.mcu.externaltools.gnu-tools-for-stm32.13.3.rel1.win32_1.0.0.202411081344/tools/bin/../lib/gcc/arm-none-eabi/13.3.1/../../../../arm-none-eabi/lib/thumb/v6-m/nofp\libc_nano.a(libc_a-nano-vfprintf_i.o)
                0x08004454                _printf_common
 *fill*         0x08004532        0x2 
 .text._printf_i
                0x08004534      0x218 C:/ST/STM32CubeIDE_1.18.1/STM32CubeIDE/plugins/com.st.stm32cube.ide.mcu.externaltools.gnu-tools-for-stm32.13.3.rel1.win32_1.0.0.202411081344/tools/bin/../lib/gcc/arm-none-eabi/13.3.1/../../../../arm-none-eabi/lib/thumb/v6-m/nofp\libc_nano.a(libc_a-nano-vfprintf_i.o)
                0x08004534                _printf_i
 .text.memmove  0x0800474c       0x24 C:/ST/STM32CubeIDE_1.18.1/STM32CubeIDE/plugins/com.st.stm32cube.ide.mcu.externaltools.gnu-tools-for-stm32.13.3.rel1.win32_1.0.0.202411081344/tools/bin/../lib/gcc/arm-none-eabi/13.3.1/../../../../arm-none-eabi/lib/thumb/v6-m/nofp\libc_nano.a(libc_a-memmove.o)
                0x0800474c                memmove
 .text._sbrk_r  0x08004770       0x24 C:/ST/STM32CubeIDE_1.18.1/STM32CubeIDE/plugins/com.st.stm32cube.ide.mcu.externaltools.gnu-tools-for-stm32.13.3.rel1.win32_1.0.0.202411081344/tools/bin/../lib/gcc/arm-none-eabi/13.3.1/../../../../arm-none-eabi/lib/thumb/v6-m/nofp\libc_nano.a(libc_a-sbrkr.o)
                0x08004770                _sbrk_r
 .text.memchr   0x08004794       0x16 C:/ST/STM32CubeIDE_1.18.1/STM32CubeIDE/plugins/com.st.stm32cube.ide.mcu.externaltools.gnu-tools-for-stm32.13.3.rel1.win32_1.0.0.202411081344/tools/bin/../lib/gcc/arm-none-eabi/13.3.1/../../../../arm-none-eabi/lib/thumb/v6-m/nofp\libc_nano.a(libc_a-memchr-stub.o)
                0x08004794                memchr
 .text.memcpy   0x080047aa       0x12 C:/ST/STM32CubeIDE_1.18.1/STM32CubeIDE/plugins/com.st.stm32cube.ide.mcu.externaltools.gnu-tools-for-stm32.13.3.rel1.win32_1.0.0.202411081344/tools/bin/../lib/gcc/arm-none-eabi/13.3.1/../../../../arm-none-eabi/lib/thumb/v6-m/nofp\libc_nano.a(libc_a-memcpy-stub.o)
                0x080047aa                memcpy
 .text._realloc_r
                0x080047bc       0x60 C:/ST/STM32CubeIDE_1.18.1/STM32CubeIDE/plugins/com.st.stm32cube.ide.mcu.externaltools.gnu-tools-for-stm32.13.3.rel1.win32_1.0.0.202411081344/tools/bin/../lib/gcc/arm-none-eabi/13.3.1/../../../../arm-none-eabi/lib/thumb/v6-m/nofp\libc_nano.a(libc_a-reallocr.o)
                0x080047bc                _realloc_r
 .text._malloc_usable_size_r
                0x0800481c       0x10 C:/ST/STM32CubeIDE_1.18.1/STM32CubeIDE/plugins/com.st.stm32cube.ide.mcu.externaltools.gnu-tools-for-stm32.13.3.rel1.win32_1.0.0.202411081344/tools/bin/../lib/gcc/arm-none-eabi/13.3.1/../../../../arm-none-eabi/lib/thumb/v6-m/nofp\libc_nano.a(libc_a-msizer.o)
                0x0800481c                _malloc_usable_size_r
 *(.glue_7)
 .glue_7        0x0800482c        0x0 linker stubs
 *(.glue_7t)
 .glue_7t       0x0800482c        0x0 linker stubs
 *(.eh_frame)
 .eh_frame      0x0800482c        0x0 C:/ST/STM32CubeIDE_1.18.1/STM32CubeIDE/plugins/com.st.stm32cube.ide.mcu.externaltools.gnu-tools-for-stm32.13.3.rel1.win32_1.0.0.202411081344/tools/bin/../lib/gcc/arm-none-eabi/13.3.1/thumb/v6-m/nofp/crtbegin.o
 *(.init)
 .init          0x0800482c        0x4 C:/ST/STM32CubeIDE_1.18.1/STM32CubeIDE/plugins/com.st.stm32cube.ide.mcu.externaltools.gnu-tools-for-stm32.13.3.rel1.win32_1.0.0.202411081344/tools/bin/../lib/gcc/arm-none-eabi/13.3.1/thumb/v6-m/nofp/crti.o
                0x0800482c                _init
 .init          0x08004830        0x8 C:/ST/STM32CubeIDE_1.18.1/STM32CubeIDE/plugins/com.st.stm32cube.ide.mcu.externaltools.gnu-tools-for-stm32.13.3.rel1.win32_1.0.0.202411081344/tools/bin/../lib/gcc/arm-none-eabi/13.3.1/thumb/v6-m/nofp/crtn.o
 *(.fini)
 .fini          0x08004838        0x4 C:/ST/STM32CubeIDE_1.18.1/STM32CubeIDE/plugins/com.st.stm32cube.ide.mcu.externaltools.gnu-tools-for-stm32.13.3.rel1.win32_1.0.0.202411081344/tools/bin/../lib/gcc/arm-none-eabi/13.3.1/thumb/v6-m/nofp/crti.o
                0x08004838                _fini
 .fini          0x0800483c        0x8 C:/ST/STM32CubeIDE_1.18.1/STM32CubeIDE/plugins/com.st.stm32cube.ide.mcu.externaltools.gnu-tools-for-stm32.13.3.rel1.win32_1.0.0.202411081344/tools/bin/../lib/gcc/arm-none-eabi/13.3.1/thumb/v6-m/nofp/crtn.o
                0x08004844                        . = ALIGN (0x4)
                0x08004844                        _etext = .

.vfp11_veneer   0x08004844        0x0
 .vfp11_veneer  0x08004844        0x0 linker stubs

.v4_bx          0x08004844        0x0
 .v4_bx         0x08004844        0x0 linker stubs

.iplt           0x08004844        0x0
 .iplt          0x08004844        0x0 C:/ST/STM32CubeIDE_1.18.1/STM32CubeIDE/plugins/com.st.stm32cube.ide.mcu.externaltools.gnu-tools-for-stm32.13.3.rel1.win32_1.0.0.202411081344/tools/bin/../lib/gcc/arm-none-eabi/13.3.1/thumb/v6-m/nofp/crtbegin.o

.rodata         0x08004844      0x41c
                0x08004844                        . = ALIGN (0x4)
 *(.rodata)
 *(.rodata*)
 .rodata.infoCli.str1.4
                0x08004844      0x16e ./App/ap.o
                                 0x71 (size before relaxing)
 .rodata.apInit.str1.4
                0x080049b2        0x5 ./App/ap.o
 *fill*         0x080049b2        0x2 
 .rodata.button_adc
                0x080049b4       0x14 ./App/src/button.o
 .rodata.cliInit.str1.4
                0x080049c8        0x5 ./App/src/cli.o
 .rodata.cliHelp.str1.4
                0x080049c8       0x20 ./App/src/cli.o
 .rodata.cliMain.str1.4
                0x080049c8        0xe ./App/src/cli.o
 .rodata.rtcInit.str1.4
                0x080049c8        0x4 ./App/src/rtc.o
 .rodata.rtcCli.str1.4
                0x080049c8       0xc2 ./App/src/rtc.o
 .rodata.APBPrescTable
                0x080049c8       0x20 ./Core/Src/system_stm32c0xx.o
                0x080049c8                APBPrescTable
 .rodata.AHBPrescTable
                0x080049e8       0x40 ./Core/Src/system_stm32c0xx.o
                0x080049e8                AHBPrescTable
 .rodata.HAL_TIM_PWM_ConfigChannel
                0x08004a28       0x54 ./Drivers/STM32C0xx_HAL_Driver/Src/stm32c0xx_hal_tim.o
 .rodata.HAL_TIM_PWM_Start
                0x08004a7c       0x88 ./Drivers/STM32C0xx_HAL_Driver/Src/stm32c0xx_hal_tim.o
 .rodata.UARTPrescTable
                0x08004b04       0x18 ./Drivers/STM32C0xx_HAL_Driver/Src/stm32c0xx_hal_uart.o
                0x08004b04                UARTPrescTable
 .rodata.denominator.0
                0x08004b1c        0x8 ./Drivers/STM32C0xx_HAL_Driver/Src/stm32c0xx_hal_uart_ex.o
 .rodata.numerator.1
                0x08004b24        0x8 ./Drivers/STM32C0xx_HAL_Driver/Src/stm32c0xx_hal_uart_ex.o
 .rodata._ctype_
                0x08004b2c      0x101 C:/ST/STM32CubeIDE_1.18.1/STM32CubeIDE/plugins/com.st.stm32cube.ide.mcu.externaltools.gnu-tools-for-stm32.13.3.rel1.win32_1.0.0.202411081344/tools/bin/../lib/gcc/arm-none-eabi/13.3.1/../../../../arm-none-eabi/lib/thumb/v6-m/nofp\libc_nano.a(libc_a-ctype_.o)
                0x08004b2c                _ctype_
 .rodata._svfprintf_r.str1.1
                0x08004c2d       0x33 C:/ST/STM32CubeIDE_1.18.1/STM32CubeIDE/plugins/com.st.stm32cube.ide.mcu.externaltools.gnu-tools-for-stm32.13.3.rel1.win32_1.0.0.202411081344/tools/bin/../lib/gcc/arm-none-eabi/13.3.1/../../../../arm-none-eabi/lib/thumb/v6-m/nofp\libc_nano.a(libc_a-nano-svfprintf.o)
                                 0x11 (size before relaxing)
 .rodata._printf_i.str1.1
                0x08004c60       0x22 C:/ST/STM32CubeIDE_1.18.1/STM32CubeIDE/plugins/com.st.stm32cube.ide.mcu.externaltools.gnu-tools-for-stm32.13.3.rel1.win32_1.0.0.202411081344/tools/bin/../lib/gcc/arm-none-eabi/13.3.1/../../../../arm-none-eabi/lib/thumb/v6-m/nofp\libc_nano.a(libc_a-nano-vfprintf_i.o)
                0x08004c84                        . = ALIGN (0x4)

.ARM.extab      0x08004c60        0x0
                0x08004c60                        . = ALIGN (0x4)
 *(.ARM.extab* .gnu.linkonce.armextab.*)
                0x08004c60                        . = ALIGN (0x4)

.ARM            0x08004c60        0x0
                0x08004c60                        . = ALIGN (0x4)
                0x08004c60                        __exidx_start = .
 *(.ARM.exidx*)
                0x08004c60                        __exidx_end = .
                0x08004c60                        . = ALIGN (0x4)

.preinit_array  0x08004c60        0x0
                0x08004c60                        . = ALIGN (0x4)
                0x08004c60                        PROVIDE (__preinit_array_start = .)
 *(.preinit_array*)
                0x08004c60                        PROVIDE (__preinit_array_end = .)
                0x08004c60                        . = ALIGN (0x4)

.init_array     0x08004c60        0x4
                0x08004c60                        . = ALIGN (0x4)
                0x08004c60                        PROVIDE (__init_array_start = .)
 *(SORT_BY_NAME(.init_array.*))
 *(.init_array*)
 .init_array    0x08004c60        0x4 C:/ST/STM32CubeIDE_1.18.1/STM32CubeIDE/plugins/com.st.stm32cube.ide.mcu.externaltools.gnu-tools-for-stm32.13.3.rel1.win32_1.0.0.202411081344/tools/bin/../lib/gcc/arm-none-eabi/13.3.1/thumb/v6-m/nofp/crtbegin.o
                0x08004c64                        PROVIDE (__init_array_end = .)
                0x08004c64                        . = ALIGN (0x4)

.fini_array     0x08004c64        0x4
                0x08004c64                        . = ALIGN (0x4)
                [!provide]                        PROVIDE (__fini_array_start = .)
 *(SORT_BY_NAME(.fini_array.*))
 *(.fini_array*)
 .fini_array    0x08004c64        0x4 C:/ST/STM32CubeIDE_1.18.1/STM32CubeIDE/plugins/com.st.stm32cube.ide.mcu.externaltools.gnu-tools-for-stm32.13.3.rel1.win32_1.0.0.202411081344/tools/bin/../lib/gcc/arm-none-eabi/13.3.1/thumb/v6-m/nofp/crtbegin.o
                [!provide]                        PROVIDE (__fini_array_end = .)
                0x08004c68                        . = ALIGN (0x4)
                0x08004c68                        _sidata = LOADADDR (.data)

.rel.dyn        0x08004c68        0x0
 .rel.iplt      0x08004c68        0x0 C:/ST/STM32CubeIDE_1.18.1/STM32CubeIDE/plugins/com.st.stm32cube.ide.mcu.externaltools.gnu-tools-for-stm32.13.3.rel1.win32_1.0.0.202411081344/tools/bin/../lib/gcc/arm-none-eabi/13.3.1/thumb/v6-m/nofp/crtbegin.o

.data           0x20000000       0x60 load address 0x08004c68
                0x20000000                        . = ALIGN (0x4)
                0x20000000                        _sdata = .
 *(.data)
 *(.data*)
 .data.led_duty
                0x20000000        0x2 ./App/src/led.o
 *fill*         0x20000002        0x2 
 .data.SystemCoreClock
                0x20000004        0x4 ./Core/Src/system_stm32c0xx.o
                0x20000004                SystemCoreClock
 .data.uwTickFreq
                0x20000008        0x1 ./Drivers/STM32C0xx_HAL_Driver/Src/stm32c0xx_hal.o
                0x20000008                uwTickFreq
 *fill*         0x20000009        0x3 
 .data.uwTickPrio
                0x2000000c        0x4 ./Drivers/STM32C0xx_HAL_Driver/Src/stm32c0xx_hal.o
                0x2000000c                uwTickPrio
 .data._impure_ptr
                0x20000010        0x4 C:/ST/STM32CubeIDE_1.18.1/STM32CubeIDE/plugins/com.st.stm32cube.ide.mcu.externaltools.gnu-tools-for-stm32.13.3.rel1.win32_1.0.0.202411081344/tools/bin/../lib/gcc/arm-none-eabi/13.3.1/../../../../arm-none-eabi/lib/thumb/v6-m/nofp\libc_nano.a(libc_a-impure.o)
                0x20000010                _impure_ptr
 .data._impure_data
                0x20000014       0x4c C:/ST/STM32CubeIDE_1.18.1/STM32CubeIDE/plugins/com.st.stm32cube.ide.mcu.externaltools.gnu-tools-for-stm32.13.3.rel1.win32_1.0.0.202411081344/tools/bin/../lib/gcc/arm-none-eabi/13.3.1/../../../../arm-none-eabi/lib/thumb/v6-m/nofp\libc_nano.a(libc_a-impure.o)
                0x20000014                _impure_data
 *(.RamFunc)
 *(.RamFunc*)
                0x20000060                        . = ALIGN (0x4)
                0x20000060                        _edata = .

.igot.plt       0x20000060        0x0 load address 0x08004cc8
 .igot.plt      0x20000060        0x0 C:/ST/STM32CubeIDE_1.18.1/STM32CubeIDE/plugins/com.st.stm32cube.ide.mcu.externaltools.gnu-tools-for-stm32.13.3.rel1.win32_1.0.0.202411081344/tools/bin/../lib/gcc/arm-none-eabi/13.3.1/thumb/v6-m/nofp/crtbegin.o
                0x20000060                        . = ALIGN (0x4)

.bss            0x20000060      0x694 load address 0x08004cc8
                0x20000060                        _sbss = .
                0x20000060                        __bss_start__ = _sbss
 *(.bss)
 .bss           0x20000060       0x1c C:/ST/STM32CubeIDE_1.18.1/STM32CubeIDE/plugins/com.st.stm32cube.ide.mcu.externaltools.gnu-tools-for-stm32.13.3.rel1.win32_1.0.0.202411081344/tools/bin/../lib/gcc/arm-none-eabi/13.3.1/thumb/v6-m/nofp/crtbegin.o
 *(.bss*)
 .bss.adc_data  0x2000007c        0x6 ./App/src/adc.o
                0x2000007c                adc_data
 *fill*         0x20000082        0x2 
 .bss.cli_cmd_func
                0x20000084       0x60 ./App/src/cli.o
 .bss.cli_cmd_count
                0x200000e4        0x1 ./App/src/cli.o
 *fill*         0x200000e5        0x3 
 .bss.cli_argv  0x200000e8       0x20 ./App/src/cli.o
 .bss.cli_argc  0x20000108        0x2 ./App/src/cli.o
 .bss.cli_buf_index
                0x2000010a        0x2 ./App/src/cli.o
 .bss.cli_buf   0x2000010c       0x80 ./App/src/cli.o
 .bss.swtimer_tbl
                0x2000018c       0xa0 ./App/src/swtimer.o
 .bss.swtimer_count
                0x2000022c        0x1 ./App/src/swtimer.o
 *fill*         0x2000022d        0x3 
 .bss.q_buf     0x20000230      0x100 ./App/src/uart.o
 .bss.q_out     0x20000330        0x2 ./App/src/uart.o
 .bss.q_in      0x20000332        0x2 ./App/src/uart.o
 .bss.hdma_usart1_rx
                0x20000334       0x5c ./Core/Src/main.o
                0x20000334                hdma_usart1_rx
 .bss.huart1    0x20000390       0x94 ./Core/Src/main.o
                0x20000390                huart1
 .bss.htim14    0x20000424       0x4c ./Core/Src/main.o
                0x20000424                htim14
 .bss.htim1     0x20000470       0x4c ./Core/Src/main.o
                0x20000470                htim1
 .bss.hrtc      0x200004bc       0x28 ./Core/Src/main.o
                0x200004bc                hrtc
 .bss.hdma_adc1
                0x200004e4       0x5c ./Core/Src/main.o
                0x200004e4                hdma_adc1
 .bss.hadc1     0x20000540       0x64 ./Core/Src/main.o
                0x20000540                hadc1
 .bss.__sbrk_heap_end
                0x200005a4        0x4 ./Core/Src/sysmem.o
 .bss.uwTick    0x200005a8        0x4 ./Drivers/STM32C0xx_HAL_Driver/Src/stm32c0xx_hal.o
                0x200005a8                uwTick
 .bss.__sf      0x200005ac      0x138 C:/ST/STM32CubeIDE_1.18.1/STM32CubeIDE/plugins/com.st.stm32cube.ide.mcu.externaltools.gnu-tools-for-stm32.13.3.rel1.win32_1.0.0.202411081344/tools/bin/../lib/gcc/arm-none-eabi/13.3.1/../../../../arm-none-eabi/lib/thumb/v6-m/nofp\libc_nano.a(libc_a-findfp.o)
                0x200005ac                __sf
 .bss.errno     0x200006e4        0x4 C:/ST/STM32CubeIDE_1.18.1/STM32CubeIDE/plugins/com.st.stm32cube.ide.mcu.externaltools.gnu-tools-for-stm32.13.3.rel1.win32_1.0.0.202411081344/tools/bin/../lib/gcc/arm-none-eabi/13.3.1/../../../../arm-none-eabi/lib/thumb/v6-m/nofp\libc_nano.a(libc_a-reent.o)
                0x200006e4                errno
 .bss.__lock___malloc_recursive_mutex
                0x200006e8        0x1 C:/ST/STM32CubeIDE_1.18.1/STM32CubeIDE/plugins/com.st.stm32cube.ide.mcu.externaltools.gnu-tools-for-stm32.13.3.rel1.win32_1.0.0.202411081344/tools/bin/../lib/gcc/arm-none-eabi/13.3.1/../../../../arm-none-eabi/lib/thumb/v6-m/nofp\libc_nano.a(libc_a-lock.o)
                0x200006e8                __lock___malloc_recursive_mutex
 *fill*         0x200006e9        0x3 
 .bss.__malloc_sbrk_start
                0x200006ec        0x4 C:/ST/STM32CubeIDE_1.18.1/STM32CubeIDE/plugins/com.st.stm32cube.ide.mcu.externaltools.gnu-tools-for-stm32.13.3.rel1.win32_1.0.0.202411081344/tools/bin/../lib/gcc/arm-none-eabi/13.3.1/../../../../arm-none-eabi/lib/thumb/v6-m/nofp\libc_nano.a(libc_a-mallocr.o)
                0x200006ec                __malloc_sbrk_start
 .bss.__malloc_free_list
                0x200006f0        0x4 C:/ST/STM32CubeIDE_1.18.1/STM32CubeIDE/plugins/com.st.stm32cube.ide.mcu.externaltools.gnu-tools-for-stm32.13.3.rel1.win32_1.0.0.202411081344/tools/bin/../lib/gcc/arm-none-eabi/13.3.1/../../../../arm-none-eabi/lib/thumb/v6-m/nofp\libc_nano.a(libc_a-mallocr.o)
                0x200006f0                __malloc_free_list
 *(COMMON)
                0x200006f4                        . = ALIGN (0x4)
                0x200006f4                        _ebss = .
                0x200006f4                        __bss_end__ = _ebss

._user_heap_stack
                0x200006f4      0x604 load address 0x08004cc8
                0x200006f8                        . = ALIGN (0x8)
 *fill*         0x200006f4        0x4 
                [!provide]                        PROVIDE (end = .)
                0x200006f8                        PROVIDE (_end = .)
                0x200008f8                        . = (. + _Min_Heap_Size)
 *fill*         0x200006f8      0x200 
                0x20000cf8                        . = (. + _Min_Stack_Size)
 *fill*         0x200008f8      0x400 
                0x20000cf8                        . = ALIGN (0x8)

/DISCARD/
 libc.a(*)
 libm.a(*)
 libgcc.a(*)

.ARM.attributes
                0x00000000       0x28
 *(.ARM.attributes)
 .ARM.attributes
                0x00000000       0x1e C:/ST/STM32CubeIDE_1.18.1/STM32CubeIDE/plugins/com.st.stm32cube.ide.mcu.externaltools.gnu-tools-for-stm32.13.3.rel1.win32_1.0.0.202411081344/tools/bin/../lib/gcc/arm-none-eabi/13.3.1/thumb/v6-m/nofp/crti.o
 .ARM.attributes
                0x0000001e       0x2c C:/ST/STM32CubeIDE_1.18.1/STM32CubeIDE/plugins/com.st.stm32cube.ide.mcu.externaltools.gnu-tools-for-stm32.13.3.rel1.win32_1.0.0.202411081344/tools/bin/../lib/gcc/arm-none-eabi/13.3.1/thumb/v6-m/nofp/crtbegin.o
 .ARM.attributes
                0x0000004a       0x2c ./App/ap.o
 .ARM.attributes
                0x00000076       0x2c ./App/src/adc.o
 .ARM.attributes
                0x000000a2       0x2c ./App/src/button.o
 .ARM.attributes
                0x000000ce       0x2c ./App/src/cli.o
 .ARM.attributes
                0x000000fa       0x2c ./App/src/led.o
 .ARM.attributes
                0x00000126       0x2c ./App/src/pwm.o
 .ARM.attributes
                0x00000152       0x2c ./App/src/rtc.o
 .ARM.attributes
                0x0000017e       0x2c ./App/src/swtimer.o
 .ARM.attributes
                0x000001aa       0x2c ./App/src/uart.o
 .ARM.attributes
                0x000001d6       0x2c ./App/src/utils.o
 .ARM.attributes
                0x00000202       0x2c ./Core/Src/main.o
 .ARM.attributes
                0x0000022e       0x2c ./Core/Src/stm32c0xx_hal_msp.o
 .ARM.attributes
                0x0000025a       0x2c ./Core/Src/stm32c0xx_it.o
 .ARM.attributes
                0x00000286       0x2c ./Core/Src/sysmem.o
 .ARM.attributes
                0x000002b2       0x2c ./Core/Src/system_stm32c0xx.o
 .ARM.attributes
                0x000002de       0x22 ./Core/Startup/startup_stm32c031c6tx.o
 .ARM.attributes
                0x00000300       0x2c ./Drivers/STM32C0xx_HAL_Driver/Src/stm32c0xx_hal.o
 .ARM.attributes
                0x0000032c       0x2c ./Drivers/STM32C0xx_HAL_Driver/Src/stm32c0xx_hal_adc.o
 .ARM.attributes
                0x00000358       0x2c ./Drivers/STM32C0xx_HAL_Driver/Src/stm32c0xx_hal_adc_ex.o
 .ARM.attributes
                0x00000384       0x2c ./Drivers/STM32C0xx_HAL_Driver/Src/stm32c0xx_hal_cortex.o
 .ARM.attributes
                0x000003b0       0x2c ./Drivers/STM32C0xx_HAL_Driver/Src/stm32c0xx_hal_dma.o
 .ARM.attributes
                0x000003dc       0x2c ./Drivers/STM32C0xx_HAL_Driver/Src/stm32c0xx_hal_gpio.o
 .ARM.attributes
                0x00000408       0x2c ./Drivers/STM32C0xx_HAL_Driver/Src/stm32c0xx_hal_rcc.o
 .ARM.attributes
                0x00000434       0x2c ./Drivers/STM32C0xx_HAL_Driver/Src/stm32c0xx_hal_rtc.o
 .ARM.attributes
                0x00000460       0x2c ./Drivers/STM32C0xx_HAL_Driver/Src/stm32c0xx_hal_tim.o
 .ARM.attributes
                0x0000048c       0x2c ./Drivers/STM32C0xx_HAL_Driver/Src/stm32c0xx_hal_tim_ex.o
 .ARM.attributes
                0x000004b8       0x2c ./Drivers/STM32C0xx_HAL_Driver/Src/stm32c0xx_hal_uart.o
 .ARM.attributes
                0x000004e4       0x2c ./Drivers/STM32C0xx_HAL_Driver/Src/stm32c0xx_hal_uart_ex.o
 .ARM.attributes
                0x00000510       0x2c ./Drivers/STM32C0xx_HAL_Driver/Src/stm32c0xx_ll_utils.o
 .ARM.attributes
                0x0000053c       0x2c C:/ST/STM32CubeIDE_1.18.1/STM32CubeIDE/plugins/com.st.stm32cube.ide.mcu.externaltools.gnu-tools-for-stm32.13.3.rel1.win32_1.0.0.202411081344/tools/bin/../lib/gcc/arm-none-eabi/13.3.1/../../../../arm-none-eabi/lib/thumb/v6-m/nofp\libc_nano.a(libc_a-strtoul.o)
 .ARM.attributes
                0x00000568       0x2c C:/ST/STM32CubeIDE_1.18.1/STM32CubeIDE/plugins/com.st.stm32cube.ide.mcu.externaltools.gnu-tools-for-stm32.13.3.rel1.win32_1.0.0.202411081344/tools/bin/../lib/gcc/arm-none-eabi/13.3.1/../../../../arm-none-eabi/lib/thumb/v6-m/nofp\libc_nano.a(libc_a-ctype_.o)
 .ARM.attributes
                0x00000594       0x2c C:/ST/STM32CubeIDE_1.18.1/STM32CubeIDE/plugins/com.st.stm32cube.ide.mcu.externaltools.gnu-tools-for-stm32.13.3.rel1.win32_1.0.0.202411081344/tools/bin/../lib/gcc/arm-none-eabi/13.3.1/../../../../arm-none-eabi/lib/thumb/v6-m/nofp\libc_nano.a(libc_a-findfp.o)
 .ARM.attributes
                0x000005c0       0x2c C:/ST/STM32CubeIDE_1.18.1/STM32CubeIDE/plugins/com.st.stm32cube.ide.mcu.externaltools.gnu-tools-for-stm32.13.3.rel1.win32_1.0.0.202411081344/tools/bin/../lib/gcc/arm-none-eabi/13.3.1/../../../../arm-none-eabi/lib/thumb/v6-m/nofp\libc_nano.a(libc_a-vsnprintf.o)
 .ARM.attributes
                0x000005ec       0x2c C:/ST/STM32CubeIDE_1.18.1/STM32CubeIDE/plugins/com.st.stm32cube.ide.mcu.externaltools.gnu-tools-for-stm32.13.3.rel1.win32_1.0.0.202411081344/tools/bin/../lib/gcc/arm-none-eabi/13.3.1/../../../../arm-none-eabi/lib/thumb/v6-m/nofp\libc_nano.a(libc_a-memset.o)
 .ARM.attributes
                0x00000618       0x2c C:/ST/STM32CubeIDE_1.18.1/STM32CubeIDE/plugins/com.st.stm32cube.ide.mcu.externaltools.gnu-tools-for-stm32.13.3.rel1.win32_1.0.0.202411081344/tools/bin/../lib/gcc/arm-none-eabi/13.3.1/../../../../arm-none-eabi/lib/thumb/v6-m/nofp\libc_nano.a(libc_a-strncpy.o)
 .ARM.attributes
                0x00000644       0x2c C:/ST/STM32CubeIDE_1.18.1/STM32CubeIDE/plugins/com.st.stm32cube.ide.mcu.externaltools.gnu-tools-for-stm32.13.3.rel1.win32_1.0.0.202411081344/tools/bin/../lib/gcc/arm-none-eabi/13.3.1/../../../../arm-none-eabi/lib/thumb/v6-m/nofp\libc_nano.a(libc_a-strtok_r.o)
 .ARM.attributes
                0x00000670       0x2c C:/ST/STM32CubeIDE_1.18.1/STM32CubeIDE/plugins/com.st.stm32cube.ide.mcu.externaltools.gnu-tools-for-stm32.13.3.rel1.win32_1.0.0.202411081344/tools/bin/../lib/gcc/arm-none-eabi/13.3.1/../../../../arm-none-eabi/lib/thumb/v6-m/nofp\libc_nano.a(libc_a-reent.o)
 .ARM.attributes
                0x0000069c       0x2c C:/ST/STM32CubeIDE_1.18.1/STM32CubeIDE/plugins/com.st.stm32cube.ide.mcu.externaltools.gnu-tools-for-stm32.13.3.rel1.win32_1.0.0.202411081344/tools/bin/../lib/gcc/arm-none-eabi/13.3.1/../../../../arm-none-eabi/lib/thumb/v6-m/nofp\libc_nano.a(libc_a-impure.o)
 .ARM.attributes
                0x000006c8       0x2c C:/ST/STM32CubeIDE_1.18.1/STM32CubeIDE/plugins/com.st.stm32cube.ide.mcu.externaltools.gnu-tools-for-stm32.13.3.rel1.win32_1.0.0.202411081344/tools/bin/../lib/gcc/arm-none-eabi/13.3.1/../../../../arm-none-eabi/lib/thumb/v6-m/nofp\libc_nano.a(libc_a-errno.o)
 .ARM.attributes
                0x000006f4       0x2c C:/ST/STM32CubeIDE_1.18.1/STM32CubeIDE/plugins/com.st.stm32cube.ide.mcu.externaltools.gnu-tools-for-stm32.13.3.rel1.win32_1.0.0.202411081344/tools/bin/../lib/gcc/arm-none-eabi/13.3.1/../../../../arm-none-eabi/lib/thumb/v6-m/nofp\libc_nano.a(libc_a-init.o)
 .ARM.attributes
                0x00000720       0x2c C:/ST/STM32CubeIDE_1.18.1/STM32CubeIDE/plugins/com.st.stm32cube.ide.mcu.externaltools.gnu-tools-for-stm32.13.3.rel1.win32_1.0.0.202411081344/tools/bin/../lib/gcc/arm-none-eabi/13.3.1/../../../../arm-none-eabi/lib/thumb/v6-m/nofp\libc_nano.a(libc_a-lock.o)
 .ARM.attributes
                0x0000074c       0x1c C:/ST/STM32CubeIDE_1.18.1/STM32CubeIDE/plugins/com.st.stm32cube.ide.mcu.externaltools.gnu-tools-for-stm32.13.3.rel1.win32_1.0.0.202411081344/tools/bin/../lib/gcc/arm-none-eabi/13.3.1/../../../../arm-none-eabi/lib/thumb/v6-m/nofp\libc_nano.a(libc_a-strcmp.o)
 .ARM.attributes
                0x00000768       0x2c C:/ST/STM32CubeIDE_1.18.1/STM32CubeIDE/plugins/com.st.stm32cube.ide.mcu.externaltools.gnu-tools-for-stm32.13.3.rel1.win32_1.0.0.202411081344/tools/bin/../lib/gcc/arm-none-eabi/13.3.1/../../../../arm-none-eabi/lib/thumb/v6-m/nofp\libc_nano.a(libc_a-freer.o)
 .ARM.attributes
                0x00000794       0x2c C:/ST/STM32CubeIDE_1.18.1/STM32CubeIDE/plugins/com.st.stm32cube.ide.mcu.externaltools.gnu-tools-for-stm32.13.3.rel1.win32_1.0.0.202411081344/tools/bin/../lib/gcc/arm-none-eabi/13.3.1/../../../../arm-none-eabi/lib/thumb/v6-m/nofp\libc_nano.a(libc_a-mallocr.o)
 .ARM.attributes
                0x000007c0       0x2c C:/ST/STM32CubeIDE_1.18.1/STM32CubeIDE/plugins/com.st.stm32cube.ide.mcu.externaltools.gnu-tools-for-stm32.13.3.rel1.win32_1.0.0.202411081344/tools/bin/../lib/gcc/arm-none-eabi/13.3.1/../../../../arm-none-eabi/lib/thumb/v6-m/nofp\libc_nano.a(libc_a-mlock.o)
 .ARM.attributes
                0x000007ec       0x2c C:/ST/STM32CubeIDE_1.18.1/STM32CubeIDE/plugins/com.st.stm32cube.ide.mcu.externaltools.gnu-tools-for-stm32.13.3.rel1.win32_1.0.0.202411081344/tools/bin/../lib/gcc/arm-none-eabi/13.3.1/../../../../arm-none-eabi/lib/thumb/v6-m/nofp\libc_nano.a(libc_a-nano-svfprintf.o)
 .ARM.attributes
                0x00000818       0x2c C:/ST/STM32CubeIDE_1.18.1/STM32CubeIDE/plugins/com.st.stm32cube.ide.mcu.externaltools.gnu-tools-for-stm32.13.3.rel1.win32_1.0.0.202411081344/tools/bin/../lib/gcc/arm-none-eabi/13.3.1/../../../../arm-none-eabi/lib/thumb/v6-m/nofp\libc_nano.a(libc_a-nano-vfprintf_i.o)
 .ARM.attributes
                0x00000844       0x2c C:/ST/STM32CubeIDE_1.18.1/STM32CubeIDE/plugins/com.st.stm32cube.ide.mcu.externaltools.gnu-tools-for-stm32.13.3.rel1.win32_1.0.0.202411081344/tools/bin/../lib/gcc/arm-none-eabi/13.3.1/../../../../arm-none-eabi/lib/thumb/v6-m/nofp\libc_nano.a(libc_a-memmove.o)
 .ARM.attributes
                0x00000870       0x2c C:/ST/STM32CubeIDE_1.18.1/STM32CubeIDE/plugins/com.st.stm32cube.ide.mcu.externaltools.gnu-tools-for-stm32.13.3.rel1.win32_1.0.0.202411081344/tools/bin/../lib/gcc/arm-none-eabi/13.3.1/../../../../arm-none-eabi/lib/thumb/v6-m/nofp\libc_nano.a(libc_a-sbrkr.o)
 .ARM.attributes
                0x0000089c       0x2c C:/ST/STM32CubeIDE_1.18.1/STM32CubeIDE/plugins/com.st.stm32cube.ide.mcu.externaltools.gnu-tools-for-stm32.13.3.rel1.win32_1.0.0.202411081344/tools/bin/../lib/gcc/arm-none-eabi/13.3.1/../../../../arm-none-eabi/lib/thumb/v6-m/nofp\libc_nano.a(libc_a-memchr-stub.o)
 .ARM.attributes
                0x000008c8       0x2c C:/ST/STM32CubeIDE_1.18.1/STM32CubeIDE/plugins/com.st.stm32cube.ide.mcu.externaltools.gnu-tools-for-stm32.13.3.rel1.win32_1.0.0.202411081344/tools/bin/../lib/gcc/arm-none-eabi/13.3.1/../../../../arm-none-eabi/lib/thumb/v6-m/nofp\libc_nano.a(libc_a-memcpy-stub.o)
 .ARM.attributes
                0x000008f4       0x2c C:/ST/STM32CubeIDE_1.18.1/STM32CubeIDE/plugins/com.st.stm32cube.ide.mcu.externaltools.gnu-tools-for-stm32.13.3.rel1.win32_1.0.0.202411081344/tools/bin/../lib/gcc/arm-none-eabi/13.3.1/../../../../arm-none-eabi/lib/thumb/v6-m/nofp\libc_nano.a(libc_a-reallocr.o)
 .ARM.attributes
                0x00000920       0x2c C:/ST/STM32CubeIDE_1.18.1/STM32CubeIDE/plugins/com.st.stm32cube.ide.mcu.externaltools.gnu-tools-for-stm32.13.3.rel1.win32_1.0.0.202411081344/tools/bin/../lib/gcc/arm-none-eabi/13.3.1/../../../../arm-none-eabi/lib/thumb/v6-m/nofp\libc_nano.a(libc_a-msizer.o)
 .ARM.attributes
                0x0000094c       0x1e C:/ST/STM32CubeIDE_1.18.1/STM32CubeIDE/plugins/com.st.stm32cube.ide.mcu.externaltools.gnu-tools-for-stm32.13.3.rel1.win32_1.0.0.202411081344/tools/bin/../lib/gcc/arm-none-eabi/13.3.1/thumb/v6-m/nofp\libgcc.a(_thumb1_case_shi.o)
 .ARM.attributes
                0x0000096a       0x1e C:/ST/STM32CubeIDE_1.18.1/STM32CubeIDE/plugins/com.st.stm32cube.ide.mcu.externaltools.gnu-tools-for-stm32.13.3.rel1.win32_1.0.0.202411081344/tools/bin/../lib/gcc/arm-none-eabi/13.3.1/thumb/v6-m/nofp\libgcc.a(_udivsi3.o)
 .ARM.attributes
                0x00000988       0x1e C:/ST/STM32CubeIDE_1.18.1/STM32CubeIDE/plugins/com.st.stm32cube.ide.mcu.externaltools.gnu-tools-for-stm32.13.3.rel1.win32_1.0.0.202411081344/tools/bin/../lib/gcc/arm-none-eabi/13.3.1/thumb/v6-m/nofp\libgcc.a(_divsi3.o)
 .ARM.attributes
                0x000009a6       0x1e C:/ST/STM32CubeIDE_1.18.1/STM32CubeIDE/plugins/com.st.stm32cube.ide.mcu.externaltools.gnu-tools-for-stm32.13.3.rel1.win32_1.0.0.202411081344/tools/bin/../lib/gcc/arm-none-eabi/13.3.1/thumb/v6-m/nofp\libgcc.a(_dvmd_tls.o)
 .ARM.attributes
                0x000009c4       0x1e C:/ST/STM32CubeIDE_1.18.1/STM32CubeIDE/plugins/com.st.stm32cube.ide.mcu.externaltools.gnu-tools-for-stm32.13.3.rel1.win32_1.0.0.202411081344/tools/bin/../lib/gcc/arm-none-eabi/13.3.1/thumb/v6-m/nofp/crtn.o
OUTPUT(stm32c0_rtc.elf elf32-littlearm)
LOAD linker stubs
LOAD C:/ST/STM32CubeIDE_1.18.1/STM32CubeIDE/plugins/com.st.stm32cube.ide.mcu.externaltools.gnu-tools-for-stm32.13.3.rel1.win32_1.0.0.202411081344/tools/bin/../lib/gcc/arm-none-eabi/13.3.1/../../../../arm-none-eabi/lib/thumb/v6-m/nofp\libc.a
LOAD C:/ST/STM32CubeIDE_1.18.1/STM32CubeIDE/plugins/com.st.stm32cube.ide.mcu.externaltools.gnu-tools-for-stm32.13.3.rel1.win32_1.0.0.202411081344/tools/bin/../lib/gcc/arm-none-eabi/13.3.1/../../../../arm-none-eabi/lib/thumb/v6-m/nofp\libm.a
LOAD C:/ST/STM32CubeIDE_1.18.1/STM32CubeIDE/plugins/com.st.stm32cube.ide.mcu.externaltools.gnu-tools-for-stm32.13.3.rel1.win32_1.0.0.202411081344/tools/bin/../lib/gcc/arm-none-eabi/13.3.1/thumb/v6-m/nofp\libgcc.a

.debug_info     0x00000000    0x1cf3e
 .debug_info    0x00000000      0x68c ./App/ap.o
 .debug_info    0x0000068c      0x88f ./App/src/adc.o
 .debug_info    0x00000f1b      0x251 ./App/src/button.o
 .debug_info    0x0000116c      0x769 ./App/src/cli.o
 .debug_info    0x000018d5      0x233 ./App/src/led.o
 .debug_info    0x00001b08      0x869 ./App/src/pwm.o
 .debug_info    0x00002371      0xbe5 ./App/src/rtc.o
 .debug_info    0x00002f56      0xa0e ./App/src/swtimer.o
 .debug_info    0x00003964      0xb5a ./App/src/uart.o
 .debug_info    0x000044be      0x15b ./App/src/utils.o
 .debug_info    0x00004619     0x2061 ./Core/Src/main.o
 .debug_info    0x0000667a     0x1b0e ./Core/Src/stm32c0xx_hal_msp.o
 .debug_info    0x00008188      0x7f3 ./Core/Src/stm32c0xx_it.o
 .debug_info    0x0000897b      0x17f ./Core/Src/sysmem.o
 .debug_info    0x00008afa      0x37f ./Core/Src/system_stm32c0xx.o
 .debug_info    0x00008e79       0x30 ./Core/Startup/startup_stm32c031c6tx.o
 .debug_info    0x00008ea9      0x9e9 ./Drivers/STM32C0xx_HAL_Driver/Src/stm32c0xx_hal.o
 .debug_info    0x00009892     0x226d ./Drivers/STM32C0xx_HAL_Driver/Src/stm32c0xx_hal_adc.o
 .debug_info    0x0000baff      0xcf6 ./Drivers/STM32C0xx_HAL_Driver/Src/stm32c0xx_hal_adc_ex.o
 .debug_info    0x0000c7f5      0x9cf ./Drivers/STM32C0xx_HAL_Driver/Src/stm32c0xx_hal_cortex.o
 .debug_info    0x0000d1c4      0x9d4 ./Drivers/STM32C0xx_HAL_Driver/Src/stm32c0xx_hal_dma.o
 .debug_info    0x0000db98      0x60b ./Drivers/STM32C0xx_HAL_Driver/Src/stm32c0xx_hal_gpio.o
 .debug_info    0x0000e1a3      0xb0d ./Drivers/STM32C0xx_HAL_Driver/Src/stm32c0xx_hal_rcc.o
 .debug_info    0x0000ecb0      0xef1 ./Drivers/STM32C0xx_HAL_Driver/Src/stm32c0xx_hal_rtc.o
 .debug_info    0x0000fba1     0x3e79 ./Drivers/STM32C0xx_HAL_Driver/Src/stm32c0xx_hal_tim.o
 .debug_info    0x00013a1a     0x1e93 ./Drivers/STM32C0xx_HAL_Driver/Src/stm32c0xx_hal_tim_ex.o
 .debug_info    0x000158ad     0x60e5 ./Drivers/STM32C0xx_HAL_Driver/Src/stm32c0xx_hal_uart.o
 .debug_info    0x0001b992     0x11d7 ./Drivers/STM32C0xx_HAL_Driver/Src/stm32c0xx_hal_uart_ex.o
 .debug_info    0x0001cb69      0x3d5 ./Drivers/STM32C0xx_HAL_Driver/Src/stm32c0xx_ll_utils.o

.debug_abbrev   0x00000000     0x403c
 .debug_abbrev  0x00000000      0x1d8 ./App/ap.o
 .debug_abbrev  0x000001d8      0x1f0 ./App/src/adc.o
 .debug_abbrev  0x000003c8      0x157 ./App/src/button.o
 .debug_abbrev  0x0000051f      0x1fa ./App/src/cli.o
 .debug_abbrev  0x00000719      0x12d ./App/src/led.o
 .debug_abbrev  0x00000846      0x20a ./App/src/pwm.o
 .debug_abbrev  0x00000a50      0x244 ./App/src/rtc.o
 .debug_abbrev  0x00000c94      0x266 ./App/src/swtimer.o
 .debug_abbrev  0x00000efa      0x243 ./App/src/uart.o
 .debug_abbrev  0x0000113d       0xfb ./App/src/utils.o
 .debug_abbrev  0x00001238      0x370 ./Core/Src/main.o
 .debug_abbrev  0x000015a8      0x3c5 ./Core/Src/stm32c0xx_hal_msp.o
 .debug_abbrev  0x0000196d      0x1c7 ./Core/Src/stm32c0xx_it.o
 .debug_abbrev  0x00001b34       0xeb ./Core/Src/sysmem.o
 .debug_abbrev  0x00001c1f      0x12e ./Core/Src/system_stm32c0xx.o
 .debug_abbrev  0x00001d4d       0x24 ./Core/Startup/startup_stm32c031c6tx.o
 .debug_abbrev  0x00001d71      0x312 ./Drivers/STM32C0xx_HAL_Driver/Src/stm32c0xx_hal.o
 .debug_abbrev  0x00002083      0x2fd ./Drivers/STM32C0xx_HAL_Driver/Src/stm32c0xx_hal_adc.o
 .debug_abbrev  0x00002380      0x2cd ./Drivers/STM32C0xx_HAL_Driver/Src/stm32c0xx_hal_adc_ex.o
 .debug_abbrev  0x0000264d      0x317 ./Drivers/STM32C0xx_HAL_Driver/Src/stm32c0xx_hal_cortex.o
 .debug_abbrev  0x00002964      0x1e9 ./Drivers/STM32C0xx_HAL_Driver/Src/stm32c0xx_hal_dma.o
 .debug_abbrev  0x00002b4d      0x209 ./Drivers/STM32C0xx_HAL_Driver/Src/stm32c0xx_hal_gpio.o
 .debug_abbrev  0x00002d56      0x2c3 ./Drivers/STM32C0xx_HAL_Driver/Src/stm32c0xx_hal_rcc.o
 .debug_abbrev  0x00003019      0x1f1 ./Drivers/STM32C0xx_HAL_Driver/Src/stm32c0xx_hal_rtc.o
 .debug_abbrev  0x0000320a      0x285 ./Drivers/STM32C0xx_HAL_Driver/Src/stm32c0xx_hal_tim.o
 .debug_abbrev  0x0000348f      0x298 ./Drivers/STM32C0xx_HAL_Driver/Src/stm32c0xx_hal_tim_ex.o
 .debug_abbrev  0x00003727      0x377 ./Drivers/STM32C0xx_HAL_Driver/Src/stm32c0xx_hal_uart.o
 .debug_abbrev  0x00003a9e      0x358 ./Drivers/STM32C0xx_HAL_Driver/Src/stm32c0xx_hal_uart_ex.o
 .debug_abbrev  0x00003df6      0x246 ./Drivers/STM32C0xx_HAL_Driver/Src/stm32c0xx_ll_utils.o

.debug_loclists
                0x00000000     0xcd6a
 .debug_loclists
                0x00000000      0x159 ./App/ap.o
 .debug_loclists
                0x00000159       0x68 ./App/src/adc.o
 .debug_loclists
                0x000001c1       0xbd ./App/src/button.o
 .debug_loclists
                0x0000027e      0x1b3 ./App/src/cli.o
 .debug_loclists
                0x00000431       0xc5 ./App/src/led.o
 .debug_loclists
                0x000004f6       0x5d ./App/src/pwm.o
 .debug_loclists
                0x00000553      0x1a6 ./App/src/rtc.o
 .debug_loclists
                0x000006f9      0x192 ./App/src/swtimer.o
 .debug_loclists
                0x0000088b      0x27f ./App/src/uart.o
 .debug_loclists
                0x00000b0a       0x29 ./App/src/utils.o
 .debug_loclists
                0x00000b33       0x55 ./Core/Src/main.o
 .debug_loclists
                0x00000b88      0x23a ./Core/Src/stm32c0xx_hal_msp.o
 .debug_loclists
                0x00000dc2       0x6d ./Core/Src/sysmem.o
 .debug_loclists
                0x00000e2f       0x26 ./Core/Src/system_stm32c0xx.o
 .debug_loclists
                0x00000e55      0x19a ./Drivers/STM32C0xx_HAL_Driver/Src/stm32c0xx_hal.o
 .debug_loclists
                0x00000fef     0x1062 ./Drivers/STM32C0xx_HAL_Driver/Src/stm32c0xx_hal_adc.o
 .debug_loclists
                0x00002051      0x29f ./Drivers/STM32C0xx_HAL_Driver/Src/stm32c0xx_hal_adc_ex.o
 .debug_loclists
                0x000022f0      0x225 ./Drivers/STM32C0xx_HAL_Driver/Src/stm32c0xx_hal_cortex.o
 .debug_loclists
                0x00002515      0x696 ./Drivers/STM32C0xx_HAL_Driver/Src/stm32c0xx_hal_dma.o
 .debug_loclists
                0x00002bab      0x307 ./Drivers/STM32C0xx_HAL_Driver/Src/stm32c0xx_hal_gpio.o
 .debug_loclists
                0x00002eb2      0x461 ./Drivers/STM32C0xx_HAL_Driver/Src/stm32c0xx_hal_rcc.o
 .debug_loclists
                0x00003313      0x94f ./Drivers/STM32C0xx_HAL_Driver/Src/stm32c0xx_hal_rtc.o
 .debug_loclists
                0x00003c62     0x3f16 ./Drivers/STM32C0xx_HAL_Driver/Src/stm32c0xx_hal_tim.o
 .debug_loclists
                0x00007b78     0x1c85 ./Drivers/STM32C0xx_HAL_Driver/Src/stm32c0xx_hal_tim_ex.o
 .debug_loclists
                0x000097fd     0x2c1c ./Drivers/STM32C0xx_HAL_Driver/Src/stm32c0xx_hal_uart.o
 .debug_loclists
                0x0000c419      0x847 ./Drivers/STM32C0xx_HAL_Driver/Src/stm32c0xx_hal_uart_ex.o
 .debug_loclists
                0x0000cc60      0x10a ./Drivers/STM32C0xx_HAL_Driver/Src/stm32c0xx_ll_utils.o

.debug_aranges  0x00000000     0x1208
 .debug_aranges
                0x00000000       0x40 ./App/ap.o
 .debug_aranges
                0x00000040       0x30 ./App/src/adc.o
 .debug_aranges
                0x00000070       0x30 ./App/src/button.o
 .debug_aranges
                0x000000a0       0x58 ./App/src/cli.o
 .debug_aranges
                0x000000f8       0x40 ./App/src/led.o
 .debug_aranges
                0x00000138       0x30 ./App/src/pwm.o
 .debug_aranges
                0x00000168       0x50 ./App/src/rtc.o
 .debug_aranges
                0x000001b8       0x50 ./App/src/swtimer.o
 .debug_aranges
                0x00000208       0x48 ./App/src/uart.o
 .debug_aranges
                0x00000250       0x28 ./App/src/utils.o
 .debug_aranges
                0x00000278       0x68 ./Core/Src/main.o
 .debug_aranges
                0x000002e0       0x68 ./Core/Src/stm32c0xx_hal_msp.o
 .debug_aranges
                0x00000348       0x48 ./Core/Src/stm32c0xx_it.o
 .debug_aranges
                0x00000390       0x20 ./Core/Src/sysmem.o
 .debug_aranges
                0x000003b0       0x28 ./Core/Src/system_stm32c0xx.o
 .debug_aranges
                0x000003d8       0x28 ./Core/Startup/startup_stm32c031c6tx.o
 .debug_aranges
                0x00000400       0xf0 ./Drivers/STM32C0xx_HAL_Driver/Src/stm32c0xx_hal.o
 .debug_aranges
                0x000004f0      0x118 ./Drivers/STM32C0xx_HAL_Driver/Src/stm32c0xx_hal_adc.o
 .debug_aranges
                0x00000608       0x58 ./Drivers/STM32C0xx_HAL_Driver/Src/stm32c0xx_hal_adc_ex.o
 .debug_aranges
                0x00000660       0xc0 ./Drivers/STM32C0xx_HAL_Driver/Src/stm32c0xx_hal_cortex.o
 .debug_aranges
                0x00000720       0x90 ./Drivers/STM32C0xx_HAL_Driver/Src/stm32c0xx_hal_dma.o
 .debug_aranges
                0x000007b0       0x68 ./Drivers/STM32C0xx_HAL_Driver/Src/stm32c0xx_hal_gpio.o
 .debug_aranges
                0x00000818       0x90 ./Drivers/STM32C0xx_HAL_Driver/Src/stm32c0xx_hal_rcc.o
 .debug_aranges
                0x000008a8       0xc0 ./Drivers/STM32C0xx_HAL_Driver/Src/stm32c0xx_hal_rtc.o
 .debug_aranges
                0x00000968      0x3e0 ./Drivers/STM32C0xx_HAL_Driver/Src/stm32c0xx_hal_tim.o
 .debug_aranges
                0x00000d48      0x198 ./Drivers/STM32C0xx_HAL_Driver/Src/stm32c0xx_hal_tim_ex.o
 .debug_aranges
                0x00000ee0      0x248 ./Drivers/STM32C0xx_HAL_Driver/Src/stm32c0xx_hal_uart.o
 .debug_aranges
                0x00001128       0xa8 ./Drivers/STM32C0xx_HAL_Driver/Src/stm32c0xx_hal_uart_ex.o
 .debug_aranges
                0x000011d0       0x38 ./Drivers/STM32C0xx_HAL_Driver/Src/stm32c0xx_ll_utils.o

.debug_rnglists
                0x00000000      0xf3d
 .debug_rnglists
                0x00000000       0x38 ./App/ap.o
 .debug_rnglists
                0x00000038       0x1f ./App/src/adc.o
 .debug_rnglists
                0x00000057       0x2b ./App/src/button.o
 .debug_rnglists
                0x00000082       0x5d ./App/src/cli.o
 .debug_rnglists
                0x000000df       0x2b ./App/src/led.o
 .debug_rnglists
                0x0000010a       0x1f ./App/src/pwm.o
 .debug_rnglists
                0x00000129       0x38 ./App/src/rtc.o
 .debug_rnglists
                0x00000161       0x37 ./App/src/swtimer.o
 .debug_rnglists
                0x00000198       0x31 ./App/src/uart.o
 .debug_rnglists
                0x000001c9       0x19 ./App/src/utils.o
 .debug_rnglists
                0x000001e2       0x65 ./Core/Src/main.o
 .debug_rnglists
                0x00000247       0x66 ./Core/Src/stm32c0xx_hal_msp.o
 .debug_rnglists
                0x000002ad       0x31 ./Core/Src/stm32c0xx_it.o
 .debug_rnglists
                0x000002de       0x13 ./Core/Src/sysmem.o
 .debug_rnglists
                0x000002f1       0x19 ./Core/Src/system_stm32c0xx.o
 .debug_rnglists
                0x0000030a       0x19 ./Core/Startup/startup_stm32c031c6tx.o
 .debug_rnglists
                0x00000323       0xaf ./Drivers/STM32C0xx_HAL_Driver/Src/stm32c0xx_hal.o
 .debug_rnglists
                0x000003d2      0x146 ./Drivers/STM32C0xx_HAL_Driver/Src/stm32c0xx_hal_adc.o
 .debug_rnglists
                0x00000518       0x3e ./Drivers/STM32C0xx_HAL_Driver/Src/stm32c0xx_hal_adc_ex.o
 .debug_rnglists
                0x00000556       0x97 ./Drivers/STM32C0xx_HAL_Driver/Src/stm32c0xx_hal_cortex.o
 .debug_rnglists
                0x000005ed       0x6e ./Drivers/STM32C0xx_HAL_Driver/Src/stm32c0xx_hal_dma.o
 .debug_rnglists
                0x0000065b       0x4b ./Drivers/STM32C0xx_HAL_Driver/Src/stm32c0xx_hal_gpio.o
 .debug_rnglists
                0x000006a6       0x8a ./Drivers/STM32C0xx_HAL_Driver/Src/stm32c0xx_hal_rcc.o
 .debug_rnglists
                0x00000730       0x91 ./Drivers/STM32C0xx_HAL_Driver/Src/stm32c0xx_hal_rtc.o
 .debug_rnglists
                0x000007c1      0x310 ./Drivers/STM32C0xx_HAL_Driver/Src/stm32c0xx_hal_tim.o
 .debug_rnglists
                0x00000ad1      0x13f ./Drivers/STM32C0xx_HAL_Driver/Src/stm32c0xx_hal_tim_ex.o
 .debug_rnglists
                0x00000c10      0x25c ./Drivers/STM32C0xx_HAL_Driver/Src/stm32c0xx_hal_uart.o
 .debug_rnglists
                0x00000e6c       0xac ./Drivers/STM32C0xx_HAL_Driver/Src/stm32c0xx_hal_uart_ex.o
 .debug_rnglists
                0x00000f18       0x25 ./Drivers/STM32C0xx_HAL_Driver/Src/stm32c0xx_ll_utils.o

.debug_macro    0x00000000    0x197c7
 .debug_macro   0x00000000      0x421 ./App/ap.o
 .debug_macro   0x00000421      0xab4 ./App/ap.o
 .debug_macro   0x00000ed5       0x22 ./App/ap.o
 .debug_macro   0x00000ef7       0x22 ./App/ap.o
 .debug_macro   0x00000f19       0x8e ./App/ap.o
 .debug_macro   0x00000fa7       0x51 ./App/ap.o
 .debug_macro   0x00000ff8      0x103 ./App/ap.o
 .debug_macro   0x000010fb       0x6a ./App/ap.o
 .debug_macro   0x00001165      0x1df ./App/ap.o
 .debug_macro   0x00001344       0x58 ./App/ap.o
 .debug_macro   0x0000139c       0x61 ./App/ap.o
 .debug_macro   0x000013fd       0x24 ./App/ap.o
 .debug_macro   0x00001421       0x43 ./App/ap.o
 .debug_macro   0x00001464       0x34 ./App/ap.o
 .debug_macro   0x00001498       0x16 ./App/ap.o
 .debug_macro   0x000014ae       0x9e ./App/ap.o
 .debug_macro   0x0000154c      0x370 ./App/ap.o
 .debug_macro   0x000018bc      0x112 ./App/ap.o
 .debug_macro   0x000019ce       0x16 ./App/ap.o
 .debug_macro   0x000019e4       0x4a ./App/ap.o
 .debug_macro   0x00001a2e       0x34 ./App/ap.o
 .debug_macro   0x00001a62       0x10 ./App/ap.o
 .debug_macro   0x00001a72       0x58 ./App/ap.o
 .debug_macro   0x00001aca       0x8e ./App/ap.o
 .debug_macro   0x00001b58       0x1c ./App/ap.o
 .debug_macro   0x00001b74      0x185 ./App/ap.o
 .debug_macro   0x00001cf9       0x16 ./App/ap.o
 .debug_macro   0x00001d0f       0x16 ./App/ap.o
 .debug_macro   0x00001d25      0x146 ./App/ap.o
 .debug_macro   0x00001e6b       0x16 ./App/ap.o
 .debug_macro   0x00001e81       0x3c ./App/ap.o
 .debug_macro   0x00001ebd       0x20 ./App/ap.o
 .debug_macro   0x00001edd       0x16 ./App/ap.o
 .debug_macro   0x00001ef3       0x16 ./App/ap.o
 .debug_macro   0x00001f09       0x29 ./App/ap.o
 .debug_macro   0x00001f32       0x2e ./App/ap.o
 .debug_macro   0x00001f60       0x28 ./App/ap.o
 .debug_macro   0x00001f88       0x1c ./App/ap.o
 .debug_macro   0x00001fa4       0x22 ./App/ap.o
 .debug_macro   0x00001fc6       0xd1 ./App/ap.o
 .debug_macro   0x00002097      0x4da ./App/ap.o
 .debug_macro   0x00002571      0x11f ./App/ap.o
 .debug_macro   0x00002690     0x93cf ./App/ap.o
 .debug_macro   0x0000ba5f       0x6d ./App/ap.o
 .debug_macro   0x0000bacc      0x175 ./App/ap.o
 .debug_macro   0x0000bc41       0xf5 ./App/ap.o
 .debug_macro   0x0000bd36     0x3440 ./App/ap.o
 .debug_macro   0x0000f176       0x55 ./App/ap.o
 .debug_macro   0x0000f1cb      0x374 ./App/ap.o
 .debug_macro   0x0000f53f      0xb47 ./App/ap.o
 .debug_macro   0x00010086      0x145 ./App/ap.o
 .debug_macro   0x000101cb      0x15f ./App/ap.o
 .debug_macro   0x0001032a      0x19d ./App/ap.o
 .debug_macro   0x000104c7      0x264 ./App/ap.o
 .debug_macro   0x0001072b      0x17e ./App/ap.o
 .debug_macro   0x000108a9       0x43 ./App/ap.o
 .debug_macro   0x000108ec      0x1f1 ./App/ap.o
 .debug_macro   0x00010add      0x91d ./App/ap.o
 .debug_macro   0x000113fa      0x5d7 ./App/ap.o
 .debug_macro   0x000119d1       0x2e ./App/ap.o
 .debug_macro   0x000119ff      0x1b1 ./App/ap.o
 .debug_macro   0x00011bb0      0x37c ./App/ap.o
 .debug_macro   0x00011f2c       0x28 ./App/ap.o
 .debug_macro   0x00011f54       0xb3 ./App/ap.o
 .debug_macro   0x00012007      0x104 ./App/ap.o
 .debug_macro   0x0001210b       0xf6 ./App/ap.o
 .debug_macro   0x00012201      0x2b8 ./App/ap.o
 .debug_macro   0x000124b9      0x116 ./App/ap.o
 .debug_macro   0x000125cf       0xeb ./App/ap.o
 .debug_macro   0x000126ba      0xaa6 ./App/ap.o
 .debug_macro   0x00013160       0xd9 ./App/ap.o
 .debug_macro   0x00013239      0x67e ./App/ap.o
 .debug_macro   0x000138b7       0xa6 ./App/ap.o
 .debug_macro   0x0001395d      0x3a9 ./App/ap.o
 .debug_macro   0x00013d06      0x130 ./App/ap.o
 .debug_macro   0x00013e36      0x16a ./App/ap.o
 .debug_macro   0x00013fa0      0x179 ./App/ap.o
 .debug_macro   0x00014119       0x41 ./App/ap.o
 .debug_macro   0x0001415a      0x152 ./App/ap.o
 .debug_macro   0x000142ac      0x2e3 ./App/ap.o
 .debug_macro   0x0001458f      0x185 ./App/ap.o
 .debug_macro   0x00014714      0x166 ./App/ap.o
 .debug_macro   0x0001487a       0x40 ./App/ap.o
 .debug_macro   0x000148ba       0x10 ./App/ap.o
 .debug_macro   0x000148ca       0x10 ./App/ap.o
 .debug_macro   0x000148da      0x3c9 ./App/src/adc.o
 .debug_macro   0x00014ca3      0x3d9 ./App/src/button.o
 .debug_macro   0x0001507c      0x3d8 ./App/src/cli.o
 .debug_macro   0x00015454      0x3d3 ./App/src/led.o
 .debug_macro   0x00015827      0x3c9 ./App/src/pwm.o
 .debug_macro   0x00015bf0      0x3d3 ./App/src/rtc.o
 .debug_macro   0x00015fc3      0x3cf ./App/src/swtimer.o
 .debug_macro   0x00016392      0x3d5 ./App/src/uart.o
 .debug_macro   0x00016767      0x3c9 ./App/src/utils.o
 .debug_macro   0x00016b30      0x421 ./Core/Src/main.o
 .debug_macro   0x00016f51      0x190 ./Core/Src/main.o
 .debug_macro   0x000170e1       0x5b ./Core/Src/main.o
 .debug_macro   0x0001713c      0x271 ./Core/Src/stm32c0xx_hal_msp.o
 .debug_macro   0x000173ad      0x27b ./Core/Src/stm32c0xx_it.o
 .debug_macro   0x00017628      0x112 ./Core/Src/sysmem.o
 .debug_macro   0x0001773a      0x23c ./Core/Src/sysmem.o
 .debug_macro   0x00017976      0x217 ./Core/Src/system_stm32c0xx.o
 .debug_macro   0x00017b8d      0x22f ./Drivers/STM32C0xx_HAL_Driver/Src/stm32c0xx_hal.o
 .debug_macro   0x00017dbc      0x235 ./Drivers/STM32C0xx_HAL_Driver/Src/stm32c0xx_hal_adc.o
 .debug_macro   0x00017ff1      0x21d ./Drivers/STM32C0xx_HAL_Driver/Src/stm32c0xx_hal_adc_ex.o
 .debug_macro   0x0001820e      0x211 ./Drivers/STM32C0xx_HAL_Driver/Src/stm32c0xx_hal_cortex.o
 .debug_macro   0x0001841f      0x211 ./Drivers/STM32C0xx_HAL_Driver/Src/stm32c0xx_hal_dma.o
 .debug_macro   0x00018630      0x246 ./Drivers/STM32C0xx_HAL_Driver/Src/stm32c0xx_hal_gpio.o
 .debug_macro   0x00018876      0x241 ./Drivers/STM32C0xx_HAL_Driver/Src/stm32c0xx_hal_rcc.o
 .debug_macro   0x00018ab7      0x211 ./Drivers/STM32C0xx_HAL_Driver/Src/stm32c0xx_hal_rtc.o
 .debug_macro   0x00018cc8      0x219 ./Drivers/STM32C0xx_HAL_Driver/Src/stm32c0xx_hal_tim.o
 .debug_macro   0x00018ee1      0x217 ./Drivers/STM32C0xx_HAL_Driver/Src/stm32c0xx_hal_tim_ex.o
 .debug_macro   0x000190f8      0x22e ./Drivers/STM32C0xx_HAL_Driver/Src/stm32c0xx_hal_uart.o
 .debug_macro   0x00019326      0x21d ./Drivers/STM32C0xx_HAL_Driver/Src/stm32c0xx_hal_uart_ex.o
 .debug_macro   0x00019543      0x249 ./Drivers/STM32C0xx_HAL_Driver/Src/stm32c0xx_ll_utils.o
 .debug_macro   0x0001978c       0x3b ./Drivers/STM32C0xx_HAL_Driver/Src/stm32c0xx_ll_utils.o

.debug_line     0x00000000    0x21b52
 .debug_line    0x00000000      0xc69 ./App/ap.o
 .debug_line    0x00000c69      0xae0 ./App/src/adc.o
 .debug_line    0x00001749      0xb44 ./App/src/button.o
 .debug_line    0x0000228d      0xcf8 ./App/src/cli.o
 .debug_line    0x00002f85      0xb44 ./App/src/led.o
 .debug_line    0x00003ac9      0xae5 ./App/src/pwm.o
 .debug_line    0x000045ae      0xea4 ./App/src/rtc.o
 .debug_line    0x00005452      0xc77 ./App/src/swtimer.o
 .debug_line    0x000060c9      0xbff ./App/src/uart.o
 .debug_line    0x00006cc8      0xaad ./App/src/utils.o
 .debug_line    0x00007775     0x1210 ./Core/Src/main.o
 .debug_line    0x00008985      0xd3b ./Core/Src/stm32c0xx_hal_msp.o
 .debug_line    0x000096c0      0x926 ./Core/Src/stm32c0xx_it.o
 .debug_line    0x00009fe6      0x5b6 ./Core/Src/sysmem.o
 .debug_line    0x0000a59c      0x85c ./Core/Src/system_stm32c0xx.o
 .debug_line    0x0000adf8       0x7d ./Core/Startup/startup_stm32c031c6tx.o
 .debug_line    0x0000ae75      0xbc3 ./Drivers/STM32C0xx_HAL_Driver/Src/stm32c0xx_hal.o
 .debug_line    0x0000ba38     0x20a3 ./Drivers/STM32C0xx_HAL_Driver/Src/stm32c0xx_hal_adc.o
 .debug_line    0x0000dadb      0xbf5 ./Drivers/STM32C0xx_HAL_Driver/Src/stm32c0xx_hal_adc_ex.o
 .debug_line    0x0000e6d0      0xcc9 ./Drivers/STM32C0xx_HAL_Driver/Src/stm32c0xx_hal_cortex.o
 .debug_line    0x0000f399     0x1181 ./Drivers/STM32C0xx_HAL_Driver/Src/stm32c0xx_hal_dma.o
 .debug_line    0x0001051a      0xd4c ./Drivers/STM32C0xx_HAL_Driver/Src/stm32c0xx_hal_gpio.o
 .debug_line    0x00011266     0x10f1 ./Drivers/STM32C0xx_HAL_Driver/Src/stm32c0xx_hal_rcc.o
 .debug_line    0x00012357     0x1499 ./Drivers/STM32C0xx_HAL_Driver/Src/stm32c0xx_hal_rtc.o
 .debug_line    0x000137f0     0x51d8 ./Drivers/STM32C0xx_HAL_Driver/Src/stm32c0xx_hal_tim.o
 .debug_line    0x000189c8     0x23df ./Drivers/STM32C0xx_HAL_Driver/Src/stm32c0xx_hal_tim_ex.o
 .debug_line    0x0001ada7     0x5323 ./Drivers/STM32C0xx_HAL_Driver/Src/stm32c0xx_hal_uart.o
 .debug_line    0x000200ca     0x1122 ./Drivers/STM32C0xx_HAL_Driver/Src/stm32c0xx_hal_uart_ex.o
 .debug_line    0x000211ec      0x966 ./Drivers/STM32C0xx_HAL_Driver/Src/stm32c0xx_ll_utils.o

.debug_str      0x00000000    0x92bae
 .debug_str     0x00000000    0x92bae ./App/ap.o
                              0x8d738 (size before relaxing)
 .debug_str     0x00092bae    0x8dad5 ./App/src/adc.o
 .debug_str     0x00092bae    0x8d5c0 ./App/src/button.o
 .debug_str     0x00092bae    0x8d6c3 ./App/src/cli.o
 .debug_str     0x00092bae    0x8d570 ./App/src/led.o
 .debug_str     0x00092bae    0x8db85 ./App/src/pwm.o
 .debug_str     0x00092bae    0x8d91b ./App/src/rtc.o
 .debug_str     0x00092bae    0x8dc58 ./App/src/swtimer.o
 .debug_str     0x00092bae    0x8db7d ./App/src/uart.o
 .debug_str     0x00092bae    0x8d53b ./App/src/utils.o
 .debug_str     0x00092bae    0x8e977 ./Core/Src/main.o
 .debug_str     0x00092bae    0x8abcd ./Core/Src/stm32c0xx_hal_msp.o
 .debug_str     0x00092bae    0x8a097 ./Core/Src/stm32c0xx_it.o
 .debug_str     0x00092bae     0x767b ./Core/Src/sysmem.o
 .debug_str     0x00092bae    0x84ed7 ./Core/Src/system_stm32c0xx.o
 .debug_str     0x00092bae       0x6d ./Core/Startup/startup_stm32c031c6tx.o
 .debug_str     0x00092bae    0x85540 ./Drivers/STM32C0xx_HAL_Driver/Src/stm32c0xx_hal.o
 .debug_str     0x00092bae    0x85cab ./Drivers/STM32C0xx_HAL_Driver/Src/stm32c0xx_hal_adc.o
 .debug_str     0x00092bae    0x85659 ./Drivers/STM32C0xx_HAL_Driver/Src/stm32c0xx_hal_adc_ex.o
 .debug_str     0x00092bae    0x852f0 ./Drivers/STM32C0xx_HAL_Driver/Src/stm32c0xx_hal_cortex.o
 .debug_str     0x00092bae    0x8535c ./Drivers/STM32C0xx_HAL_Driver/Src/stm32c0xx_hal_dma.o
 .debug_str     0x00092bae    0x850cf ./Drivers/STM32C0xx_HAL_Driver/Src/stm32c0xx_hal_gpio.o
 .debug_str     0x00092bae    0x854c2 ./Drivers/STM32C0xx_HAL_Driver/Src/stm32c0xx_hal_rcc.o
 .debug_str     0x00092bae    0x852f3 ./Drivers/STM32C0xx_HAL_Driver/Src/stm32c0xx_hal_rtc.o
 .debug_str     0x00092bae    0x863ff ./Drivers/STM32C0xx_HAL_Driver/Src/stm32c0xx_hal_tim.o
 .debug_str     0x00092bae    0x85d8d ./Drivers/STM32C0xx_HAL_Driver/Src/stm32c0xx_hal_tim_ex.o
 .debug_str     0x00092bae    0x85e35 ./Drivers/STM32C0xx_HAL_Driver/Src/stm32c0xx_hal_uart.o