17:25:15 **** Incremental Build of configuration Debug for project stm32c0_button ****
make -j12 all 
arm-none-eabi-gcc "../Core/Src/main.c" -mcpu=cortex-m0plus -std=gnu11 -g3 -DDEBUG -DUSE_HAL_DRIVER -DSTM32C031xx -c -I../Core/Inc -I../Drivers/STM32C0xx_HAL_Driver/Inc -I../Drivers/STM32C0xx_HAL_Driver/Inc/Legacy -I../Drivers/CMSIS/Device/ST/STM32C0xx/Include -I../Drivers/CMSIS/Include -I"C:/repos/stm32/stm32c0_button/App/include" -I"C:/repos/stm32/stm32c0_button/App/src" -I"C:/repos/stm32/stm32c0_button/App" -O0 -ffunction-sections -fdata-sections -Wall -fstack-usage -fcyclomatic-complexity -MMD -MP -MF"Core/Src/main.d" -MT"Core/Src/main.o" --specs=nano.specs -mfloat-abi=soft -mthumb -o "Core/Src/main.o"
arm-none-eabi-gcc "../App/src/adc.c" -mcpu=cortex-m0plus -std=gnu11 -g3 -DDEBUG -DUSE_HAL_DRIVER -DSTM32C031xx -c -I../Core/Inc -I../Drivers/STM32C0xx_HAL_Driver/Inc -I../Drivers/STM32C0xx_HAL_Driver/Inc/Legacy -I../Drivers/CMSIS/Device/ST/STM32C0xx/Include -I../Drivers/CMSIS/Include -I"C:/repos/stm32/stm32c0_button/App/include" -I"C:/repos/stm32/stm32c0_button/App/src" -I"C:/repos/stm32/stm32c0_button/App" -O0 -ffunction-sections -fdata-sections -Wall -fstack-usage -fcyclomatic-complexity -MMD -MP -MF"App/src/adc.d" -MT"App/src/adc.o" --specs=nano.specs -mfloat-abi=soft -mthumb -o "App/src/adc.o"
arm-none-eabi-gcc "../App/src/button.c" -mcpu=cortex-m0plus -std=gnu11 -g3 -DDEBUG -DUSE_HAL_DRIVER -DSTM32C031xx -c -I../Core/Inc -I../Drivers/STM32C0xx_HAL_Driver/Inc -I../Drivers/STM32C0xx_HAL_Driver/Inc/Legacy -I../Drivers/CMSIS/Device/ST/STM32C0xx/Include -I../Drivers/CMSIS/Include -I"C:/repos/stm32/stm32c0_button/App/include" -I"C:/repos/stm32/stm32c0_button/App/src" -I"C:/repos/stm32/stm32c0_button/App" -O0 -ffunction-sections -fdata-sections -Wall -fstack-usage -fcyclomatic-complexity -MMD -MP -MF"App/src/button.d" -MT"App/src/button.o" --specs=nano.specs -mfloat-abi=soft -mthumb -o "App/src/button.o"
arm-none-eabi-gcc "../App/src/led.c" -mcpu=cortex-m0plus -std=gnu11 -g3 -DDEBUG -DUSE_HAL_DRIVER -DSTM32C031xx -c -I../Core/Inc -I../Drivers/STM32C0xx_HAL_Driver/Inc -I../Drivers/STM32C0xx_HAL_Driver/Inc/Legacy -I../Drivers/CMSIS/Device/ST/STM32C0xx/Include -I../Drivers/CMSIS/Include -I"C:/repos/stm32/stm32c0_button/App/include" -I"C:/repos/stm32/stm32c0_button/App/src" -I"C:/repos/stm32/stm32c0_button/App" -O0 -ffunction-sections -fdata-sections -Wall -fstack-usage -fcyclomatic-complexity -MMD -MP -MF"App/src/led.d" -MT"App/src/led.o" --specs=nano.specs -mfloat-abi=soft -mthumb -o "App/src/led.o"
arm-none-eabi-gcc "../App/src/pwm.c" -mcpu=cortex-m0plus -std=gnu11 -g3 -DDEBUG -DUSE_HAL_DRIVER -DSTM32C031xx -c -I../Core/Inc -I../Drivers/STM32C0xx_HAL_Driver/Inc -I../Drivers/STM32C0xx_HAL_Driver/Inc/Legacy -I../Drivers/CMSIS/Device/ST/STM32C0xx/Include -I../Drivers/CMSIS/Include -I"C:/repos/stm32/stm32c0_button/App/include" -I"C:/repos/stm32/stm32c0_button/App/src" -I"C:/repos/stm32/stm32c0_button/App" -O0 -ffunction-sections -fdata-sections -Wall -fstack-usage -fcyclomatic-complexity -MMD -MP -MF"App/src/pwm.d" -MT"App/src/pwm.o" --specs=nano.specs -mfloat-abi=soft -mthumb -o "App/src/pwm.o"
arm-none-eabi-gcc "../App/src/utils.c" -mcpu=cortex-m0plus -std=gnu11 -g3 -DDEBUG -DUSE_HAL_DRIVER -DSTM32C031xx -c -I../Core/Inc -I../Drivers/STM32C0xx_HAL_Driver/Inc -I../Drivers/STM32C0xx_HAL_Driver/Inc/Legacy -I../Drivers/CMSIS/Device/ST/STM32C0xx/Include -I../Drivers/CMSIS/Include -I"C:/repos/stm32/stm32c0_button/App/include" -I"C:/repos/stm32/stm32c0_button/App/src" -I"C:/repos/stm32/stm32c0_button/App" -O0 -ffunction-sections -fdata-sections -Wall -fstack-usage -fcyclomatic-complexity -MMD -MP -MF"App/src/utils.d" -MT"App/src/utils.o" --specs=nano.specs -mfloat-abi=soft -mthumb -o "App/src/utils.o"
arm-none-eabi-gcc "../App/ap.c" -mcpu=cortex-m0plus -std=gnu11 -g3 -DDEBUG -DUSE_HAL_DRIVER -DSTM32C031xx -c -I../Core/Inc -I../Drivers/STM32C0xx_HAL_Driver/Inc -I../Drivers/STM32C0xx_HAL_Driver/Inc/Legacy -I../Drivers/CMSIS/Device/ST/STM32C0xx/Include -I../Drivers/CMSIS/Include -I"C:/repos/stm32/stm32c0_button/App/include" -I"C:/repos/stm32/stm32c0_button/App/src" -I"C:/repos/stm32/stm32c0_button/App" -O0 -ffunction-sections -fdata-sections -Wall -fstack-usage -fcyclomatic-complexity -MMD -MP -MF"App/ap.d" -MT"App/ap.o" --specs=nano.specs -mfloat-abi=soft -mthumb -o "App/ap.o"
arm-none-eabi-gcc -o "stm32c0_button.elf" @"objects.list"   -mcpu=cortex-m0plus -T"C:\repos\stm32\stm32c0_button\STM32C031C6TX_FLASH.ld" --specs=nosys.specs -Wl,-Map="stm32c0_button.map" -Wl,--gc-sections -static --specs=nano.specs -mfloat-abi=soft -mthumb -Wl,--start-group -lc -lm -Wl,--end-group
Finished building target: stm32c0_button.elf
 
arm-none-eabi-size  stm32c0_button.elf 
arm-none-eabi-objdump -h -S stm32c0_button.elf  > "stm32c0_button.list"
   text	   data	    bss	    dec	    hex	filename
  16776	     16	   1864	  18656	   48e0	stm32c0_button.elf
Finished building: default.size.stdout
 
Finished building: stm32c0_button.list
 

17:25:17 Build Finished. 0 errors, 0 warnings. (took 1s.422ms)

