16:30:26 **** Incremental Build of configuration Debug for project stm32c0_adc_scan_dma ****
make -j12 all 
arm-none-eabi-gcc "../App/src/button.c" -mcpu=cortex-m0plus -std=gnu11 -g3 -DDEBUG -DUSE_HAL_DRIVER -DSTM32C031xx -c -I../Core/Inc -I../Drivers/STM32C0xx_HAL_Driver/Inc -I../Drivers/STM32C0xx_HAL_Driver/Inc/Legacy -I../Drivers/CMSIS/Device/ST/STM32C0xx/Include -I../Drivers/CMSIS/Include -I"C:/repos/stm32/stm32c0_adc_scan_dma/App/include" -I"C:/repos/stm32/stm32c0_adc_scan_dma/App/src" -I"C:/repos/stm32/stm32c0_adc_scan_dma/App" -O0 -ffunction-sections -fdata-sections -Wall -fstack-usage -fcyclomatic-complexity -MMD -MP -MF"App/src/button.d" -MT"App/src/button.o" --specs=nano.specs -mfloat-abi=soft -mthumb -o "App/src/button.o"
arm-none-eabi-gcc -o "stm32c0_adc_scan_dma.elf" @"objects.list"   -mcpu=cortex-m0plus -T"C:\repos\stm32\stm32c0_adc_scan_dma\STM32C031C6TX_FLASH.ld" --specs=nosys.specs -Wl,-Map="stm32c0_adc_scan_dma.map" -Wl,--gc-sections -static --specs=nano.specs -mfloat-abi=soft -mthumb -Wl,--start-group -lc -lm -Wl,--end-group
Finished building target: stm32c0_adc_scan_dma.elf
 
arm-none-eabi-size  stm32c0_adc_scan_dma.elf 
arm-none-eabi-objdump -h -S stm32c0_adc_scan_dma.elf  > "stm32c0_adc_scan_dma.list"
   text	   data	    bss	    dec	    hex	filename
  16568	     16	   1856	  18440	   4808	stm32c0_adc_scan_dma.elf
Finished building: default.size.stdout
 
Finished building: stm32c0_adc_scan_dma.list
 

16:30:27 Build Finished. 0 errors, 0 warnings. (took 867ms)

